******************************************************************************
                  TI ARM Linker Unix v20.2.7                   
******************************************************************************
>> Linked Thu Apr 20 18:22:05 2023

OUTPUT FILE NAME:   <Emb2_Project.out>
ENTRY POINT SYMBOL: "_c_int00_noargs"  address: 00004aa1


MEMORY CONFIGURATION

         name            origin    length      used     unused   attr    fill
----------------------  --------  ---------  --------  --------  ----  --------
  FLASH                 00000000   00040000  00004f24  0003b0dc  R  X
  SRAM                  20000000   00008000  00002132  00005ece  RW X


SEGMENT ALLOCATION MAP

run origin  load origin   length   init length attrs members
----------  ----------- ---------- ----------- ----- -------
00000000    00000000    00004f28   00004f28    r-x
  00000000    00000000    0000026c   0000026c    r-- .intvecs
  0000026c    0000026c    00004a88   00004a88    r-x .text
  00004cf8    00004cf8    000001e0   000001e0    r-- .const
  00004ed8    00004ed8    00000050   00000050    r-- .cinit
20000000    20000000    00002134   00000000    rw-
  20000000    20000000    00002000   00000000    rw- .stack
  20002000    20002000    000000da   00000000    rw- .data
  200020dc    200020dc    00000058   00000000    rw- .bss


SECTION ALLOCATION MAP

 output                                  attributes/
section   page    origin      length       input sections
--------  ----  ----------  ----------   ----------------
.intvecs   0    00000000    0000026c     
                  00000000    0000026c     tm4c123gh6pm_startup_ccs.obj (.intvecs)

.text      0    0000026c    00004a88     
                  0000026c    00000b14     rtsv7M4_T_le_v4SPD16_eabi.lib : _scanfi.c.obj (.text:__TI_scanfi)
                  00000d80    00000a4e                                   : _printfi.c.obj (.text:__TI_printfi)
                  000017ce    00000002                                   : div0.asm.obj (.text)
                  000017d0    000009d0     main.obj (.text)
                  000021a0    000004b8     userInterface.obj (.text)
                  00002658    0000047c     gpio.obj (.text)
                  00002ad4    00000460     rtsv7M4_T_le_v4SPD16_eabi.lib : strtod.c.obj (.text:strtod)
                  00002f34    00000270                                   : _printfi.c.obj (.text:_pconv_a)
                  000031a4    000001dc                                   : strtoll.c.obj (.text:strtoll)
                  00003380    000001d0                                   : _printfi.c.obj (.text:_pconv_g)
                  00003550    000001b6                                   : fd_add_t2.asm.obj (.text)
                  00003706    00000002     --HOLE-- [fill = 0]
                  00003708    0000015c                                   : strtoull.c.obj (.text:strtoull)
                  00003864    0000013c                                   : _printfi.c.obj (.text:_pconv_e)
                  000039a0    00000136                                   : fd_div_t2.asm.obj (.text)
                  00003ad6    00000002     --HOLE-- [fill = 0]
                  00003ad8    00000130                                   : strtol.c.obj (.text:strtol)
                  00003c08    00000124                                   : _printfi.c.obj (.text:fcvt)
                  00003d2c    00000110                                   : s_scalbn.c.obj (.text:scalbn)
                  00003e3c    00000110                                   : strtoul.c.obj (.text:strtoul)
                  00003f4c    000000fc                                   : fd_mul_t2.asm.obj (.text)
                  00004048    000000d4     uart0.obj (.text)
                  0000411c    000000b1     rtsv7M4_T_le_v4SPD16_eabi.lib : _printfi.c.obj (.text:_ltostr)
                  000041cd    00000001     --HOLE-- [fill = 0]
                  000041ce    0000009c                                   : memcpy_t2.asm.obj (.text)
                  0000426a    00000096                                   : ull_div_t2.asm.obj (.text)
                  00004300    00000086                                   : fd_cmp_t2.asm.obj (.text:__aeabi_cdcmple)
                  00004386    00000086                                   : fd_cmp_t2.asm.obj (.text:__aeabi_cdrcmple)
                  0000440c    0000007a                                   : memset_t2.asm.obj (.text)
                  00004486    00000002     --HOLE-- [fill = 0]
                  00004488    00000078     adc0.obj (.text)
                  00004500    0000006e     rtsv7M4_T_le_v4SPD16_eabi.lib : _printfi.c.obj (.text:_mcpy)
                  0000456e    0000006e                                   : fd_tos_t2.asm.obj (.text)
                  000045dc    0000006c     nvic.obj (.text)
                  00004648    00000068     rtsv7M4_T_le_v4SPD16_eabi.lib : sscanf.c.obj (.text:_chkmbc)
                  000046b0    00000068                                   : copy_decompress_lzss.c.obj (.text:decompress:lzss:__TI_decompress_lzss)
                  00004718    00000064                                   : s_frexp.c.obj (.text:frexp)
                  0000477c    00000056                                   : _printfi.c.obj (.text:_pconv_f)
                  000047d2    00000054                                   : _ltoa.c.obj (.text:__TI_ltoa)
                  00004826    00000052                                   : _printfi.c.obj (.text:_ecpy)
                  00004878    0000004c                                   : atoi.c.obj (.text:atoi)
                  000048c4    0000004c     eeprom.obj (.text)
                  00004910    0000004c     rtsv7M4_T_le_v4SPD16_eabi.lib : snprintf.c.obj (.text:snprintf)
                  0000495c    00000048                                   : fd_toi_t2.asm.obj (.text)
                  000049a4    00000044                                   : autoinit.c.obj (.text:__TI_auto_init_nobinit_nopinit:__TI_auto_init_nobinit_nopinit)
                  000049e8    00000040                                   : strtok.c.obj (.text:strtok)
                  00004a28    0000003e                                   : _printfi.c.obj (.text:_fcpy)
                  00004a66    00000002     --HOLE-- [fill = 0]
                  00004a68    00000038                                   : sscanf.c.obj (.text:sscanf)
                  00004aa0    00000034                                   : boot_cortex_m.c.obj (.text:_c_int00_noargs:_c_int00_noargs)
                  00004ad4    00000030                                   : snprintf.c.obj (.text:_outs)
                  00004b04    0000002e                                   : i_tofd_t2.asm.obj (.text)
                  00004b32    0000002a                                   : strspn.c.obj (.text:strspn)
                  00004b5c    00000024                                   : strcspn.c.obj (.text:strcspn)
                  00004b80    0000001c                                   : copy_zero_init.c.obj (.text:decompress:ZI:__TI_zero_init_nomemset:__TI_zero_init_nomemset)
                  00004b9c    0000001c                                   : memccpy.c.obj (.text:memccpy)
                  00004bb8    0000001c     wait.obj (.text)
                  00004bd4    0000001a     rtsv7M4_T_le_v4SPD16_eabi.lib : s_copysign.c.obj (.text:copysign)
                  00004bee    00000018                                   : snprintf.c.obj (.text:_outc)
                  00004c06    00000018                                   : ll_mul_t2.asm.obj (.text)
                  00004c1e    00000018                                   : strcmp.c.obj (.text:strcmp)
                  00004c36    00000018                                   : strrchr.c.obj (.text:strrchr)
                  00004c4e    00000016                                   : strchr.c.obj (.text:strchr)
                  00004c64    00000014                                   : strcpy.c.obj (.text:strcpy)
                  00004c78    00000014                                   : strlen.c.obj (.text:strlen)
                  00004c8c    00000012                                   : sscanf.c.obj (.text:_inpchar)
                  00004c9e    00000012                                   : wcslen.c.obj (.text:wcslen)
                  00004cb0    00000010     clock.obj (.text)
                  00004cc0    0000000e     rtsv7M4_T_le_v4SPD16_eabi.lib : copy_decompress_none.c.obj (.text:decompress:none:__TI_decompress_none)
                  00004cce    0000000c     tm4c123gh6pm_startup_ccs.obj (.text)
                  00004cda    00000002     --HOLE-- [fill = 0]
                  00004cdc    00000008     rtsv7M4_T_le_v4SPD16_eabi.lib : errno.c.obj (.text:__aeabi_errno_addr)
                  00004ce4    00000008                                   : sscanf.c.obj (.text:_uninpchar)
                  00004cec    00000004                                   : pre_init.c.obj (.text:_system_pre_init)
                  00004cf0    00000004                                   : exit.c.obj (.text:abort:abort)

.const     0    00004cf8    000001e0     
                  00004cf8    00000101     rtsv7M4_T_le_v4SPD16_eabi.lib : ctype.c.obj (.const:.string:_ctypes_)
                  00004df9    00000007     --HOLE-- [fill = 0]
                  00004e00    000000c8                                   : strtod.c.obj (.const:$O1$$)
                  00004ec8    00000010                                   : _scanfi.c.obj (.const:$O1$$)

.cinit     0    00004ed8    00000050     
                  00004ed8    0000002b     (.cinit..data.load) [load image, compression = lzss]
                  00004f03    00000001     --HOLE-- [fill = 0]
                  00004f04    0000000c     (__TI_handler_table)
                  00004f10    00000008     (.cinit..bss.load) [load image, compression = zero_init]
                  00004f18    00000010     (__TI_cinit_table)

.init_array 
*          0    00000000    00000000     UNINITIALIZED

.data      0    20002000    000000da     UNINITIALIZED
                  20002000    00000044     main.obj (.data)
                  20002044    00000024     main.obj (.data:peekDetectionOrder)
                  20002068    00000020     main.obj (.data:mic1Samples)
                  20002088    00000020     main.obj (.data:mic2Samples)
                  200020a8    00000020     main.obj (.data:mic3Samples)
                  200020c8    00000008     main.obj (.data:angles)
                  200020d0    00000004     rtsv7M4_T_le_v4SPD16_eabi.lib : errno.c.obj (.data)
                  200020d4    00000004                                   : strtok.c.obj (.data)
                  200020d8    00000002     userInterface.obj (.data)

.bss       0    200020dc    00000058     UNINITIALIZED
                  200020dc    00000054     (.common:strInput)
                  20002130    00000004     (.common:token)

.stack     0    20000000    00002000     UNINITIALIZED
                  20000000    00000004     rtsv7M4_T_le_v4SPD16_eabi.lib : boot_cortex_m.c.obj (.stack)
                  20000004    00001ffc     --HOLE--

__llvm_prf_cnts 
*          0    20000000    00000000     UNINITIALIZED

MODULE SUMMARY

       Module                         code    ro data   rw data
       ------                         ----    -------   -------
    ./
       main.obj                       2512    0         208    
       userInterface.obj              1208    0         90     
       gpio.obj                       1148    0         0      
       tm4c123gh6pm_startup_ccs.obj   12      620       0      
       uart0.obj                      212     0         0      
       adc0.obj                       120     0         0      
       nvic.obj                       108     0         0      
       eeprom.obj                     76      0         0      
       wait.obj                       28      0         0      
       clock.obj                      16      0         0      
    +--+------------------------------+-------+---------+---------+
       Total:                         5440    620       298    
                                                               
    /home/sadhan/ti/ccs1210/ccs/tools/compiler/ti-cgt-arm_20.2.7.LTS/lib/rtsv7M4_T_le_v4SPD16_eabi.lib
       _printfi.c.obj                 4851    0         0      
       _scanfi.c.obj                  2836    16        0      
       strtod.c.obj                   1120    200       0      
       strtoll.c.obj                  476     0         0      
       fd_add_t2.asm.obj              438     0         0      
       strtoull.c.obj                 348     0         0      
       fd_div_t2.asm.obj              310     0         0      
       strtol.c.obj                   304     0         0      
       s_scalbn.c.obj                 272     0         0      
       strtoul.c.obj                  272     0         0      
       fd_cmp_t2.asm.obj              268     0         0      
       ctype.c.obj                    0       257       0      
       fd_mul_t2.asm.obj              252     0         0      
       sscanf.c.obj                   186     0         0      
       memcpy_t2.asm.obj              156     0         0      
       ull_div_t2.asm.obj             150     0         0      
       snprintf.c.obj                 148     0         0      
       memset_t2.asm.obj              122     0         0      
       fd_tos_t2.asm.obj              110     0         0      
       copy_decompress_lzss.c.obj     104     0         0      
       s_frexp.c.obj                  100     0         0      
       _ltoa.c.obj                    84      0         0      
       atoi.c.obj                     76      0         0      
       fd_toi_t2.asm.obj              72      0         0      
       autoinit.c.obj                 68      0         0      
       strtok.c.obj                   64      0         4      
       boot_cortex_m.c.obj            52      0         0      
       i_tofd_t2.asm.obj              46      0         0      
       strspn.c.obj                   42      0         0      
       strcspn.c.obj                  36      0         0      
       copy_zero_init.c.obj           28      0         0      
       memccpy.c.obj                  28      0         0      
       s_copysign.c.obj               26      0         0      
       ll_mul_t2.asm.obj              24      0         0      
       strcmp.c.obj                   24      0         0      
       strrchr.c.obj                  24      0         0      
       strchr.c.obj                   22      0         0      
       strcpy.c.obj                   20      0         0      
       strlen.c.obj                   20      0         0      
       wcslen.c.obj                   18      0         0      
       copy_decompress_none.c.obj     14      0         0      
       errno.c.obj                    8       0         4      
       exit.c.obj                     4       0         0      
       pre_init.c.obj                 4       0         0      
       div0.asm.obj                   2       0         0      
    +--+------------------------------+-------+---------+---------+
       Total:                         13629   473       8      
                                                               
       Stack:                         0       0         8192   
       Linker Generated:              0       79        0      
    +--+------------------------------+-------+---------+---------+
       Grand Total:                   19069   1172      8498   


LINKER GENERATED COPY TABLES

__TI_cinit_table @ 00004f18 records: 2, size/record: 8, table size: 16
	.data: load addr=00004ed8, load size=0000002b bytes, run addr=20002000, run size=000000da bytes, compression=lzss
	.bss: load addr=00004f10, load size=00000008 bytes, run addr=200020dc, run size=00000058 bytes, compression=zero_init


LINKER GENERATED HANDLER TABLE

__TI_handler_table @ 00004f04 records: 3, size/record: 4, table size: 12
	index: 0, handler: __TI_decompress_lzss
	index: 1, handler: __TI_decompress_none
	index: 2, handler: __TI_zero_init


GLOBAL SYMBOLS: SORTED ALPHABETICALLY BY Name 

address   name                          
-------   ----                          
00004cf1  C$$EXIT                       
00004ccf  ResetISR                      
20002000  __STACK_END                   
00002000  __STACK_SIZE                  
20000200  __STACK_TOP                   
00004f18  __TI_CINIT_Base               
00004f28  __TI_CINIT_Limit              
00004f04  __TI_Handler_Table_Base       
00004f10  __TI_Handler_Table_Limit      
000049a5  __TI_auto_init_nobinit_nopinit
000046b1  __TI_decompress_lzss          
00004cc1  __TI_decompress_none          
000047d3  __TI_ltoa                     
ffffffff  __TI_pprof_out_hndl           
00000d81  __TI_printfi                  
ffffffff  __TI_prof_data_size           
ffffffff  __TI_prof_data_start          
0000026d  __TI_scanfi                   
00000000  __TI_static_base__            
00004b81  __TI_zero_init_nomemset       
00004301  __aeabi_cdcmpeq               
00004301  __aeabi_cdcmple               
00004387  __aeabi_cdrcmple              
0000456f  __aeabi_d2f                   
0000495d  __aeabi_d2iz                  
0000355b  __aeabi_dadd                  
000039a1  __aeabi_ddiv                  
00003f4d  __aeabi_dmul                  
00003551  __aeabi_dsub                  
00004cdd  __aeabi_errno_addr            
00004b05  __aeabi_i2d                   
000017cf  __aeabi_idiv0                 
000017cf  __aeabi_ldiv0                 
00004c07  __aeabi_lmul                  
0000440d  __aeabi_memclr                
0000440d  __aeabi_memclr4               
0000440d  __aeabi_memclr8               
000041cf  __aeabi_memcpy                
000041cf  __aeabi_memcpy4               
000041cf  __aeabi_memcpy8               
0000440f  __aeabi_memset                
0000440f  __aeabi_memset4               
0000440f  __aeabi_memset8               
0000426b  __aeabi_uldivmod              
ffffffff  __binit__                     
ffffffff  __c_args__                    
UNDEFED   __mpu_init                    
20000000  __stack                       
20000000  __start___llvm_prf_cnts       
20000000  __stop___llvm_prf_cnts        
00004aa1  _c_int00_noargs               
00004cf8  _ctypes_                      
UNDEFED   _system_post_cinit            
00004ced  _system_pre_init              
00004cf1  abort                         
20002024  adcTicks                      
20002028  adcTimeConstantFlag           
200020d9  alwaysEventAoa                
00002529  alwaysEvents                  
200020c8  angles                        
00001ee5  aoaAdc0InterruptHandler       
2000201e  aoaValue                      
0000222b  asciiToUint16                 
00004879  atoi                          
00001b4d  audioProcess                  
20002016  backOff                       
ffffffff  binit                         
20002002  calAvgNow                     
0000182b  calculateAvgs                 
00002ab9  clearPinInterrupt             
00004bd5  copysign                      
00004bd5  copysignl                     
200020d8  count                         
00004623  disableNvicInterrupt          
00002aad  disablePinInterrupt           
00002a97  disablePinPulldown            
00002a89  disablePinPullup              
00002a21  disablePort                   
000021d1  displayAvgs                   
00004609  enableNvicInterrupt           
000029e1  enablePinInterrupt            
000029d3  enablePinPulldown             
000029c5  enablePinPullup               
00002903  enablePort                    
200020d0  errno                         
00004719  frexp                         
00004719  frexpl                        
00000000  g_pfnVectors                  
000028f7  getPinValue                   
000028a3  getPortValue                  
000040fb  getcUart0                     
20002018  holdOff                       
20002029  holdOffFlag                   
2000201a  hysteresis                    
2000202a  hysteresisFlag                
20002000  idx                           
00004489  initAdc0                      
000017ff  initApp                       
000048f3  initEeprom                    
000017d1  initHw                        
00004cb1  initSystemClockTo40Mhz        
000040b1  initUart0                     
0000409f  kbhitUart0                    
00003d2d  ldexp                         
00003d2d  ldexpl                        
00001d61  main                          
00004b9d  memccpy                       
000041cf  memcpy                        
00004415  memset                        
20002068  mic1Samples                   
20002004  mic1SamplesAvg                
20002088  mic2Samples                   
20002008  mic2SamplesAvg                
200020a8  mic3Samples                   
2000200c  mic3SamplesAvg                
2000201d  partialSets                   
20002044  peekDetectionOrder            
20002034  peekTimeout                   
00002291  processShell                  
00004073  putcUart0                     
00004085  putsUart0                     
000048e1  readEeprom                    
2000202c  rolledIdx                     
00003d2d  scalbn                        
00003d2d  scalbnl                       
20002021  secondPeek                    
0000288b  selectPinAnalogInput          
00002873  selectPinDigitalInput         
00002861  selectPinInterruptBothEdges   
0000284d  selectPinInterruptFallingEdge 
0000283d  selectPinInterruptHighLevel   
0000282b  selectPinInterruptLowLevel    
00002815  selectPinInterruptRisingEdge  
000027ff  selectPinOpenDrainOutput      
000027e7  selectPinPushPullOutput       
000021c5  setBackOff                    
000021b9  setHoldoff                    
000021ad  setHysteresis                 
000045dd  setNvicInterruptPriority      
00002711  setPinAuxFunction             
000026b5  setPinCommitControl           
000026af  setPinValue                   
00002667  setPortValue                  
000021a1  setTimeConstant               
00004049  setUart0BaudRate              
00004911  snprintf                      
00004a69  sscanf                        
200020dc  strInput                      
00004c4f  strchr                        
00004c1f  strcmp                        
00004c65  strcpy                        
00004b5d  strcspn                       
00004c79  strlen                        
00004c37  strrchr                       
00004b33  strspn                        
00002ad5  strtod                        
000049e9  strtok                        
00003ad9  strtol                        
00002ad5  strtold                       
000031a5  strtoll                       
00003e3d  strtoul                       
00003709  strtoull                      
2000201c  tdoaEnable                    
20002030  threeSampleDetCount           
20002010  threshold                     
20002014  timeConstant                  
00002659  togglePinValue                
20002130  token                         
20002038  trash                         
00004bb9  waitMicrosecond               
00004c9f  wcslen                        
20002020  wherePeek                     
000048c5  writeEeprom                   


GLOBAL SYMBOLS: SORTED BY Symbol Address 

address   name                          
-------   ----                          
00000000  __TI_static_base__            
00000000  g_pfnVectors                  
0000026d  __TI_scanfi                   
00000d81  __TI_printfi                  
000017cf  __aeabi_idiv0                 
000017cf  __aeabi_ldiv0                 
000017d1  initHw                        
000017ff  initApp                       
0000182b  calculateAvgs                 
00001b4d  audioProcess                  
00001d61  main                          
00001ee5  aoaAdc0InterruptHandler       
00002000  __STACK_SIZE                  
000021a1  setTimeConstant               
000021ad  setHysteresis                 
000021b9  setHoldoff                    
000021c5  setBackOff                    
000021d1  displayAvgs                   
0000222b  asciiToUint16                 
00002291  processShell                  
00002529  alwaysEvents                  
00002659  togglePinValue                
00002667  setPortValue                  
000026af  setPinValue                   
000026b5  setPinCommitControl           
00002711  setPinAuxFunction             
000027e7  selectPinPushPullOutput       
000027ff  selectPinOpenDrainOutput      
00002815  selectPinInterruptRisingEdge  
0000282b  selectPinInterruptLowLevel    
0000283d  selectPinInterruptHighLevel   
0000284d  selectPinInterruptFallingEdge 
00002861  selectPinInterruptBothEdges   
00002873  selectPinDigitalInput         
0000288b  selectPinAnalogInput          
000028a3  getPortValue                  
000028f7  getPinValue                   
00002903  enablePort                    
000029c5  enablePinPullup               
000029d3  enablePinPulldown             
000029e1  enablePinInterrupt            
00002a21  disablePort                   
00002a89  disablePinPullup              
00002a97  disablePinPulldown            
00002aad  disablePinInterrupt           
00002ab9  clearPinInterrupt             
00002ad5  strtod                        
00002ad5  strtold                       
000031a5  strtoll                       
00003551  __aeabi_dsub                  
0000355b  __aeabi_dadd                  
00003709  strtoull                      
000039a1  __aeabi_ddiv                  
00003ad9  strtol                        
00003d2d  ldexp                         
00003d2d  ldexpl                        
00003d2d  scalbn                        
00003d2d  scalbnl                       
00003e3d  strtoul                       
00003f4d  __aeabi_dmul                  
00004049  setUart0BaudRate              
00004073  putcUart0                     
00004085  putsUart0                     
0000409f  kbhitUart0                    
000040b1  initUart0                     
000040fb  getcUart0                     
000041cf  __aeabi_memcpy                
000041cf  __aeabi_memcpy4               
000041cf  __aeabi_memcpy8               
000041cf  memcpy                        
0000426b  __aeabi_uldivmod              
00004301  __aeabi_cdcmpeq               
00004301  __aeabi_cdcmple               
00004387  __aeabi_cdrcmple              
0000440d  __aeabi_memclr                
0000440d  __aeabi_memclr4               
0000440d  __aeabi_memclr8               
0000440f  __aeabi_memset                
0000440f  __aeabi_memset4               
0000440f  __aeabi_memset8               
00004415  memset                        
00004489  initAdc0                      
0000456f  __aeabi_d2f                   
000045dd  setNvicInterruptPriority      
00004609  enableNvicInterrupt           
00004623  disableNvicInterrupt          
000046b1  __TI_decompress_lzss          
00004719  frexp                         
00004719  frexpl                        
000047d3  __TI_ltoa                     
00004879  atoi                          
000048c5  writeEeprom                   
000048e1  readEeprom                    
000048f3  initEeprom                    
00004911  snprintf                      
0000495d  __aeabi_d2iz                  
000049a5  __TI_auto_init_nobinit_nopinit
000049e9  strtok                        
00004a69  sscanf                        
00004aa1  _c_int00_noargs               
00004b05  __aeabi_i2d                   
00004b33  strspn                        
00004b5d  strcspn                       
00004b81  __TI_zero_init_nomemset       
00004b9d  memccpy                       
00004bb9  waitMicrosecond               
00004bd5  copysign                      
00004bd5  copysignl                     
00004c07  __aeabi_lmul                  
00004c1f  strcmp                        
00004c37  strrchr                       
00004c4f  strchr                        
00004c65  strcpy                        
00004c79  strlen                        
00004c9f  wcslen                        
00004cb1  initSystemClockTo40Mhz        
00004cc1  __TI_decompress_none          
00004ccf  ResetISR                      
00004cdd  __aeabi_errno_addr            
00004ced  _system_pre_init              
00004cf1  C$$EXIT                       
00004cf1  abort                         
00004cf8  _ctypes_                      
00004f04  __TI_Handler_Table_Base       
00004f10  __TI_Handler_Table_Limit      
00004f18  __TI_CINIT_Base               
00004f28  __TI_CINIT_Limit              
20000000  __stack                       
20000000  __start___llvm_prf_cnts       
20000000  __stop___llvm_prf_cnts        
20000200  __STACK_TOP                   
20002000  __STACK_END                   
20002000  idx                           
20002002  calAvgNow                     
20002004  mic1SamplesAvg                
20002008  mic2SamplesAvg                
2000200c  mic3SamplesAvg                
20002010  threshold                     
20002014  timeConstant                  
20002016  backOff                       
20002018  holdOff                       
2000201a  hysteresis                    
2000201c  tdoaEnable                    
2000201d  partialSets                   
2000201e  aoaValue                      
20002020  wherePeek                     
20002021  secondPeek                    
20002024  adcTicks                      
20002028  adcTimeConstantFlag           
20002029  holdOffFlag                   
2000202a  hysteresisFlag                
2000202c  rolledIdx                     
20002030  threeSampleDetCount           
20002034  peekTimeout                   
20002038  trash                         
20002044  peekDetectionOrder            
20002068  mic1Samples                   
20002088  mic2Samples                   
200020a8  mic3Samples                   
200020c8  angles                        
200020d0  errno                         
200020d8  count                         
200020d9  alwaysEventAoa                
200020dc  strInput                      
20002130  token                         
ffffffff  __TI_pprof_out_hndl           
ffffffff  __TI_prof_data_size           
ffffffff  __TI_prof_data_start          
ffffffff  __binit__                     
ffffffff  __c_args__                    
ffffffff  binit                         
UNDEFED   __mpu_init                    
UNDEFED   _system_post_cinit            

[173 symbols]
