<?xml version="1.0" encoding="ISO-8859-1" ?>
<link_info>
   <banner>TI ARM Linker Unix v20.2.7.LTS</banner>
   <copyright>Copyright (c) 1996-2018 Texas Instruments Incorporated</copyright>
   <link_time>0x6441c91d</link_time>
   <link_errors>0x0</link_errors>
   <output_file>Emb2_Project.out</output_file>
   <entry_point>
      <name>_c_int00_noargs</name>
      <address>0x4aa1</address>
   </entry_point>
   <input_file_list>
      <input_file id="fl-1">
         <path>./</path>
         <kind>object</kind>
         <file>adc0.obj</file>
         <name>adc0.obj</name>
      </input_file>
      <input_file id="fl-2">
         <path>./</path>
         <kind>object</kind>
         <file>clock.obj</file>
         <name>clock.obj</name>
      </input_file>
      <input_file id="fl-3">
         <path>./</path>
         <kind>object</kind>
         <file>dma.obj</file>
         <name>dma.obj</name>
      </input_file>
      <input_file id="fl-4">
         <path>./</path>
         <kind>object</kind>
         <file>eeprom.obj</file>
         <name>eeprom.obj</name>
      </input_file>
      <input_file id="fl-5">
         <path>./</path>
         <kind>object</kind>
         <file>gpio.obj</file>
         <name>gpio.obj</name>
      </input_file>
      <input_file id="fl-6">
         <path>./</path>
         <kind>object</kind>
         <file>main.obj</file>
         <name>main.obj</name>
      </input_file>
      <input_file id="fl-7">
         <path>./</path>
         <kind>object</kind>
         <file>nvic.obj</file>
         <name>nvic.obj</name>
      </input_file>
      <input_file id="fl-8">
         <path>./</path>
         <kind>object</kind>
         <file>timer.obj</file>
         <name>timer.obj</name>
      </input_file>
      <input_file id="fl-9">
         <path>./</path>
         <kind>object</kind>
         <file>tm4c123gh6pm_startup_ccs.obj</file>
         <name>tm4c123gh6pm_startup_ccs.obj</name>
      </input_file>
      <input_file id="fl-a">
         <path>./</path>
         <kind>object</kind>
         <file>uart0.obj</file>
         <name>uart0.obj</name>
      </input_file>
      <input_file id="fl-b">
         <path>./</path>
         <kind>object</kind>
         <file>userInterface.obj</file>
         <name>userInterface.obj</name>
      </input_file>
      <input_file id="fl-c">
         <path>./</path>
         <kind>object</kind>
         <file>wait.obj</file>
         <name>wait.obj</name>
      </input_file>
      <input_file id="fl-10">
         <kind>object</kind>
         <file>&lt;internal&gt;</file>
         <name>&lt;internal&gt;</name>
      </input_file>
      <input_file id="fl-c6">
         <path>/home/sadhan/ti/ccs1210/ccs/tools/compiler/ti-cgt-arm_20.2.7.LTS/lib/</path>
         <kind>archive</kind>
         <file>rtsv7M4_T_le_v4SPD16_eabi.lib</file>
         <name>snprintf.c.obj</name>
      </input_file>
      <input_file id="fl-c7">
         <path>/home/sadhan/ti/ccs1210/ccs/tools/compiler/ti-cgt-arm_20.2.7.LTS/lib/</path>
         <kind>archive</kind>
         <file>rtsv7M4_T_le_v4SPD16_eabi.lib</file>
         <name>sscanf.c.obj</name>
      </input_file>
      <input_file id="fl-c8">
         <path>/home/sadhan/ti/ccs1210/ccs/tools/compiler/ti-cgt-arm_20.2.7.LTS/lib/</path>
         <kind>archive</kind>
         <file>rtsv7M4_T_le_v4SPD16_eabi.lib</file>
         <name>memcpy_t2.asm.obj</name>
      </input_file>
      <input_file id="fl-c9">
         <path>/home/sadhan/ti/ccs1210/ccs/tools/compiler/ti-cgt-arm_20.2.7.LTS/lib/</path>
         <kind>archive</kind>
         <file>rtsv7M4_T_le_v4SPD16_eabi.lib</file>
         <name>memset_t2.asm.obj</name>
      </input_file>
      <input_file id="fl-ca">
         <path>/home/sadhan/ti/ccs1210/ccs/tools/compiler/ti-cgt-arm_20.2.7.LTS/lib/</path>
         <kind>archive</kind>
         <file>rtsv7M4_T_le_v4SPD16_eabi.lib</file>
         <name>copy_zero_init.c.obj</name>
      </input_file>
      <input_file id="fl-cb">
         <path>/home/sadhan/ti/ccs1210/ccs/tools/compiler/ti-cgt-arm_20.2.7.LTS/lib/</path>
         <kind>archive</kind>
         <file>rtsv7M4_T_le_v4SPD16_eabi.lib</file>
         <name>copy_decompress_none.c.obj</name>
      </input_file>
      <input_file id="fl-cc">
         <path>/home/sadhan/ti/ccs1210/ccs/tools/compiler/ti-cgt-arm_20.2.7.LTS/lib/</path>
         <kind>archive</kind>
         <file>rtsv7M4_T_le_v4SPD16_eabi.lib</file>
         <name>copy_decompress_lzss.c.obj</name>
      </input_file>
      <input_file id="fl-cd">
         <path>/home/sadhan/ti/ccs1210/ccs/tools/compiler/ti-cgt-arm_20.2.7.LTS/lib/</path>
         <kind>archive</kind>
         <file>rtsv7M4_T_le_v4SPD16_eabi.lib</file>
         <name>ctype.c.obj</name>
      </input_file>
      <input_file id="fl-ce">
         <path>/home/sadhan/ti/ccs1210/ccs/tools/compiler/ti-cgt-arm_20.2.7.LTS/lib/</path>
         <kind>archive</kind>
         <file>rtsv7M4_T_le_v4SPD16_eabi.lib</file>
         <name>strcmp.c.obj</name>
      </input_file>
      <input_file id="fl-cf">
         <path>/home/sadhan/ti/ccs1210/ccs/tools/compiler/ti-cgt-arm_20.2.7.LTS/lib/</path>
         <kind>archive</kind>
         <file>rtsv7M4_T_le_v4SPD16_eabi.lib</file>
         <name>strlen.c.obj</name>
      </input_file>
      <input_file id="fl-d0">
         <path>/home/sadhan/ti/ccs1210/ccs/tools/compiler/ti-cgt-arm_20.2.7.LTS/lib/</path>
         <kind>archive</kind>
         <file>rtsv7M4_T_le_v4SPD16_eabi.lib</file>
         <name>strtok.c.obj</name>
      </input_file>
      <input_file id="fl-d1">
         <path>/home/sadhan/ti/ccs1210/ccs/tools/compiler/ti-cgt-arm_20.2.7.LTS/lib/</path>
         <kind>archive</kind>
         <file>rtsv7M4_T_le_v4SPD16_eabi.lib</file>
         <name>boot_cortex_m.c.obj</name>
      </input_file>
      <input_file id="fl-d2">
         <path>/home/sadhan/ti/ccs1210/ccs/tools/compiler/ti-cgt-arm_20.2.7.LTS/lib/</path>
         <kind>archive</kind>
         <file>rtsv7M4_T_le_v4SPD16_eabi.lib</file>
         <name>_printfi.c.obj</name>
      </input_file>
      <input_file id="fl-d3">
         <path>/home/sadhan/ti/ccs1210/ccs/tools/compiler/ti-cgt-arm_20.2.7.LTS/lib/</path>
         <kind>archive</kind>
         <file>rtsv7M4_T_le_v4SPD16_eabi.lib</file>
         <name>_scanfi.c.obj</name>
      </input_file>
      <input_file id="fl-d4">
         <path>/home/sadhan/ti/ccs1210/ccs/tools/compiler/ti-cgt-arm_20.2.7.LTS/lib/</path>
         <kind>archive</kind>
         <file>rtsv7M4_T_le_v4SPD16_eabi.lib</file>
         <name>fd_add_t2.asm.obj</name>
      </input_file>
      <input_file id="fl-d5">
         <path>/home/sadhan/ti/ccs1210/ccs/tools/compiler/ti-cgt-arm_20.2.7.LTS/lib/</path>
         <kind>archive</kind>
         <file>rtsv7M4_T_le_v4SPD16_eabi.lib</file>
         <name>fd_cmp_t2.asm.obj</name>
      </input_file>
      <input_file id="fl-d6">
         <path>/home/sadhan/ti/ccs1210/ccs/tools/compiler/ti-cgt-arm_20.2.7.LTS/lib/</path>
         <kind>archive</kind>
         <file>rtsv7M4_T_le_v4SPD16_eabi.lib</file>
         <name>fd_div_t2.asm.obj</name>
      </input_file>
      <input_file id="fl-d7">
         <path>/home/sadhan/ti/ccs1210/ccs/tools/compiler/ti-cgt-arm_20.2.7.LTS/lib/</path>
         <kind>archive</kind>
         <file>rtsv7M4_T_le_v4SPD16_eabi.lib</file>
         <name>fd_mul_t2.asm.obj</name>
      </input_file>
      <input_file id="fl-d8">
         <path>/home/sadhan/ti/ccs1210/ccs/tools/compiler/ti-cgt-arm_20.2.7.LTS/lib/</path>
         <kind>archive</kind>
         <file>rtsv7M4_T_le_v4SPD16_eabi.lib</file>
         <name>fd_toi_t2.asm.obj</name>
      </input_file>
      <input_file id="fl-d9">
         <path>/home/sadhan/ti/ccs1210/ccs/tools/compiler/ti-cgt-arm_20.2.7.LTS/lib/</path>
         <kind>archive</kind>
         <file>rtsv7M4_T_le_v4SPD16_eabi.lib</file>
         <name>fd_tos_t2.asm.obj</name>
      </input_file>
      <input_file id="fl-da">
         <path>/home/sadhan/ti/ccs1210/ccs/tools/compiler/ti-cgt-arm_20.2.7.LTS/lib/</path>
         <kind>archive</kind>
         <file>rtsv7M4_T_le_v4SPD16_eabi.lib</file>
         <name>i_tofd_t2.asm.obj</name>
      </input_file>
      <input_file id="fl-db">
         <path>/home/sadhan/ti/ccs1210/ccs/tools/compiler/ti-cgt-arm_20.2.7.LTS/lib/</path>
         <kind>archive</kind>
         <file>rtsv7M4_T_le_v4SPD16_eabi.lib</file>
         <name>ull_div_t2.asm.obj</name>
      </input_file>
      <input_file id="fl-dc">
         <path>/home/sadhan/ti/ccs1210/ccs/tools/compiler/ti-cgt-arm_20.2.7.LTS/lib/</path>
         <kind>archive</kind>
         <file>rtsv7M4_T_le_v4SPD16_eabi.lib</file>
         <name>autoinit.c.obj</name>
      </input_file>
      <input_file id="fl-dd">
         <path>/home/sadhan/ti/ccs1210/ccs/tools/compiler/ti-cgt-arm_20.2.7.LTS/lib/</path>
         <kind>archive</kind>
         <file>rtsv7M4_T_le_v4SPD16_eabi.lib</file>
         <name>pre_init.c.obj</name>
      </input_file>
      <input_file id="fl-de">
         <path>/home/sadhan/ti/ccs1210/ccs/tools/compiler/ti-cgt-arm_20.2.7.LTS/lib/</path>
         <kind>archive</kind>
         <file>rtsv7M4_T_le_v4SPD16_eabi.lib</file>
         <name>cpy_tbl.c.obj</name>
      </input_file>
      <input_file id="fl-df">
         <path>/home/sadhan/ti/ccs1210/ccs/tools/compiler/ti-cgt-arm_20.2.7.LTS/lib/</path>
         <kind>archive</kind>
         <file>rtsv7M4_T_le_v4SPD16_eabi.lib</file>
         <name>exit.c.obj</name>
      </input_file>
      <input_file id="fl-e0">
         <path>/home/sadhan/ti/ccs1210/ccs/tools/compiler/ti-cgt-arm_20.2.7.LTS/lib/</path>
         <kind>archive</kind>
         <file>rtsv7M4_T_le_v4SPD16_eabi.lib</file>
         <name>_lock.c.obj</name>
      </input_file>
      <input_file id="fl-e1">
         <path>/home/sadhan/ti/ccs1210/ccs/tools/compiler/ti-cgt-arm_20.2.7.LTS/lib/</path>
         <kind>archive</kind>
         <file>rtsv7M4_T_le_v4SPD16_eabi.lib</file>
         <name>_ltoa.c.obj</name>
      </input_file>
      <input_file id="fl-e2">
         <path>/home/sadhan/ti/ccs1210/ccs/tools/compiler/ti-cgt-arm_20.2.7.LTS/lib/</path>
         <kind>archive</kind>
         <file>rtsv7M4_T_le_v4SPD16_eabi.lib</file>
         <name>args_main.c.obj</name>
      </input_file>
      <input_file id="fl-e3">
         <path>/home/sadhan/ti/ccs1210/ccs/tools/compiler/ti-cgt-arm_20.2.7.LTS/lib/</path>
         <kind>archive</kind>
         <file>rtsv7M4_T_le_v4SPD16_eabi.lib</file>
         <name>atoi.c.obj</name>
      </input_file>
      <input_file id="fl-e4">
         <path>/home/sadhan/ti/ccs1210/ccs/tools/compiler/ti-cgt-arm_20.2.7.LTS/lib/</path>
         <kind>archive</kind>
         <file>rtsv7M4_T_le_v4SPD16_eabi.lib</file>
         <name>memccpy.c.obj</name>
      </input_file>
      <input_file id="fl-e5">
         <path>/home/sadhan/ti/ccs1210/ccs/tools/compiler/ti-cgt-arm_20.2.7.LTS/lib/</path>
         <kind>archive</kind>
         <file>rtsv7M4_T_le_v4SPD16_eabi.lib</file>
         <name>strchr.c.obj</name>
      </input_file>
      <input_file id="fl-e6">
         <path>/home/sadhan/ti/ccs1210/ccs/tools/compiler/ti-cgt-arm_20.2.7.LTS/lib/</path>
         <kind>archive</kind>
         <file>rtsv7M4_T_le_v4SPD16_eabi.lib</file>
         <name>strcpy.c.obj</name>
      </input_file>
      <input_file id="fl-e7">
         <path>/home/sadhan/ti/ccs1210/ccs/tools/compiler/ti-cgt-arm_20.2.7.LTS/lib/</path>
         <kind>archive</kind>
         <file>rtsv7M4_T_le_v4SPD16_eabi.lib</file>
         <name>strcspn.c.obj</name>
      </input_file>
      <input_file id="fl-e8">
         <path>/home/sadhan/ti/ccs1210/ccs/tools/compiler/ti-cgt-arm_20.2.7.LTS/lib/</path>
         <kind>archive</kind>
         <file>rtsv7M4_T_le_v4SPD16_eabi.lib</file>
         <name>strrchr.c.obj</name>
      </input_file>
      <input_file id="fl-e9">
         <path>/home/sadhan/ti/ccs1210/ccs/tools/compiler/ti-cgt-arm_20.2.7.LTS/lib/</path>
         <kind>archive</kind>
         <file>rtsv7M4_T_le_v4SPD16_eabi.lib</file>
         <name>strspn.c.obj</name>
      </input_file>
      <input_file id="fl-ea">
         <path>/home/sadhan/ti/ccs1210/ccs/tools/compiler/ti-cgt-arm_20.2.7.LTS/lib/</path>
         <kind>archive</kind>
         <file>rtsv7M4_T_le_v4SPD16_eabi.lib</file>
         <name>strtod.c.obj</name>
      </input_file>
      <input_file id="fl-eb">
         <path>/home/sadhan/ti/ccs1210/ccs/tools/compiler/ti-cgt-arm_20.2.7.LTS/lib/</path>
         <kind>archive</kind>
         <file>rtsv7M4_T_le_v4SPD16_eabi.lib</file>
         <name>strtol.c.obj</name>
      </input_file>
      <input_file id="fl-ec">
         <path>/home/sadhan/ti/ccs1210/ccs/tools/compiler/ti-cgt-arm_20.2.7.LTS/lib/</path>
         <kind>archive</kind>
         <file>rtsv7M4_T_le_v4SPD16_eabi.lib</file>
         <name>strtoll.c.obj</name>
      </input_file>
      <input_file id="fl-ed">
         <path>/home/sadhan/ti/ccs1210/ccs/tools/compiler/ti-cgt-arm_20.2.7.LTS/lib/</path>
         <kind>archive</kind>
         <file>rtsv7M4_T_le_v4SPD16_eabi.lib</file>
         <name>strtoul.c.obj</name>
      </input_file>
      <input_file id="fl-ee">
         <path>/home/sadhan/ti/ccs1210/ccs/tools/compiler/ti-cgt-arm_20.2.7.LTS/lib/</path>
         <kind>archive</kind>
         <file>rtsv7M4_T_le_v4SPD16_eabi.lib</file>
         <name>strtoull.c.obj</name>
      </input_file>
      <input_file id="fl-ef">
         <path>/home/sadhan/ti/ccs1210/ccs/tools/compiler/ti-cgt-arm_20.2.7.LTS/lib/</path>
         <kind>archive</kind>
         <file>rtsv7M4_T_le_v4SPD16_eabi.lib</file>
         <name>errno.c.obj</name>
      </input_file>
      <input_file id="fl-f0">
         <path>/home/sadhan/ti/ccs1210/ccs/tools/compiler/ti-cgt-arm_20.2.7.LTS/lib/</path>
         <kind>archive</kind>
         <file>rtsv7M4_T_le_v4SPD16_eabi.lib</file>
         <name>wcslen.c.obj</name>
      </input_file>
      <input_file id="fl-f1">
         <path>/home/sadhan/ti/ccs1210/ccs/tools/compiler/ti-cgt-arm_20.2.7.LTS/lib/</path>
         <kind>archive</kind>
         <file>rtsv7M4_T_le_v4SPD16_eabi.lib</file>
         <name>s_frexp.c.obj</name>
      </input_file>
      <input_file id="fl-f2">
         <path>/home/sadhan/ti/ccs1210/ccs/tools/compiler/ti-cgt-arm_20.2.7.LTS/lib/</path>
         <kind>archive</kind>
         <file>rtsv7M4_T_le_v4SPD16_eabi.lib</file>
         <name>s_scalbn.c.obj</name>
      </input_file>
      <input_file id="fl-f3">
         <path>/home/sadhan/ti/ccs1210/ccs/tools/compiler/ti-cgt-arm_20.2.7.LTS/lib/</path>
         <kind>archive</kind>
         <file>rtsv7M4_T_le_v4SPD16_eabi.lib</file>
         <name>div0.asm.obj</name>
      </input_file>
      <input_file id="fl-f4">
         <path>/home/sadhan/ti/ccs1210/ccs/tools/compiler/ti-cgt-arm_20.2.7.LTS/lib/</path>
         <kind>archive</kind>
         <file>rtsv7M4_T_le_v4SPD16_eabi.lib</file>
         <name>ll_mul_t2.asm.obj</name>
      </input_file>
      <input_file id="fl-f5">
         <path>/home/sadhan/ti/ccs1210/ccs/tools/compiler/ti-cgt-arm_20.2.7.LTS/lib/</path>
         <kind>archive</kind>
         <file>rtsv7M4_T_le_v4SPD16_eabi.lib</file>
         <name>s_copysign.c.obj</name>
      </input_file>
   </input_file_list>
   <object_component_list>
      <object_component id="oc-12">
         <name>.intvecs</name>
         <load_address>0x0</load_address>
         <run_address>0x0</run_address>
         <size>0x26c</size>
         <input_file_ref idref="fl-9"/>
      </object_component>
      <object_component id="oc-213">
         <name>.text:__TI_scanfi</name>
         <load_address>0x26c</load_address>
         <run_address>0x26c</run_address>
         <size>0xb14</size>
         <input_file_ref idref="fl-d3"/>
      </object_component>
      <object_component id="oc-116">
         <name>.text:__TI_printfi</name>
         <load_address>0xd80</load_address>
         <run_address>0xd80</run_address>
         <size>0xa4e</size>
         <input_file_ref idref="fl-d2"/>
      </object_component>
      <object_component id="oc-34f">
         <name>.text</name>
         <load_address>0x17ce</load_address>
         <run_address>0x17ce</run_address>
         <size>0x2</size>
         <input_file_ref idref="fl-f3"/>
      </object_component>
      <object_component id="oc-2d">
         <name>.text</name>
         <load_address>0x17d0</load_address>
         <run_address>0x17d0</run_address>
         <size>0x9d0</size>
         <input_file_ref idref="fl-6"/>
      </object_component>
      <object_component id="oc-ad">
         <name>.text</name>
         <load_address>0x21a0</load_address>
         <run_address>0x21a0</run_address>
         <size>0x4b8</size>
         <input_file_ref idref="fl-b"/>
      </object_component>
      <object_component id="oc-7a">
         <name>.text</name>
         <load_address>0x2658</load_address>
         <run_address>0x2658</run_address>
         <size>0x47c</size>
         <input_file_ref idref="fl-5"/>
      </object_component>
      <object_component id="oc-2f2">
         <name>.text:strtod</name>
         <load_address>0x2ad4</load_address>
         <run_address>0x2ad4</run_address>
         <size>0x460</size>
         <input_file_ref idref="fl-ea"/>
      </object_component>
      <object_component id="oc-1eb">
         <name>.text:_pconv_a</name>
         <load_address>0x2f34</load_address>
         <run_address>0x2f34</run_address>
         <size>0x270</size>
         <input_file_ref idref="fl-d2"/>
      </object_component>
      <object_component id="oc-303">
         <name>.text:strtoll</name>
         <load_address>0x31a4</load_address>
         <run_address>0x31a4</run_address>
         <size>0x1dc</size>
         <input_file_ref idref="fl-ec"/>
      </object_component>
      <object_component id="oc-1d9">
         <name>.text:_pconv_g</name>
         <load_address>0x3380</load_address>
         <run_address>0x3380</run_address>
         <size>0x1d0</size>
         <input_file_ref idref="fl-d2"/>
      </object_component>
      <object_component id="oc-293">
         <name>.text</name>
         <load_address>0x3550</load_address>
         <run_address>0x3550</run_address>
         <size>0x1b6</size>
         <input_file_ref idref="fl-d4"/>
      </object_component>
      <object_component id="oc-2e6">
         <name>.text:strtoull</name>
         <load_address>0x3708</load_address>
         <run_address>0x3708</run_address>
         <size>0x15c</size>
         <input_file_ref idref="fl-ee"/>
      </object_component>
      <object_component id="oc-1e5">
         <name>.text:_pconv_e</name>
         <load_address>0x3864</load_address>
         <run_address>0x3864</run_address>
         <size>0x13c</size>
         <input_file_ref idref="fl-d2"/>
      </object_component>
      <object_component id="oc-279">
         <name>.text</name>
         <load_address>0x39a0</load_address>
         <run_address>0x39a0</run_address>
         <size>0x136</size>
         <input_file_ref idref="fl-d6"/>
      </object_component>
      <object_component id="oc-2fd">
         <name>.text:strtol</name>
         <load_address>0x3ad8</load_address>
         <run_address>0x3ad8</run_address>
         <size>0x130</size>
         <input_file_ref idref="fl-eb"/>
      </object_component>
      <object_component id="oc-2a5">
         <name>.text:fcvt</name>
         <load_address>0x3c08</load_address>
         <run_address>0x3c08</run_address>
         <size>0x124</size>
         <input_file_ref idref="fl-d2"/>
      </object_component>
      <object_component id="oc-2b9">
         <name>.text:scalbn</name>
         <load_address>0x3d2c</load_address>
         <run_address>0x3d2c</run_address>
         <size>0x110</size>
         <input_file_ref idref="fl-f2"/>
      </object_component>
      <object_component id="oc-2ec">
         <name>.text:strtoul</name>
         <load_address>0x3e3c</load_address>
         <run_address>0x3e3c</run_address>
         <size>0x110</size>
         <input_file_ref idref="fl-ed"/>
      </object_component>
      <object_component id="oc-274">
         <name>.text</name>
         <load_address>0x3f4c</load_address>
         <run_address>0x3f4c</run_address>
         <size>0xfc</size>
         <input_file_ref idref="fl-d7"/>
      </object_component>
      <object_component id="oc-80">
         <name>.text</name>
         <load_address>0x4048</load_address>
         <run_address>0x4048</run_address>
         <size>0xd4</size>
         <input_file_ref idref="fl-a"/>
      </object_component>
      <object_component id="oc-1ce">
         <name>.text:_ltostr</name>
         <load_address>0x411c</load_address>
         <run_address>0x411c</run_address>
         <size>0xb1</size>
         <input_file_ref idref="fl-d2"/>
      </object_component>
      <object_component id="oc-41">
         <name>.text</name>
         <load_address>0x41ce</load_address>
         <run_address>0x41ce</run_address>
         <size>0x9c</size>
         <input_file_ref idref="fl-c8"/>
      </object_component>
      <object_component id="oc-26d">
         <name>.text</name>
         <load_address>0x426a</load_address>
         <run_address>0x426a</run_address>
         <size>0x96</size>
         <input_file_ref idref="fl-db"/>
      </object_component>
      <object_component id="oc-1d4">
         <name>.text:__aeabi_cdcmple</name>
         <load_address>0x4300</load_address>
         <run_address>0x4300</run_address>
         <size>0x86</size>
         <input_file_ref idref="fl-d5"/>
      </object_component>
      <object_component id="oc-27e">
         <name>.text:__aeabi_cdrcmple</name>
         <load_address>0x4386</load_address>
         <run_address>0x4386</run_address>
         <size>0x86</size>
         <input_file_ref idref="fl-d5"/>
      </object_component>
      <object_component id="oc-e1">
         <name>.text</name>
         <load_address>0x440c</load_address>
         <run_address>0x440c</run_address>
         <size>0x7a</size>
         <input_file_ref idref="fl-c9"/>
      </object_component>
      <object_component id="oc-8c">
         <name>.text</name>
         <load_address>0x4488</load_address>
         <run_address>0x4488</run_address>
         <size>0x78</size>
         <input_file_ref idref="fl-1"/>
      </object_component>
      <object_component id="oc-29e">
         <name>.text:_mcpy</name>
         <load_address>0x4500</load_address>
         <run_address>0x4500</run_address>
         <size>0x6e</size>
         <input_file_ref idref="fl-d2"/>
      </object_component>
      <object_component id="oc-2f8">
         <name>.text</name>
         <load_address>0x456e</load_address>
         <run_address>0x456e</run_address>
         <size>0x6e</size>
         <input_file_ref idref="fl-d9"/>
      </object_component>
      <object_component id="oc-105">
         <name>.text</name>
         <load_address>0x45dc</load_address>
         <run_address>0x45dc</run_address>
         <size>0x6c</size>
         <input_file_ref idref="fl-7"/>
      </object_component>
      <object_component id="oc-225">
         <name>.text:_chkmbc</name>
         <load_address>0x4648</load_address>
         <run_address>0x4648</run_address>
         <size>0x68</size>
         <input_file_ref idref="fl-c7"/>
      </object_component>
      <object_component id="oc-15">
         <name>.text:decompress:lzss:__TI_decompress_lzss</name>
         <load_address>0x46b0</load_address>
         <run_address>0x46b0</run_address>
         <size>0x68</size>
         <input_file_ref idref="fl-cc"/>
      </object_component>
      <object_component id="oc-2b3">
         <name>.text:frexp</name>
         <load_address>0x4718</load_address>
         <run_address>0x4718</run_address>
         <size>0x64</size>
         <input_file_ref idref="fl-f1"/>
      </object_component>
      <object_component id="oc-1df">
         <name>.text:_pconv_f</name>
         <load_address>0x477c</load_address>
         <run_address>0x477c</run_address>
         <size>0x56</size>
         <input_file_ref idref="fl-d2"/>
      </object_component>
      <object_component id="oc-288">
         <name>.text:__TI_ltoa</name>
         <load_address>0x47d2</load_address>
         <run_address>0x47d2</run_address>
         <size>0x54</size>
         <input_file_ref idref="fl-e1"/>
      </object_component>
      <object_component id="oc-298">
         <name>.text:_ecpy</name>
         <load_address>0x4826</load_address>
         <run_address>0x4826</run_address>
         <size>0x52</size>
         <input_file_ref idref="fl-d2"/>
      </object_component>
      <object_component id="oc-1c8">
         <name>.text:atoi</name>
         <load_address>0x4878</load_address>
         <run_address>0x4878</run_address>
         <size>0x4c</size>
         <input_file_ref idref="fl-e3"/>
      </object_component>
      <object_component id="oc-86">
         <name>.text</name>
         <load_address>0x48c4</load_address>
         <run_address>0x48c4</run_address>
         <size>0x4c</size>
         <input_file_ref idref="fl-4"/>
      </object_component>
      <object_component id="oc-a1">
         <name>.text:snprintf</name>
         <load_address>0x4910</load_address>
         <run_address>0x4910</run_address>
         <size>0x4c</size>
         <input_file_ref idref="fl-c6"/>
      </object_component>
      <object_component id="oc-283">
         <name>.text</name>
         <load_address>0x495c</load_address>
         <run_address>0x495c</run_address>
         <size>0x48</size>
         <input_file_ref idref="fl-d8"/>
      </object_component>
      <object_component id="oc-18e">
         <name>.text:__TI_auto_init_nobinit_nopinit:__TI_auto_init_nobinit_nopinit</name>
         <load_address>0x49a4</load_address>
         <run_address>0x49a4</run_address>
         <size>0x44</size>
         <input_file_ref idref="fl-dc"/>
      </object_component>
      <object_component id="oc-140">
         <name>.text:strtok</name>
         <load_address>0x49e8</load_address>
         <run_address>0x49e8</run_address>
         <size>0x40</size>
         <input_file_ref idref="fl-d0"/>
      </object_component>
      <object_component id="oc-2ab">
         <name>.text:_fcpy</name>
         <load_address>0x4a28</load_address>
         <run_address>0x4a28</run_address>
         <size>0x3e</size>
         <input_file_ref idref="fl-d2"/>
      </object_component>
      <object_component id="oc-13a">
         <name>.text:sscanf</name>
         <load_address>0x4a68</load_address>
         <run_address>0x4a68</run_address>
         <size>0x38</size>
         <input_file_ref idref="fl-c7"/>
      </object_component>
      <object_component id="oc-5f">
         <name>.text:_c_int00_noargs:_c_int00_noargs</name>
         <load_address>0x4aa0</load_address>
         <run_address>0x4aa0</run_address>
         <size>0x34</size>
         <input_file_ref idref="fl-d1"/>
      </object_component>
      <object_component id="oc-11c">
         <name>.text:_outs</name>
         <load_address>0x4ad4</load_address>
         <run_address>0x4ad4</run_address>
         <size>0x30</size>
         <input_file_ref idref="fl-c6"/>
      </object_component>
      <object_component id="oc-28e">
         <name>.text</name>
         <load_address>0x4b04</load_address>
         <run_address>0x4b04</run_address>
         <size>0x2e</size>
         <input_file_ref idref="fl-da"/>
      </object_component>
      <object_component id="oc-22d">
         <name>.text:strspn</name>
         <load_address>0x4b32</load_address>
         <run_address>0x4b32</run_address>
         <size>0x2a</size>
         <input_file_ref idref="fl-e9"/>
      </object_component>
      <object_component id="oc-233">
         <name>.text:strcspn</name>
         <load_address>0x4b5c</load_address>
         <run_address>0x4b5c</run_address>
         <size>0x24</size>
         <input_file_ref idref="fl-e7"/>
      </object_component>
      <object_component id="oc-4d">
         <name>.text:decompress:ZI:__TI_zero_init_nomemset:__TI_zero_init_nomemset</name>
         <load_address>0x4b80</load_address>
         <run_address>0x4b80</run_address>
         <size>0x1c</size>
         <input_file_ref idref="fl-ca"/>
      </object_component>
      <object_component id="oc-1f1">
         <name>.text:memccpy</name>
         <load_address>0x4b9c</load_address>
         <run_address>0x4b9c</run_address>
         <size>0x1c</size>
         <input_file_ref idref="fl-e4"/>
      </object_component>
      <object_component id="oc-a7">
         <name>.text</name>
         <load_address>0x4bb8</load_address>
         <run_address>0x4bb8</run_address>
         <size>0x1c</size>
         <input_file_ref idref="fl-c"/>
      </object_component>
      <object_component id="oc-368">
         <name>.text:copysign</name>
         <load_address>0x4bd4</load_address>
         <run_address>0x4bd4</run_address>
         <size>0x1a</size>
         <input_file_ref idref="fl-f5"/>
      </object_component>
      <object_component id="oc-122">
         <name>.text:_outc</name>
         <load_address>0x4bee</load_address>
         <run_address>0x4bee</run_address>
         <size>0x18</size>
         <input_file_ref idref="fl-c6"/>
      </object_component>
      <object_component id="oc-386">
         <name>.text</name>
         <load_address>0x4c06</load_address>
         <run_address>0x4c06</run_address>
         <size>0x18</size>
         <input_file_ref idref="fl-f4"/>
      </object_component>
      <object_component id="oc-146">
         <name>.text:strcmp</name>
         <load_address>0x4c1e</load_address>
         <run_address>0x4c1e</run_address>
         <size>0x18</size>
         <input_file_ref idref="fl-ce"/>
      </object_component>
      <object_component id="oc-309">
         <name>.text:strrchr</name>
         <load_address>0x4c36</load_address>
         <run_address>0x4c36</run_address>
         <size>0x18</size>
         <input_file_ref idref="fl-e8"/>
      </object_component>
      <object_component id="oc-2bf">
         <name>.text:strchr</name>
         <load_address>0x4c4e</load_address>
         <run_address>0x4c4e</run_address>
         <size>0x16</size>
         <input_file_ref idref="fl-e5"/>
      </object_component>
      <object_component id="oc-2e0">
         <name>.text:strcpy</name>
         <load_address>0x4c64</load_address>
         <run_address>0x4c64</run_address>
         <size>0x14</size>
         <input_file_ref idref="fl-e6"/>
      </object_component>
      <object_component id="oc-14c">
         <name>.text:strlen</name>
         <load_address>0x4c78</load_address>
         <run_address>0x4c78</run_address>
         <size>0x14</size>
         <input_file_ref idref="fl-cf"/>
      </object_component>
      <object_component id="oc-219">
         <name>.text:_inpchar</name>
         <load_address>0x4c8c</load_address>
         <run_address>0x4c8c</run_address>
         <size>0x12</size>
         <input_file_ref idref="fl-c7"/>
      </object_component>
      <object_component id="oc-1f7">
         <name>.text:wcslen</name>
         <load_address>0x4c9e</load_address>
         <run_address>0x4c9e</run_address>
         <size>0x12</size>
         <input_file_ref idref="fl-f0"/>
      </object_component>
      <object_component id="oc-74">
         <name>.text</name>
         <load_address>0x4cb0</load_address>
         <run_address>0x4cb0</run_address>
         <size>0x10</size>
         <input_file_ref idref="fl-2"/>
      </object_component>
      <object_component id="oc-1b">
         <name>.text:decompress:none:__TI_decompress_none</name>
         <load_address>0x4cc0</load_address>
         <run_address>0x4cc0</run_address>
         <size>0xe</size>
         <input_file_ref idref="fl-cb"/>
      </object_component>
      <object_component id="oc-27">
         <name>.text</name>
         <load_address>0x4cce</load_address>
         <run_address>0x4cce</run_address>
         <size>0xc</size>
         <input_file_ref idref="fl-9"/>
      </object_component>
      <object_component id="oc-1fd">
         <name>.text:__aeabi_errno_addr</name>
         <load_address>0x4cdc</load_address>
         <run_address>0x4cdc</run_address>
         <size>0x8</size>
         <input_file_ref idref="fl-ef"/>
      </object_component>
      <object_component id="oc-21f">
         <name>.text:_uninpchar</name>
         <load_address>0x4ce4</load_address>
         <run_address>0x4ce4</run_address>
         <size>0x8</size>
         <input_file_ref idref="fl-c7"/>
      </object_component>
      <object_component id="oc-e7">
         <name>.text:_system_pre_init</name>
         <load_address>0x4cec</load_address>
         <run_address>0x4cec</run_address>
         <size>0x4</size>
         <input_file_ref idref="fl-dd"/>
      </object_component>
      <object_component id="oc-182">
         <name>.text:abort:abort</name>
         <load_address>0x4cf0</load_address>
         <run_address>0x4cf0</run_address>
         <size>0x4</size>
         <input_file_ref idref="fl-df"/>
      </object_component>
      <object_component id="oc-268">
         <name>.const:.string:_ctypes_</name>
         <load_address>0x4cf8</load_address>
         <run_address>0x4cf8</run_address>
         <size>0x101</size>
         <input_file_ref idref="fl-cd"/>
      </object_component>
      <object_component id="oc-38f">
         <name>.const:$O1$$</name>
         <load_address>0x4e00</load_address>
         <run_address>0x4e00</run_address>
         <size>0xc8</size>
         <input_file_ref idref="fl-ea"/>
      </object_component>
      <object_component id="oc-30f">
         <name>.const:$O1$$</name>
         <load_address>0x4ec8</load_address>
         <run_address>0x4ec8</run_address>
         <size>0x10</size>
         <input_file_ref idref="fl-d3"/>
      </object_component>
      <object_component id="oc-3fe">
         <name>.cinit..data.load</name>
         <load_address>0x4ed8</load_address>
         <run_address>0x4ed8</run_address>
         <size>0x2b</size>
      </object_component>
      <object_component id="oc-3fc">
         <name>__TI_handler_table</name>
         <load_address>0x4f04</load_address>
         <run_address>0x4f04</run_address>
         <size>0xc</size>
      </object_component>
      <object_component id="oc-3ff">
         <name>.cinit..bss.load</name>
         <load_address>0x4f10</load_address>
         <run_address>0x4f10</run_address>
         <size>0x8</size>
      </object_component>
      <object_component id="oc-3fd">
         <name>__TI_cinit_table</name>
         <load_address>0x4f18</load_address>
         <run_address>0x4f18</run_address>
         <size>0x10</size>
      </object_component>
      <object_component id="oc-9e">
         <name>.data:mic1Samples</name>
         <load_address>0x20002068</load_address>
         <run_address>0x20002068</run_address>
         <size>0x20</size>
         <input_file_ref idref="fl-6"/>
      </object_component>
      <object_component id="oc-95">
         <name>.data:mic2Samples</name>
         <load_address>0x20002088</load_address>
         <run_address>0x20002088</run_address>
         <size>0x20</size>
         <input_file_ref idref="fl-6"/>
      </object_component>
      <object_component id="oc-9b">
         <name>.data:mic3Samples</name>
         <load_address>0x200020a8</load_address>
         <run_address>0x200020a8</run_address>
         <size>0x20</size>
         <input_file_ref idref="fl-6"/>
      </object_component>
      <object_component id="oc-92">
         <name>.data</name>
         <load_address>0x20002000</load_address>
         <run_address>0x20002000</run_address>
         <size>0x44</size>
         <input_file_ref idref="fl-6"/>
      </object_component>
      <object_component id="oc-98">
         <name>.data:peekDetectionOrder</name>
         <load_address>0x20002044</load_address>
         <run_address>0x20002044</run_address>
         <size>0x24</size>
         <input_file_ref idref="fl-6"/>
      </object_component>
      <object_component id="oc-b3">
         <name>.data:angles</name>
         <load_address>0x200020c8</load_address>
         <run_address>0x200020c8</run_address>
         <size>0x8</size>
         <input_file_ref idref="fl-6"/>
      </object_component>
      <object_component id="oc-b6">
         <name>.data</name>
         <load_address>0x200020d8</load_address>
         <run_address>0x200020d8</run_address>
         <size>0x2</size>
         <input_file_ref idref="fl-b"/>
      </object_component>
      <object_component id="oc-239">
         <name>.data</name>
         <load_address>0x200020d4</load_address>
         <run_address>0x200020d4</run_address>
         <size>0x4</size>
         <input_file_ref idref="fl-d0"/>
      </object_component>
      <object_component id="oc-2cf">
         <name>.data</name>
         <load_address>0x200020d0</load_address>
         <run_address>0x200020d0</run_address>
         <size>0x4</size>
         <input_file_ref idref="fl-ef"/>
      </object_component>
      <object_component id="oc-152">
         <name>.common:strInput</name>
         <uninitialized>true</uninitialized>
         <run_address>0x200020dc</run_address>
         <size>0x54</size>
      </object_component>
      <object_component id="oc-155">
         <name>.common:token</name>
         <uninitialized>true</uninitialized>
         <run_address>0x20002130</run_address>
         <size>0x4</size>
      </object_component>
      <object_component id="oc-24">
         <name>.stack</name>
         <uninitialized>true</uninitialized>
         <run_address>0x20000000</run_address>
         <size>0x4</size>
         <input_file_ref idref="fl-d1"/>
      </object_component>
      <object_component id="oc-401">
         <name>.stack</name>
         <uninitialized>true</uninitialized>
         <run_address>0x20000000</run_address>
         <size>0x0</size>
      </object_component>
      <object_component id="oc-171">
         <name>.debug_info</name>
         <load_address>0x0</load_address>
         <run_address>0x0</run_address>
         <size>0x2fa</size>
         <input_file_ref idref="fl-1"/>
      </object_component>
      <object_component id="oc-8d">
         <name>.debug_info</name>
         <load_address>0x2fa</load_address>
         <run_address>0x2fa</run_address>
         <size>0x178</size>
         <input_file_ref idref="fl-1"/>
      </object_component>
      <object_component id="oc-c7">
         <name>.debug_info</name>
         <load_address>0x472</load_address>
         <run_address>0x472</run_address>
         <size>0x26b</size>
         <input_file_ref idref="fl-1"/>
      </object_component>
      <object_component id="oc-fb">
         <name>.debug_info</name>
         <load_address>0x6dd</load_address>
         <run_address>0x6dd</run_address>
         <size>0x88</size>
         <input_file_ref idref="fl-1"/>
      </object_component>
      <object_component id="oc-3c">
         <name>.debug_info</name>
         <load_address>0x765</load_address>
         <run_address>0x765</run_address>
         <size>0x84</size>
         <input_file_ref idref="fl-1"/>
      </object_component>
      <object_component id="oc-15b">
         <name>.debug_info</name>
         <load_address>0x7e9</load_address>
         <run_address>0x7e9</run_address>
         <size>0x2a4</size>
         <input_file_ref idref="fl-1"/>
      </object_component>
      <object_component id="oc-bf">
         <name>.debug_info</name>
         <load_address>0xa8d</load_address>
         <run_address>0xa8d</run_address>
         <size>0xbb</size>
         <input_file_ref idref="fl-1"/>
      </object_component>
      <object_component id="oc-75">
         <name>.debug_info</name>
         <load_address>0xb48</load_address>
         <run_address>0xb48</run_address>
         <size>0x11b</size>
         <input_file_ref idref="fl-2"/>
      </object_component>
      <object_component id="oc-104">
         <name>.debug_info</name>
         <load_address>0xc63</load_address>
         <run_address>0xc63</run_address>
         <size>0x269</size>
         <input_file_ref idref="fl-4"/>
      </object_component>
      <object_component id="oc-87">
         <name>.debug_info</name>
         <load_address>0xecc</load_address>
         <run_address>0xecc</run_address>
         <size>0x200</size>
         <input_file_ref idref="fl-4"/>
      </object_component>
      <object_component id="oc-100">
         <name>.debug_info</name>
         <load_address>0x10cc</load_address>
         <run_address>0x10cc</run_address>
         <size>0x2d0</size>
         <input_file_ref idref="fl-5"/>
      </object_component>
      <object_component id="oc-7b">
         <name>.debug_info</name>
         <load_address>0x139c</load_address>
         <run_address>0x139c</run_address>
         <size>0xf77</size>
         <input_file_ref idref="fl-5"/>
      </object_component>
      <object_component id="oc-ba">
         <name>.debug_info</name>
         <load_address>0x2313</load_address>
         <run_address>0x2313</run_address>
         <size>0x8b</size>
         <input_file_ref idref="fl-5"/>
      </object_component>
      <object_component id="oc-c4">
         <name>.debug_info</name>
         <load_address>0x239e</load_address>
         <run_address>0x239e</run_address>
         <size>0x509</size>
         <input_file_ref idref="fl-6"/>
      </object_component>
      <object_component id="oc-9f">
         <name>.debug_info</name>
         <load_address>0x28a7</load_address>
         <run_address>0x28a7</run_address>
         <size>0xd8</size>
         <input_file_ref idref="fl-6"/>
      </object_component>
      <object_component id="oc-96">
         <name>.debug_info</name>
         <load_address>0x297f</load_address>
         <run_address>0x297f</run_address>
         <size>0xd8</size>
         <input_file_ref idref="fl-6"/>
      </object_component>
      <object_component id="oc-9c">
         <name>.debug_info</name>
         <load_address>0x2a57</load_address>
         <run_address>0x2a57</run_address>
         <size>0xd8</size>
         <input_file_ref idref="fl-6"/>
      </object_component>
      <object_component id="oc-93">
         <name>.debug_info</name>
         <load_address>0x2b2f</load_address>
         <run_address>0x2b2f</run_address>
         <size>0x45a</size>
         <input_file_ref idref="fl-6"/>
      </object_component>
      <object_component id="oc-99">
         <name>.debug_info</name>
         <load_address>0x2f89</load_address>
         <run_address>0x2f89</run_address>
         <size>0xe6</size>
         <input_file_ref idref="fl-6"/>
      </object_component>
      <object_component id="oc-b4">
         <name>.debug_info</name>
         <load_address>0x306f</load_address>
         <run_address>0x306f</run_address>
         <size>0xce</size>
         <input_file_ref idref="fl-6"/>
      </object_component>
      <object_component id="oc-2e">
         <name>.debug_info</name>
         <load_address>0x313d</load_address>
         <run_address>0x313d</run_address>
         <size>0x5dc</size>
         <input_file_ref idref="fl-6"/>
      </object_component>
      <object_component id="oc-162">
         <name>.debug_info</name>
         <load_address>0x3719</load_address>
         <run_address>0x3719</run_address>
         <size>0x72</size>
         <input_file_ref idref="fl-6"/>
      </object_component>
      <object_component id="oc-16c">
         <name>.debug_info</name>
         <load_address>0x378b</load_address>
         <run_address>0x378b</run_address>
         <size>0xcc</size>
         <input_file_ref idref="fl-6"/>
      </object_component>
      <object_component id="oc-134">
         <name>.debug_info</name>
         <load_address>0x3857</load_address>
         <run_address>0x3857</run_address>
         <size>0x2c</size>
         <input_file_ref idref="fl-6"/>
      </object_component>
      <object_component id="oc-167">
         <name>.debug_info</name>
         <load_address>0x3883</load_address>
         <run_address>0x3883</run_address>
         <size>0x35</size>
         <input_file_ref idref="fl-6"/>
      </object_component>
      <object_component id="oc-1c7">
         <name>.debug_info</name>
         <load_address>0x38b8</load_address>
         <run_address>0x38b8</run_address>
         <size>0x26d</size>
         <input_file_ref idref="fl-7"/>
      </object_component>
      <object_component id="oc-106">
         <name>.debug_info</name>
         <load_address>0x3b25</load_address>
         <run_address>0x3b25</run_address>
         <size>0x2e9</size>
         <input_file_ref idref="fl-7"/>
      </object_component>
      <object_component id="oc-35">
         <name>.debug_info</name>
         <load_address>0x3e0e</load_address>
         <run_address>0x3e0e</run_address>
         <size>0x2e5</size>
         <input_file_ref idref="fl-9"/>
      </object_component>
      <object_component id="oc-13">
         <name>.debug_info</name>
         <load_address>0x40f3</load_address>
         <run_address>0x40f3</run_address>
         <size>0xee</size>
         <input_file_ref idref="fl-9"/>
      </object_component>
      <object_component id="oc-28">
         <name>.debug_info</name>
         <load_address>0x41e1</load_address>
         <run_address>0x41e1</run_address>
         <size>0x26b</size>
         <input_file_ref idref="fl-9"/>
      </object_component>
      <object_component id="oc-102">
         <name>.debug_info</name>
         <load_address>0x444c</load_address>
         <run_address>0x444c</run_address>
         <size>0x35d</size>
         <input_file_ref idref="fl-a"/>
      </object_component>
      <object_component id="oc-81">
         <name>.debug_info</name>
         <load_address>0x47a9</load_address>
         <run_address>0x47a9</run_address>
         <size>0x39a</size>
         <input_file_ref idref="fl-a"/>
      </object_component>
      <object_component id="oc-153">
         <name>.debug_info</name>
         <load_address>0x4b43</load_address>
         <run_address>0x4b43</run_address>
         <size>0x5c1</size>
         <input_file_ref idref="fl-b"/>
      </object_component>
      <object_component id="oc-b7">
         <name>.debug_info</name>
         <load_address>0x5104</load_address>
         <run_address>0x5104</run_address>
         <size>0x102</size>
         <input_file_ref idref="fl-b"/>
      </object_component>
      <object_component id="oc-ae">
         <name>.debug_info</name>
         <load_address>0x5206</load_address>
         <run_address>0x5206</run_address>
         <size>0x939</size>
         <input_file_ref idref="fl-b"/>
      </object_component>
      <object_component id="oc-a8">
         <name>.debug_info</name>
         <load_address>0x5b3f</load_address>
         <run_address>0x5b3f</run_address>
         <size>0x117</size>
         <input_file_ref idref="fl-c"/>
      </object_component>
      <object_component id="oc-129">
         <name>.debug_info</name>
         <load_address>0x5c56</load_address>
         <run_address>0x5c56</run_address>
         <size>0x33a</size>
         <input_file_ref idref="fl-c6"/>
      </object_component>
      <object_component id="oc-a5">
         <name>.debug_info</name>
         <load_address>0x5f90</load_address>
         <run_address>0x5f90</run_address>
         <size>0x1ee</size>
         <input_file_ref idref="fl-c6"/>
      </object_component>
      <object_component id="oc-120">
         <name>.debug_info</name>
         <load_address>0x617e</load_address>
         <run_address>0x617e</run_address>
         <size>0x1c3</size>
         <input_file_ref idref="fl-c6"/>
      </object_component>
      <object_component id="oc-126">
         <name>.debug_info</name>
         <load_address>0x6341</load_address>
         <run_address>0x6341</run_address>
         <size>0x176</size>
         <input_file_ref idref="fl-c6"/>
      </object_component>
      <object_component id="oc-12a">
         <name>.debug_info</name>
         <load_address>0x64b7</load_address>
         <run_address>0x64b7</run_address>
         <size>0x2c</size>
         <input_file_ref idref="fl-c6"/>
      </object_component>
      <object_component id="oc-12f">
         <name>.debug_info</name>
         <load_address>0x64e3</load_address>
         <run_address>0x64e3</run_address>
         <size>0x69</size>
         <input_file_ref idref="fl-c6"/>
      </object_component>
      <object_component id="oc-22c">
         <name>.debug_info</name>
         <load_address>0x654c</load_address>
         <run_address>0x654c</run_address>
         <size>0x37a</size>
         <input_file_ref idref="fl-c7"/>
      </object_component>
      <object_component id="oc-13b">
         <name>.debug_info</name>
         <load_address>0x68c6</load_address>
         <run_address>0x68c6</run_address>
         <size>0x17e</size>
         <input_file_ref idref="fl-c7"/>
      </object_component>
      <object_component id="oc-220">
         <name>.debug_info</name>
         <load_address>0x6a44</load_address>
         <run_address>0x6a44</run_address>
         <size>0x171</size>
         <input_file_ref idref="fl-c7"/>
      </object_component>
      <object_component id="oc-21a">
         <name>.debug_info</name>
         <load_address>0x6bb5</load_address>
         <run_address>0x6bb5</run_address>
         <size>0x17e</size>
         <input_file_ref idref="fl-c7"/>
      </object_component>
      <object_component id="oc-226">
         <name>.debug_info</name>
         <load_address>0x6d33</load_address>
         <run_address>0x6d33</run_address>
         <size>0x1de</size>
         <input_file_ref idref="fl-c7"/>
      </object_component>
      <object_component id="oc-42">
         <name>.debug_info</name>
         <load_address>0x6f11</load_address>
         <run_address>0x6f11</run_address>
         <size>0x119</size>
         <input_file_ref idref="fl-c8"/>
      </object_component>
      <object_component id="oc-e2">
         <name>.debug_info</name>
         <load_address>0x702a</load_address>
         <run_address>0x702a</run_address>
         <size>0x147</size>
         <input_file_ref idref="fl-c9"/>
      </object_component>
      <object_component id="oc-e0">
         <name>.debug_info</name>
         <load_address>0x7171</load_address>
         <run_address>0x7171</run_address>
         <size>0x2d4</size>
         <input_file_ref idref="fl-ca"/>
      </object_component>
      <object_component id="oc-4e">
         <name>.debug_info</name>
         <load_address>0x7445</load_address>
         <run_address>0x7445</run_address>
         <size>0x1d2</size>
         <input_file_ref idref="fl-ca"/>
      </object_component>
      <object_component id="oc-db">
         <name>.debug_info</name>
         <load_address>0x7617</load_address>
         <run_address>0x7617</run_address>
         <size>0x46</size>
         <input_file_ref idref="fl-ca"/>
      </object_component>
      <object_component id="oc-179">
         <name>.debug_info</name>
         <load_address>0x765d</load_address>
         <run_address>0x765d</run_address>
         <size>0x2c</size>
         <input_file_ref idref="fl-ca"/>
      </object_component>
      <object_component id="oc-4c">
         <name>.debug_info</name>
         <load_address>0x7689</load_address>
         <run_address>0x7689</run_address>
         <size>0x2a8</size>
         <input_file_ref idref="fl-cb"/>
      </object_component>
      <object_component id="oc-1c">
         <name>.debug_info</name>
         <load_address>0x7931</load_address>
         <run_address>0x7931</run_address>
         <size>0x1ea</size>
         <input_file_ref idref="fl-cb"/>
      </object_component>
      <object_component id="oc-47">
         <name>.debug_info</name>
         <load_address>0x7b1b</load_address>
         <run_address>0x7b1b</run_address>
         <size>0x46</size>
         <input_file_ref idref="fl-cb"/>
      </object_component>
      <object_component id="oc-d3">
         <name>.debug_info</name>
         <load_address>0x7b61</load_address>
         <run_address>0x7b61</run_address>
         <size>0x2c</size>
         <input_file_ref idref="fl-cb"/>
      </object_component>
      <object_component id="oc-d1">
         <name>.debug_info</name>
         <load_address>0x7b8d</load_address>
         <run_address>0x7b8d</run_address>
         <size>0x29e</size>
         <input_file_ref idref="fl-cc"/>
      </object_component>
      <object_component id="oc-16">
         <name>.debug_info</name>
         <load_address>0x7e2b</load_address>
         <run_address>0x7e2b</run_address>
         <size>0x250</size>
         <input_file_ref idref="fl-cc"/>
      </object_component>
      <object_component id="oc-37">
         <name>.debug_info</name>
         <load_address>0x807b</load_address>
         <run_address>0x807b</run_address>
         <size>0x60</size>
         <input_file_ref idref="fl-cc"/>
      </object_component>
      <object_component id="oc-172">
         <name>.debug_info</name>
         <load_address>0x80db</load_address>
         <run_address>0x80db</run_address>
         <size>0x46</size>
         <input_file_ref idref="fl-cc"/>
      </object_component>
      <object_component id="oc-cc">
         <name>.debug_info</name>
         <load_address>0x8121</load_address>
         <run_address>0x8121</run_address>
         <size>0x39</size>
         <input_file_ref idref="fl-cc"/>
      </object_component>
      <object_component id="oc-34c">
         <name>.debug_info</name>
         <load_address>0x815a</load_address>
         <run_address>0x815a</run_address>
         <size>0xf9</size>
         <input_file_ref idref="fl-cd"/>
      </object_component>
      <object_component id="oc-269">
         <name>.debug_info</name>
         <load_address>0x8253</load_address>
         <run_address>0x8253</run_address>
         <size>0x105</size>
         <input_file_ref idref="fl-cd"/>
      </object_component>
      <object_component id="oc-23f">
         <name>.debug_info</name>
         <load_address>0x8358</load_address>
         <run_address>0x8358</run_address>
         <size>0x28a</size>
         <input_file_ref idref="fl-ce"/>
      </object_component>
      <object_component id="oc-147">
         <name>.debug_info</name>
         <load_address>0x85e2</load_address>
         <run_address>0x85e2</run_address>
         <size>0x273</size>
         <input_file_ref idref="fl-ce"/>
      </object_component>
      <object_component id="oc-241">
         <name>.debug_info</name>
         <load_address>0x8855</load_address>
         <run_address>0x8855</run_address>
         <size>0x28f</size>
         <input_file_ref idref="fl-cf"/>
      </object_component>
      <object_component id="oc-14d">
         <name>.debug_info</name>
         <load_address>0x8ae4</load_address>
         <run_address>0x8ae4</run_address>
         <size>0x245</size>
         <input_file_ref idref="fl-cf"/>
      </object_component>
      <object_component id="oc-23d">
         <name>.debug_info</name>
         <load_address>0x8d29</load_address>
         <run_address>0x8d29</run_address>
         <size>0x2fe</size>
         <input_file_ref idref="fl-d0"/>
      </object_component>
      <object_component id="oc-23a">
         <name>.debug_info</name>
         <load_address>0x9027</load_address>
         <run_address>0x9027</run_address>
         <size>0x105</size>
         <input_file_ref idref="fl-d0"/>
      </object_component>
      <object_component id="oc-141">
         <name>.debug_info</name>
         <load_address>0x912c</load_address>
         <run_address>0x912c</run_address>
         <size>0x1ab</size>
         <input_file_ref idref="fl-d0"/>
      </object_component>
      <object_component id="oc-25">
         <name>.debug_info</name>
         <load_address>0x92d7</load_address>
         <run_address>0x92d7</run_address>
         <size>0x10b</size>
         <input_file_ref idref="fl-d1"/>
      </object_component>
      <object_component id="oc-60">
         <name>.debug_info</name>
         <load_address>0x93e2</load_address>
         <run_address>0x93e2</run_address>
         <size>0x1a9</size>
         <input_file_ref idref="fl-d1"/>
      </object_component>
      <object_component id="oc-204">
         <name>.debug_info</name>
         <load_address>0x958b</load_address>
         <run_address>0x958b</run_address>
         <size>0x590</size>
         <input_file_ref idref="fl-d2"/>
      </object_component>
      <object_component id="oc-1cf">
         <name>.debug_info</name>
         <load_address>0x9b1b</load_address>
         <run_address>0x9b1b</run_address>
         <size>0x21e</size>
         <input_file_ref idref="fl-d2"/>
      </object_component>
      <object_component id="oc-299">
         <name>.debug_info</name>
         <load_address>0x9d39</load_address>
         <run_address>0x9d39</run_address>
         <size>0x1b3</size>
         <input_file_ref idref="fl-d2"/>
      </object_component>
      <object_component id="oc-29f">
         <name>.debug_info</name>
         <load_address>0x9eec</load_address>
         <run_address>0x9eec</run_address>
         <size>0x21b</size>
         <input_file_ref idref="fl-d2"/>
      </object_component>
      <object_component id="oc-1da">
         <name>.debug_info</name>
         <load_address>0xa107</load_address>
         <run_address>0xa107</run_address>
         <size>0x3c0</size>
         <input_file_ref idref="fl-d2"/>
      </object_component>
      <object_component id="oc-2a6">
         <name>.debug_info</name>
         <load_address>0xa4c7</load_address>
         <run_address>0xa4c7</run_address>
         <size>0x30a</size>
         <input_file_ref idref="fl-d2"/>
      </object_component>
      <object_component id="oc-2ac">
         <name>.debug_info</name>
         <load_address>0xa7d1</load_address>
         <run_address>0xa7d1</run_address>
         <size>0x215</size>
         <input_file_ref idref="fl-d2"/>
      </object_component>
      <object_component id="oc-1e0">
         <name>.debug_info</name>
         <load_address>0xa9e6</load_address>
         <run_address>0xa9e6</run_address>
         <size>0x215</size>
         <input_file_ref idref="fl-d2"/>
      </object_component>
      <object_component id="oc-1e6">
         <name>.debug_info</name>
         <load_address>0xabfb</load_address>
         <run_address>0xabfb</run_address>
         <size>0x304</size>
         <input_file_ref idref="fl-d2"/>
      </object_component>
      <object_component id="oc-1ec">
         <name>.debug_info</name>
         <load_address>0xaeff</load_address>
         <run_address>0xaeff</run_address>
         <size>0x4b5</size>
         <input_file_ref idref="fl-d2"/>
      </object_component>
      <object_component id="oc-117">
         <name>.debug_info</name>
         <load_address>0xb3b4</load_address>
         <run_address>0xb3b4</run_address>
         <size>0x5f4</size>
         <input_file_ref idref="fl-d2"/>
      </object_component>
      <object_component id="oc-205">
         <name>.debug_info</name>
         <load_address>0xb9a8</load_address>
         <run_address>0xb9a8</run_address>
         <size>0x86</size>
         <input_file_ref idref="fl-d2"/>
      </object_component>
      <object_component id="oc-2d6">
         <name>.debug_info</name>
         <load_address>0xba2e</load_address>
         <run_address>0xba2e</run_address>
         <size>0x39</size>
         <input_file_ref idref="fl-d2"/>
      </object_component>
      <object_component id="oc-37f">
         <name>.debug_info</name>
         <load_address>0xba67</load_address>
         <run_address>0xba67</run_address>
         <size>0xb6</size>
         <input_file_ref idref="fl-d2"/>
      </object_component>
      <object_component id="oc-2db">
         <name>.debug_info</name>
         <load_address>0xbb1d</load_address>
         <run_address>0xbb1d</run_address>
         <size>0x46</size>
         <input_file_ref idref="fl-d2"/>
      </object_component>
      <object_component id="oc-20a">
         <name>.debug_info</name>
         <load_address>0xbb63</load_address>
         <run_address>0xbb63</run_address>
         <size>0x46</size>
         <input_file_ref idref="fl-d2"/>
      </object_component>
      <object_component id="oc-311">
         <name>.debug_info</name>
         <load_address>0xbba9</load_address>
         <run_address>0xbba9</run_address>
         <size>0x5ce</size>
         <input_file_ref idref="fl-d3"/>
      </object_component>
      <object_component id="oc-214">
         <name>.debug_info</name>
         <load_address>0xc177</load_address>
         <run_address>0xc177</run_address>
         <size>0xa45</size>
         <input_file_ref idref="fl-d3"/>
      </object_component>
      <object_component id="oc-313">
         <name>.debug_info</name>
         <load_address>0xcbbc</load_address>
         <run_address>0xcbbc</run_address>
         <size>0x9a</size>
         <input_file_ref idref="fl-d3"/>
      </object_component>
      <object_component id="oc-296">
         <name>.debug_info</name>
         <load_address>0xcc56</load_address>
         <run_address>0xcc56</run_address>
         <size>0x14c</size>
         <input_file_ref idref="fl-d4"/>
      </object_component>
      <object_component id="oc-1d5">
         <name>.debug_info</name>
         <load_address>0xcda2</load_address>
         <run_address>0xcda2</run_address>
         <size>0x128</size>
         <input_file_ref idref="fl-d5"/>
      </object_component>
      <object_component id="oc-27f">
         <name>.debug_info</name>
         <load_address>0xceca</load_address>
         <run_address>0xceca</run_address>
         <size>0x12a</size>
         <input_file_ref idref="fl-d5"/>
      </object_component>
      <object_component id="oc-27a">
         <name>.debug_info</name>
         <load_address>0xcff4</load_address>
         <run_address>0xcff4</run_address>
         <size>0x13a</size>
         <input_file_ref idref="fl-d6"/>
      </object_component>
      <object_component id="oc-275">
         <name>.debug_info</name>
         <load_address>0xd12e</load_address>
         <run_address>0xd12e</run_address>
         <size>0x13a</size>
         <input_file_ref idref="fl-d7"/>
      </object_component>
      <object_component id="oc-284">
         <name>.debug_info</name>
         <load_address>0xd268</load_address>
         <run_address>0xd268</run_address>
         <size>0x12e</size>
         <input_file_ref idref="fl-d8"/>
      </object_component>
      <object_component id="oc-2f9">
         <name>.debug_info</name>
         <load_address>0xd396</load_address>
         <run_address>0xd396</run_address>
         <size>0x13e</size>
         <input_file_ref idref="fl-d9"/>
      </object_component>
      <object_component id="oc-28f">
         <name>.debug_info</name>
         <load_address>0xd4d4</load_address>
         <run_address>0xd4d4</run_address>
         <size>0x12c</size>
         <input_file_ref idref="fl-da"/>
      </object_component>
      <object_component id="oc-26e">
         <name>.debug_info</name>
         <load_address>0xd600</load_address>
         <run_address>0xd600</run_address>
         <size>0x134</size>
         <input_file_ref idref="fl-db"/>
      </object_component>
      <object_component id="oc-251">
         <name>.debug_info</name>
         <load_address>0xd734</load_address>
         <run_address>0xd734</run_address>
         <size>0x4b3</size>
         <input_file_ref idref="fl-dc"/>
      </object_component>
      <object_component id="oc-18f">
         <name>.debug_info</name>
         <load_address>0xdbe7</load_address>
         <run_address>0xdbe7</run_address>
         <size>0x1a6</size>
         <input_file_ref idref="fl-dc"/>
      </object_component>
      <object_component id="oc-339">
         <name>.debug_info</name>
         <load_address>0xdd8d</load_address>
         <run_address>0xdd8d</run_address>
         <size>0x39</size>
         <input_file_ref idref="fl-dc"/>
      </object_component>
      <object_component id="oc-3a5">
         <name>.debug_info</name>
         <load_address>0xddc6</load_address>
         <run_address>0xddc6</run_address>
         <size>0x39</size>
         <input_file_ref idref="fl-dc"/>
      </object_component>
      <object_component id="oc-33e">
         <name>.debug_info</name>
         <load_address>0xddff</load_address>
         <run_address>0xddff</run_address>
         <size>0x39</size>
         <input_file_ref idref="fl-dc"/>
      </object_component>
      <object_component id="oc-343">
         <name>.debug_info</name>
         <load_address>0xde38</load_address>
         <run_address>0xde38</run_address>
         <size>0xcd</size>
         <input_file_ref idref="fl-dc"/>
      </object_component>
      <object_component id="oc-e8">
         <name>.debug_info</name>
         <load_address>0xdf05</load_address>
         <run_address>0xdf05</run_address>
         <size>0x153</size>
         <input_file_ref idref="fl-dd"/>
      </object_component>
      <object_component id="oc-183">
         <name>.debug_info</name>
         <load_address>0xe058</load_address>
         <run_address>0xe058</run_address>
         <size>0x122</size>
         <input_file_ref idref="fl-df"/>
      </object_component>
      <object_component id="oc-35a">
         <name>.debug_info</name>
         <load_address>0xe17a</load_address>
         <run_address>0xe17a</run_address>
         <size>0x29c</size>
         <input_file_ref idref="fl-e1"/>
      </object_component>
      <object_component id="oc-289">
         <name>.debug_info</name>
         <load_address>0xe416</load_address>
         <run_address>0xe416</run_address>
         <size>0x1da</size>
         <input_file_ref idref="fl-e1"/>
      </object_component>
      <object_component id="oc-26c">
         <name>.debug_info</name>
         <load_address>0xe5f0</load_address>
         <run_address>0xe5f0</run_address>
         <size>0x2b9</size>
         <input_file_ref idref="fl-e3"/>
      </object_component>
      <object_component id="oc-1c9">
         <name>.debug_info</name>
         <load_address>0xe8a9</load_address>
         <run_address>0xe8a9</run_address>
         <size>0x17c</size>
         <input_file_ref idref="fl-e3"/>
      </object_component>
      <object_component id="oc-2c7">
         <name>.debug_info</name>
         <load_address>0xea25</load_address>
         <run_address>0xea25</run_address>
         <size>0x2a7</size>
         <input_file_ref idref="fl-e4"/>
      </object_component>
      <object_component id="oc-1f2">
         <name>.debug_info</name>
         <load_address>0xeccc</load_address>
         <run_address>0xeccc</run_address>
         <size>0x1b8</size>
         <input_file_ref idref="fl-e4"/>
      </object_component>
      <object_component id="oc-371">
         <name>.debug_info</name>
         <load_address>0xee84</load_address>
         <run_address>0xee84</run_address>
         <size>0x29a</size>
         <input_file_ref idref="fl-e5"/>
      </object_component>
      <object_component id="oc-2c0">
         <name>.debug_info</name>
         <load_address>0xf11e</load_address>
         <run_address>0xf11e</run_address>
         <size>0x262</size>
         <input_file_ref idref="fl-e5"/>
      </object_component>
      <object_component id="oc-385">
         <name>.debug_info</name>
         <load_address>0xf380</load_address>
         <run_address>0xf380</run_address>
         <size>0x2a4</size>
         <input_file_ref idref="fl-e6"/>
      </object_component>
      <object_component id="oc-2e1">
         <name>.debug_info</name>
         <load_address>0xf624</load_address>
         <run_address>0xf624</run_address>
         <size>0x24d</size>
         <input_file_ref idref="fl-e6"/>
      </object_component>
      <object_component id="oc-320">
         <name>.debug_info</name>
         <load_address>0xf871</load_address>
         <run_address>0xf871</run_address>
         <size>0x290</size>
         <input_file_ref idref="fl-e7"/>
      </object_component>
      <object_component id="oc-234">
         <name>.debug_info</name>
         <load_address>0xfb01</load_address>
         <run_address>0xfb01</run_address>
         <size>0x198</size>
         <input_file_ref idref="fl-e7"/>
      </object_component>
      <object_component id="oc-39b">
         <name>.debug_info</name>
         <load_address>0xfc99</load_address>
         <run_address>0xfc99</run_address>
         <size>0x296</size>
         <input_file_ref idref="fl-e8"/>
      </object_component>
      <object_component id="oc-30a">
         <name>.debug_info</name>
         <load_address>0xff2f</load_address>
         <run_address>0xff2f</run_address>
         <size>0x265</size>
         <input_file_ref idref="fl-e8"/>
      </object_component>
      <object_component id="oc-31e">
         <name>.debug_info</name>
         <load_address>0x10194</load_address>
         <run_address>0x10194</run_address>
         <size>0x295</size>
         <input_file_ref idref="fl-e9"/>
      </object_component>
      <object_component id="oc-22e">
         <name>.debug_info</name>
         <load_address>0x10429</load_address>
         <run_address>0x10429</run_address>
         <size>0x1c3</size>
         <input_file_ref idref="fl-e9"/>
      </object_component>
      <object_component id="oc-393">
         <name>.debug_info</name>
         <load_address>0x105ec</load_address>
         <run_address>0x105ec</run_address>
         <size>0x3b1</size>
         <input_file_ref idref="fl-ea"/>
      </object_component>
      <object_component id="oc-390">
         <name>.debug_info</name>
         <load_address>0x1099d</load_address>
         <run_address>0x1099d</run_address>
         <size>0x123</size>
         <input_file_ref idref="fl-ea"/>
      </object_component>
      <object_component id="oc-2f3">
         <name>.debug_info</name>
         <load_address>0x10ac0</load_address>
         <run_address>0x10ac0</run_address>
         <size>0x4e0</size>
         <input_file_ref idref="fl-ea"/>
      </object_component>
      <object_component id="oc-397">
         <name>.debug_info</name>
         <load_address>0x10fa0</load_address>
         <run_address>0x10fa0</run_address>
         <size>0x321</size>
         <input_file_ref idref="fl-eb"/>
      </object_component>
      <object_component id="oc-301">
         <name>.debug_info</name>
         <load_address>0x112c1</load_address>
         <run_address>0x112c1</run_address>
         <size>0x28b</size>
         <input_file_ref idref="fl-eb"/>
      </object_component>
      <object_component id="oc-399">
         <name>.debug_info</name>
         <load_address>0x1154c</load_address>
         <run_address>0x1154c</run_address>
         <size>0x322</size>
         <input_file_ref idref="fl-ec"/>
      </object_component>
      <object_component id="oc-305">
         <name>.debug_info</name>
         <load_address>0x1186e</load_address>
         <run_address>0x1186e</run_address>
         <size>0x2cf</size>
         <input_file_ref idref="fl-ec"/>
      </object_component>
      <object_component id="oc-38e">
         <name>.debug_info</name>
         <load_address>0x11b3d</load_address>
         <run_address>0x11b3d</run_address>
         <size>0x322</size>
         <input_file_ref idref="fl-ed"/>
      </object_component>
      <object_component id="oc-2ed">
         <name>.debug_info</name>
         <load_address>0x11e5f</load_address>
         <run_address>0x11e5f</run_address>
         <size>0x231</size>
         <input_file_ref idref="fl-ed"/>
      </object_component>
      <object_component id="oc-38c">
         <name>.debug_info</name>
         <load_address>0x12090</load_address>
         <run_address>0x12090</run_address>
         <size>0x323</size>
         <input_file_ref idref="fl-ee"/>
      </object_component>
      <object_component id="oc-2e7">
         <name>.debug_info</name>
         <load_address>0x123b3</load_address>
         <run_address>0x123b3</run_address>
         <size>0x254</size>
         <input_file_ref idref="fl-ee"/>
      </object_component>
      <object_component id="oc-2d3">
         <name>.debug_info</name>
         <load_address>0x12607</load_address>
         <run_address>0x12607</run_address>
         <size>0x289</size>
         <input_file_ref idref="fl-ef"/>
      </object_component>
      <object_component id="oc-2d0">
         <name>.debug_info</name>
         <load_address>0x12890</load_address>
         <run_address>0x12890</run_address>
         <size>0x10e</size>
         <input_file_ref idref="fl-ef"/>
      </object_component>
      <object_component id="oc-1fe">
         <name>.debug_info</name>
         <load_address>0x1299e</load_address>
         <run_address>0x1299e</run_address>
         <size>0x14e</size>
         <input_file_ref idref="fl-ef"/>
      </object_component>
      <object_component id="oc-2ce">
         <name>.debug_info</name>
         <load_address>0x12aec</load_address>
         <run_address>0x12aec</run_address>
         <size>0x28f</size>
         <input_file_ref idref="fl-f0"/>
      </object_component>
      <object_component id="oc-1f8">
         <name>.debug_info</name>
         <load_address>0x12d7b</load_address>
         <run_address>0x12d7b</run_address>
         <size>0x15a</size>
         <input_file_ref idref="fl-f0"/>
      </object_component>
      <object_component id="oc-374">
         <name>.debug_info</name>
         <load_address>0x12ed5</load_address>
         <run_address>0x12ed5</run_address>
         <size>0x46</size>
         <input_file_ref idref="fl-f0"/>
      </object_component>
      <object_component id="oc-2c9">
         <name>.debug_info</name>
         <load_address>0x12f1b</load_address>
         <run_address>0x12f1b</run_address>
         <size>0x39</size>
         <input_file_ref idref="fl-f0"/>
      </object_component>
      <object_component id="oc-362">
         <name>.debug_info</name>
         <load_address>0x12f54</load_address>
         <run_address>0x12f54</run_address>
         <size>0x295</size>
         <input_file_ref idref="fl-f1"/>
      </object_component>
      <object_component id="oc-2b4">
         <name>.debug_info</name>
         <load_address>0x131e9</load_address>
         <run_address>0x131e9</run_address>
         <size>0x195</size>
         <input_file_ref idref="fl-f1"/>
      </object_component>
      <object_component id="oc-3b8">
         <name>.debug_info</name>
         <load_address>0x1337e</load_address>
         <run_address>0x1337e</run_address>
         <size>0x39</size>
         <input_file_ref idref="fl-f1"/>
      </object_component>
      <object_component id="oc-363">
         <name>.debug_info</name>
         <load_address>0x133b7</load_address>
         <run_address>0x133b7</run_address>
         <size>0x2c</size>
         <input_file_ref idref="fl-f1"/>
      </object_component>
      <object_component id="oc-36f">
         <name>.debug_info</name>
         <load_address>0x133e3</load_address>
         <run_address>0x133e3</run_address>
         <size>0x2f8</size>
         <input_file_ref idref="fl-f2"/>
      </object_component>
      <object_component id="oc-2ba">
         <name>.debug_info</name>
         <load_address>0x136db</load_address>
         <run_address>0x136db</run_address>
         <size>0x225</size>
         <input_file_ref idref="fl-f2"/>
      </object_component>
      <object_component id="oc-352">
         <name>.debug_info</name>
         <load_address>0x13900</load_address>
         <run_address>0x13900</run_address>
         <size>0x115</size>
         <input_file_ref idref="fl-f3"/>
      </object_component>
      <object_component id="oc-388">
         <name>.debug_info</name>
         <load_address>0x13a15</load_address>
         <run_address>0x13a15</run_address>
         <size>0x122</size>
         <input_file_ref idref="fl-f4"/>
      </object_component>
      <object_component id="oc-369">
         <name>.debug_info</name>
         <load_address>0x13b37</load_address>
         <run_address>0x13b37</run_address>
         <size>0x161</size>
         <input_file_ref idref="fl-f5"/>
      </object_component>
      <object_component id="oc-402">
         <name>.debug_info</name>
         <load_address>0x13c98</load_address>
         <run_address>0x13c98</run_address>
         <size>0xa1</size>
      </object_component>
      <object_component id="oc-245">
         <name>.debug_line</name>
         <load_address>0x0</load_address>
         <run_address>0x0</run_address>
         <size>0x3a</size>
         <input_file_ref idref="fl-1"/>
      </object_component>
      <object_component id="oc-90">
         <name>.debug_line</name>
         <load_address>0x3a</load_address>
         <run_address>0x3a</run_address>
         <size>0x51</size>
         <input_file_ref idref="fl-1"/>
      </object_component>
      <object_component id="oc-ca">
         <name>.debug_line</name>
         <load_address>0x8b</load_address>
         <run_address>0x8b</run_address>
         <size>0x79</size>
         <input_file_ref idref="fl-1"/>
      </object_component>
      <object_component id="oc-fe">
         <name>.debug_line</name>
         <load_address>0x104</load_address>
         <run_address>0x104</run_address>
         <size>0x2d</size>
         <input_file_ref idref="fl-1"/>
      </object_component>
      <object_component id="oc-3f">
         <name>.debug_line</name>
         <load_address>0x131</load_address>
         <run_address>0x131</run_address>
         <size>0x20</size>
         <input_file_ref idref="fl-1"/>
      </object_component>
      <object_component id="oc-15e">
         <name>.debug_line</name>
         <load_address>0x151</load_address>
         <run_address>0x151</run_address>
         <size>0x7d</size>
         <input_file_ref idref="fl-1"/>
      </object_component>
      <object_component id="oc-c2">
         <name>.debug_line</name>
         <load_address>0x1ce</load_address>
         <run_address>0x1ce</run_address>
         <size>0x7a</size>
         <input_file_ref idref="fl-1"/>
      </object_component>
      <object_component id="oc-78">
         <name>.debug_line</name>
         <load_address>0x248</load_address>
         <run_address>0x248</run_address>
         <size>0x40</size>
         <input_file_ref idref="fl-2"/>
      </object_component>
      <object_component id="oc-1c5">
         <name>.debug_line</name>
         <load_address>0x288</load_address>
         <run_address>0x288</run_address>
         <size>0x20</size>
         <input_file_ref idref="fl-4"/>
      </object_component>
      <object_component id="oc-8a">
         <name>.debug_line</name>
         <load_address>0x2a8</load_address>
         <run_address>0x2a8</run_address>
         <size>0x74</size>
         <input_file_ref idref="fl-4"/>
      </object_component>
      <object_component id="oc-1c1">
         <name>.debug_line</name>
         <load_address>0x31c</load_address>
         <run_address>0x31c</run_address>
         <size>0x20</size>
         <input_file_ref idref="fl-5"/>
      </object_component>
      <object_component id="oc-7e">
         <name>.debug_line</name>
         <load_address>0x33c</load_address>
         <run_address>0x33c</run_address>
         <size>0x3a7</size>
         <input_file_ref idref="fl-5"/>
      </object_component>
      <object_component id="oc-bd">
         <name>.debug_line</name>
         <load_address>0x6e3</load_address>
         <run_address>0x6e3</run_address>
         <size>0x20</size>
         <input_file_ref idref="fl-5"/>
      </object_component>
      <object_component id="oc-161">
[...]
      <symbol id="sm-f8">
         <name>setPinValue</name>
         <value>0x26af</value>
         <object_component_ref idref="oc-7a"/>
      </symbol>
      <symbol id="sm-1ef">
         <name>rolledIdx</name>
         <value>0x2000202c</value>
         <object_component_ref idref="oc-92"/>
      </symbol>
      <symbol id="sm-1f0">
         <name>partialSets</name>
         <value>0x2000201d</value>
         <object_component_ref idref="oc-92"/>
      </symbol>
      <symbol id="sm-1f1">
         <name>timeConstant</name>
         <value>0x20002014</value>
         <object_component_ref idref="oc-92"/>
      </symbol>
      <symbol id="sm-1f2">
         <name>initHw</name>
         <value>0x17d1</value>
         <object_component_ref idref="oc-2d"/>
      </symbol>
      <symbol id="sm-1f3">
         <name>angles</name>
         <value>0x200020c8</value>
         <object_component_ref idref="oc-b3"/>
      </symbol>
      <symbol id="sm-1f4">
         <name>mic2Samples</name>
         <value>0x20002088</value>
         <object_component_ref idref="oc-95"/>
      </symbol>
      <symbol id="sm-1f5">
         <name>tdoaEnable</name>
         <value>0x2000201c</value>
         <object_component_ref idref="oc-92"/>
      </symbol>
      <symbol id="sm-1f6">
         <name>aoaValue</name>
         <value>0x2000201e</value>
         <object_component_ref idref="oc-92"/>
      </symbol>
      <symbol id="sm-1f7">
         <name>secondPeek</name>
         <value>0x20002021</value>
         <object_component_ref idref="oc-92"/>
      </symbol>
      <symbol id="sm-1f8">
         <name>wherePeek</name>
         <value>0x20002020</value>
         <object_component_ref idref="oc-92"/>
      </symbol>
      <symbol id="sm-1f9">
         <name>calculateAvgs</name>
         <value>0x182b</value>
         <object_component_ref idref="oc-2d"/>
      </symbol>
      <symbol id="sm-1fa">
         <name>initApp</name>
         <value>0x17ff</value>
         <object_component_ref idref="oc-2d"/>
      </symbol>
      <symbol id="sm-1fb">
         <name>adcTimeConstantFlag</name>
         <value>0x20002028</value>
         <object_component_ref idref="oc-92"/>
      </symbol>
      <symbol id="sm-1fc">
         <name>main</name>
         <value>0x1d61</value>
         <object_component_ref idref="oc-2d"/>
      </symbol>
      <symbol id="sm-1fd">
         <name>mic3Samples</name>
         <value>0x200020a8</value>
         <object_component_ref idref="oc-9b"/>
      </symbol>
      <symbol id="sm-1fe">
         <name>holdOffFlag</name>
         <value>0x20002029</value>
         <object_component_ref idref="oc-92"/>
      </symbol>
      <symbol id="sm-1ff">
         <name>aoaAdc0InterruptHandler</name>
         <value>0x1ee5</value>
         <object_component_ref idref="oc-2d"/>
      </symbol>
      <symbol id="sm-200">
         <name>backOff</name>
         <value>0x20002016</value>
         <object_component_ref idref="oc-92"/>
      </symbol>
      <symbol id="sm-201">
         <name>threeSampleDetCount</name>
         <value>0x20002030</value>
         <object_component_ref idref="oc-92"/>
      </symbol>
      <symbol id="sm-202">
         <name>hysteresis</name>
         <value>0x2000201a</value>
         <object_component_ref idref="oc-92"/>
      </symbol>
      <symbol id="sm-203">
         <name>threshold</name>
         <value>0x20002010</value>
         <object_component_ref idref="oc-92"/>
      </symbol>
      <symbol id="sm-204">
         <name>peekDetectionOrder</name>
         <value>0x20002044</value>
         <object_component_ref idref="oc-98"/>
      </symbol>
      <symbol id="sm-205">
         <name>trash</name>
         <value>0x20002038</value>
         <object_component_ref idref="oc-92"/>
      </symbol>
      <symbol id="sm-206">
         <name>peekTimeout</name>
         <value>0x20002034</value>
         <object_component_ref idref="oc-92"/>
      </symbol>
      <symbol id="sm-207">
         <name>hysteresisFlag</name>
         <value>0x2000202a</value>
         <object_component_ref idref="oc-92"/>
      </symbol>
      <symbol id="sm-208">
         <name>holdOff</name>
         <value>0x20002018</value>
         <object_component_ref idref="oc-92"/>
      </symbol>
      <symbol id="sm-209">
         <name>calAvgNow</name>
         <value>0x20002002</value>
         <object_component_ref idref="oc-92"/>
      </symbol>
      <symbol id="sm-20a">
         <name>audioProcess</name>
         <value>0x1b4d</value>
         <object_component_ref idref="oc-2d"/>
      </symbol>
      <symbol id="sm-20b">
         <name>mic3SamplesAvg</name>
         <value>0x2000200c</value>
         <object_component_ref idref="oc-92"/>
      </symbol>
      <symbol id="sm-20c">
         <name>mic1Samples</name>
         <value>0x20002068</value>
         <object_component_ref idref="oc-9e"/>
      </symbol>
      <symbol id="sm-20d">
         <name>mic2SamplesAvg</name>
         <value>0x20002008</value>
         <object_component_ref idref="oc-92"/>
      </symbol>
      <symbol id="sm-20e">
         <name>mic1SamplesAvg</name>
         <value>0x20002004</value>
         <object_component_ref idref="oc-92"/>
      </symbol>
      <symbol id="sm-20f">
         <name>idx</name>
         <value>0x20002000</value>
         <object_component_ref idref="oc-92"/>
      </symbol>
      <symbol id="sm-210">
         <name>adcTicks</name>
         <value>0x20002024</value>
         <object_component_ref idref="oc-92"/>
      </symbol>
      <symbol id="sm-222">
         <name>disableNvicInterrupt</name>
         <value>0x4623</value>
         <object_component_ref idref="oc-105"/>
      </symbol>
      <symbol id="sm-223">
         <name>enableNvicInterrupt</name>
         <value>0x4609</value>
         <object_component_ref idref="oc-105"/>
      </symbol>
      <symbol id="sm-224">
         <name>setNvicInterruptPriority</name>
         <value>0x45dd</value>
         <object_component_ref idref="oc-105"/>
      </symbol>
      <symbol id="sm-241">
         <name>ResetISR</name>
         <value>0x4ccf</value>
         <object_component_ref idref="oc-27"/>
      </symbol>
      <symbol id="sm-242">
         <name>g_pfnVectors</name>
         <value>0x0</value>
         <object_component_ref idref="oc-12"/>
      </symbol>
      <symbol id="sm-25c">
         <name>getcUart0</name>
         <value>0x40fb</value>
         <object_component_ref idref="oc-80"/>
      </symbol>
      <symbol id="sm-25d">
         <name>kbhitUart0</name>
         <value>0x409f</value>
         <object_component_ref idref="oc-80"/>
      </symbol>
      <symbol id="sm-25e">
         <name>setUart0BaudRate</name>
         <value>0x4049</value>
         <object_component_ref idref="oc-80"/>
      </symbol>
      <symbol id="sm-25f">
         <name>putsUart0</name>
         <value>0x4085</value>
         <object_component_ref idref="oc-80"/>
      </symbol>
      <symbol id="sm-260">
         <name>initUart0</name>
         <value>0x40b1</value>
         <object_component_ref idref="oc-80"/>
      </symbol>
      <symbol id="sm-261">
         <name>putcUart0</name>
         <value>0x4073</value>
         <object_component_ref idref="oc-80"/>
      </symbol>
      <symbol id="sm-2cc">
         <name>strInput</name>
         <value>0x200020dc</value>
      </symbol>
      <symbol id="sm-2cd">
         <name>token</name>
         <value>0x20002130</value>
      </symbol>
      <symbol id="sm-2ce">
         <name>displayAvgs</name>
         <value>0x21d1</value>
         <object_component_ref idref="oc-ad"/>
      </symbol>
      <symbol id="sm-2cf">
         <name>setBackOff</name>
         <value>0x21c5</value>
         <object_component_ref idref="oc-ad"/>
      </symbol>
      <symbol id="sm-2d0">
         <name>asciiToUint16</name>
         <value>0x222b</value>
         <object_component_ref idref="oc-ad"/>
      </symbol>
      <symbol id="sm-2d1">
         <name>processShell</name>
         <value>0x2291</value>
         <object_component_ref idref="oc-ad"/>
      </symbol>
      <symbol id="sm-2d2">
         <name>setTimeConstant</name>
         <value>0x21a1</value>
         <object_component_ref idref="oc-ad"/>
      </symbol>
      <symbol id="sm-2d3">
         <name>alwaysEventAoa</name>
         <value>0x200020d9</value>
         <object_component_ref idref="oc-b6"/>
      </symbol>
      <symbol id="sm-2d4">
         <name>setHoldoff</name>
         <value>0x21b9</value>
         <object_component_ref idref="oc-ad"/>
      </symbol>
      <symbol id="sm-2d5">
         <name>alwaysEvents</name>
         <value>0x2529</value>
         <object_component_ref idref="oc-ad"/>
      </symbol>
      <symbol id="sm-2d6">
         <name>count</name>
         <value>0x200020d8</value>
         <object_component_ref idref="oc-b6"/>
      </symbol>
      <symbol id="sm-2d7">
         <name>setHysteresis</name>
         <value>0x21ad</value>
         <object_component_ref idref="oc-ad"/>
      </symbol>
      <symbol id="sm-2e5">
         <name>waitMicrosecond</name>
         <value>0x4bb9</value>
         <object_component_ref idref="oc-a7"/>
      </symbol>
      <symbol id="sm-314">
         <name>snprintf</name>
         <value>0x4911</value>
         <object_component_ref idref="oc-a1"/>
      </symbol>
      <symbol id="sm-34b">
         <name>sscanf</name>
         <value>0x4a69</value>
         <object_component_ref idref="oc-13a"/>
      </symbol>
      <symbol id="sm-366">
         <name>memcpy</name>
         <value>0x41cf</value>
         <object_component_ref idref="oc-41"/>
      </symbol>
      <symbol id="sm-367">
         <name>__aeabi_memcpy</name>
         <value>0x41cf</value>
         <object_component_ref idref="oc-41"/>
      </symbol>
      <symbol id="sm-368">
         <name>__aeabi_memcpy8</name>
         <value>0x41cf</value>
         <object_component_ref idref="oc-41"/>
      </symbol>
      <symbol id="sm-369">
         <name>__aeabi_memcpy4</name>
         <value>0x41cf</value>
         <object_component_ref idref="oc-41"/>
      </symbol>
      <symbol id="sm-378">
         <name>__aeabi_memset</name>
         <value>0x440f</value>
         <object_component_ref idref="oc-e1"/>
      </symbol>
      <symbol id="sm-379">
         <name>memset</name>
         <value>0x4415</value>
         <object_component_ref idref="oc-e1"/>
      </symbol>
      <symbol id="sm-37a">
         <name>__aeabi_memset8</name>
         <value>0x440f</value>
         <object_component_ref idref="oc-e1"/>
      </symbol>
      <symbol id="sm-37b">
         <name>__aeabi_memset4</name>
         <value>0x440f</value>
         <object_component_ref idref="oc-e1"/>
      </symbol>
      <symbol id="sm-37c">
         <name>__aeabi_memclr8</name>
         <value>0x440d</value>
         <object_component_ref idref="oc-e1"/>
      </symbol>
      <symbol id="sm-37d">
         <name>__aeabi_memclr4</name>
         <value>0x440d</value>
         <object_component_ref idref="oc-e1"/>
      </symbol>
      <symbol id="sm-37e">
         <name>__aeabi_memclr</name>
         <value>0x440d</value>
         <object_component_ref idref="oc-e1"/>
      </symbol>
      <symbol id="sm-397">
         <name>__TI_zero_init_nomemset</name>
         <value>0x4b81</value>
         <object_component_ref idref="oc-4d"/>
      </symbol>
      <symbol id="sm-3ae">
         <name>__TI_decompress_none</name>
         <value>0x4cc1</value>
         <object_component_ref idref="oc-1b"/>
      </symbol>
      <symbol id="sm-3d1">
         <name>__TI_decompress_lzss</name>
         <value>0x46b1</value>
         <object_component_ref idref="oc-15"/>
      </symbol>
      <symbol id="sm-3dc">
         <name>_ctypes_</name>
         <value>0x4cf8</value>
         <object_component_ref idref="oc-268"/>
      </symbol>
      <symbol id="sm-3eb">
         <name>strcmp</name>
         <value>0x4c1f</value>
         <object_component_ref idref="oc-146"/>
      </symbol>
      <symbol id="sm-3f9">
         <name>strlen</name>
         <value>0x4c79</value>
         <object_component_ref idref="oc-14c"/>
      </symbol>
      <symbol id="sm-411">
         <name>strtok</name>
         <value>0x49e9</value>
         <object_component_ref idref="oc-140"/>
      </symbol>
      <symbol id="sm-424">
         <name>__stack</name>
         <value>0x20000000</value>
         <object_component_ref idref="oc-24"/>
      </symbol>
      <symbol id="sm-425">
         <name>_c_int00_noargs</name>
         <value>0x4aa1</value>
         <object_component_ref idref="oc-5f"/>
      </symbol>
      <symbol id="sm-58a">
         <name>__TI_printfi</name>
         <value>0xd81</value>
         <object_component_ref idref="oc-116"/>
      </symbol>
      <symbol id="sm-640">
         <name>__TI_scanfi</name>
         <value>0x26d</value>
         <object_component_ref idref="oc-213"/>
      </symbol>
      <symbol id="sm-657">
         <name>__aeabi_dsub</name>
         <value>0x3551</value>
         <object_component_ref idref="oc-293"/>
      </symbol>
      <symbol id="sm-658">
         <name>__aeabi_dadd</name>
         <value>0x355b</value>
         <object_component_ref idref="oc-293"/>
      </symbol>
      <symbol id="sm-67a">
         <name>__aeabi_cdcmpeq</name>
         <value>0x4301</value>
         <object_component_ref idref="oc-1d4"/>
      </symbol>
      <symbol id="sm-67b">
         <name>__aeabi_cdcmple</name>
         <value>0x4301</value>
         <object_component_ref idref="oc-1d4"/>
      </symbol>
      <symbol id="sm-67c">
         <name>__aeabi_cdrcmple</name>
         <value>0x4387</value>
         <object_component_ref idref="oc-27e"/>
      </symbol>
      <symbol id="sm-690">
         <name>__aeabi_ddiv</name>
         <value>0x39a1</value>
         <object_component_ref idref="oc-279"/>
      </symbol>
      <symbol id="sm-69b">
         <name>__aeabi_dmul</name>
         <value>0x3f4d</value>
         <object_component_ref idref="oc-274"/>
      </symbol>
      <symbol id="sm-6a5">
         <name>__aeabi_d2iz</name>
         <value>0x495d</value>
         <object_component_ref idref="oc-283"/>
      </symbol>
      <symbol id="sm-6b1">
         <name>__aeabi_d2f</name>
         <value>0x456f</value>
         <object_component_ref idref="oc-2f8"/>
      </symbol>
      <symbol id="sm-6bb">
         <name>__aeabi_i2d</name>
         <value>0x4b05</value>
         <object_component_ref idref="oc-28e"/>
      </symbol>
      <symbol id="sm-6c8">
         <name>__aeabi_uldivmod</name>
         <value>0x426b</value>
         <object_component_ref idref="oc-26d"/>
      </symbol>
      <symbol id="sm-6f0">
         <name>__TI_auto_init_nobinit_nopinit</name>
         <value>0x49a5</value>
         <object_component_ref idref="oc-18e"/>
      </symbol>
      <symbol id="sm-6fa">
         <name>_system_pre_init</name>
         <value>0x4ced</value>
         <object_component_ref idref="oc-e7"/>
      </symbol>
      <symbol id="sm-706">
         <name>C$$EXIT</name>
         <value>0x4cf1</value>
         <object_component_ref idref="oc-182"/>
      </symbol>
      <symbol id="sm-707">
         <name>abort</name>
         <value>0x4cf1</value>
         <object_component_ref idref="oc-182"/>
      </symbol>
      <symbol id="sm-717">
         <name>__TI_ltoa</name>
         <value>0x47d3</value>
         <object_component_ref idref="oc-288"/>
      </symbol>
      <symbol id="sm-72e">
         <name>atoi</name>
         <value>0x4879</value>
         <object_component_ref idref="oc-1c8"/>
      </symbol>
      <symbol id="sm-73e">
         <name>memccpy</name>
         <value>0x4b9d</value>
         <object_component_ref idref="oc-1f1"/>
      </symbol>
      <symbol id="sm-74e">
         <name>strchr</name>
         <value>0x4c4f</value>
         <object_component_ref idref="oc-2bf"/>
      </symbol>
      <symbol id="sm-75c">
         <name>strcpy</name>
         <value>0x4c65</value>
         <object_component_ref idref="oc-2e0"/>
      </symbol>
      <symbol id="sm-76d">
         <name>strcspn</name>
         <value>0x4b5d</value>
         <object_component_ref idref="oc-233"/>
      </symbol>
      <symbol id="sm-77c">
         <name>strrchr</name>
         <value>0x4c37</value>
         <object_component_ref idref="oc-309"/>
      </symbol>
      <symbol id="sm-78e">
         <name>strspn</name>
         <value>0x4b33</value>
         <object_component_ref idref="oc-22d"/>
      </symbol>
      <symbol id="sm-7ee">
         <name>strtold</name>
         <value>0x2ad5</value>
         <object_component_ref idref="oc-2f2"/>
      </symbol>
      <symbol id="sm-7ef">
         <name>strtod</name>
         <value>0x2ad5</value>
         <object_component_ref idref="oc-2f2"/>
      </symbol>
      <symbol id="sm-813">
         <name>strtol</name>
         <value>0x3ad9</value>
         <object_component_ref idref="oc-2fd"/>
      </symbol>
      <symbol id="sm-839">
         <name>strtoll</name>
         <value>0x31a5</value>
         <object_component_ref idref="oc-303"/>
      </symbol>
      <symbol id="sm-859">
         <name>strtoul</name>
         <value>0x3e3d</value>
         <object_component_ref idref="oc-2ec"/>
      </symbol>
      <symbol id="sm-87c">
         <name>strtoull</name>
         <value>0x3709</value>
         <object_component_ref idref="oc-2e6"/>
      </symbol>
      <symbol id="sm-892">
         <name>__aeabi_errno_addr</name>
         <value>0x4cdd</value>
         <object_component_ref idref="oc-1fd"/>
      </symbol>
      <symbol id="sm-893">
         <name>errno</name>
         <value>0x200020d0</value>
         <object_component_ref idref="oc-2cf"/>
      </symbol>
      <symbol id="sm-8ac">
         <name>wcslen</name>
         <value>0x4c9f</value>
         <object_component_ref idref="oc-1f7"/>
      </symbol>
      <symbol id="sm-8cc">
         <name>frexpl</name>
         <value>0x4719</value>
         <object_component_ref idref="oc-2b3"/>
      </symbol>
      <symbol id="sm-8cd">
         <name>frexp</name>
         <value>0x4719</value>
         <object_component_ref idref="oc-2b3"/>
      </symbol>
      <symbol id="sm-8ea">
         <name>scalbn</name>
         <value>0x3d2d</value>
         <object_component_ref idref="oc-2b9"/>
      </symbol>
      <symbol id="sm-8eb">
         <name>scalbnl</name>
         <value>0x3d2d</value>
         <object_component_ref idref="oc-2b9"/>
      </symbol>
      <symbol id="sm-8ec">
         <name>ldexpl</name>
         <value>0x3d2d</value>
         <object_component_ref idref="oc-2b9"/>
      </symbol>
      <symbol id="sm-8ed">
         <name>ldexp</name>
         <value>0x3d2d</value>
         <object_component_ref idref="oc-2b9"/>
      </symbol>
      <symbol id="sm-8f7">
         <name>__aeabi_idiv0</name>
         <value>0x17cf</value>
         <object_component_ref idref="oc-34f"/>
      </symbol>
      <symbol id="sm-8f8">
         <name>__aeabi_ldiv0</name>
         <value>0x17cf</value>
         <object_component_ref idref="oc-34f"/>
      </symbol>
      <symbol id="sm-901">
         <name>__aeabi_lmul</name>
         <value>0x4c07</value>
         <object_component_ref idref="oc-386"/>
      </symbol>
      <symbol id="sm-90b">
         <name>copysign</name>
         <value>0x4bd5</value>
         <object_component_ref idref="oc-368"/>
      </symbol>
      <symbol id="sm-90c">
         <name>copysignl</name>
         <value>0x4bd5</value>
         <object_component_ref idref="oc-368"/>
      </symbol>
      <symbol id="sm-90d">
         <name>__TI_static_base__</name>
         <value>0x0</value>
      </symbol>
      <symbol id="sm-910">
         <name>__mpu_init</name>
         <value>0x0</value>
      </symbol>
      <symbol id="sm-911">
         <name>_system_post_cinit</name>
         <value>0x0</value>
      </symbol>
   </symbol_table>
   <title>Link successful</title>
</link_info>
