<?xml version="1.0" encoding="ISO-8859-1" ?>
<link_info>
   <banner>TI ARM Linker Unix v20.2.7.LTS</banner>
   <copyright>Copyright (c) 1996-2018 Texas Instruments Incorporated</copyright>
   <link_time>0x643cbc58</link_time>
   <link_errors>0x0</link_errors>
   <output_file>Emb2_Project.out</output_file>
   <entry_point>
      <name>_c_int00_noargs</name>
      <address>0x5029</address>
   </entry_point>
   <input_file_list>
      <input_file id="fl-1">
         <path>./</path>
         <kind>object</kind>
         <file>adc0.obj</file>
         <name>adc0.obj</name>
      </input_file>
      <input_file id="fl-2">
         <path>./</path>
         <kind>object</kind>
         <file>clock.obj</file>
         <name>clock.obj</name>
      </input_file>
      <input_file id="fl-3">
         <path>./</path>
         <kind>object</kind>
         <file>dma.obj</file>
         <name>dma.obj</name>
      </input_file>
      <input_file id="fl-4">
         <path>./</path>
         <kind>object</kind>
         <file>eeprom.obj</file>
         <name>eeprom.obj</name>
      </input_file>
      <input_file id="fl-5">
         <path>./</path>
         <kind>object</kind>
         <file>gpio.obj</file>
         <name>gpio.obj</name>
      </input_file>
      <input_file id="fl-6">
         <path>./</path>
         <kind>object</kind>
         <file>main.obj</file>
         <name>main.obj</name>
      </input_file>
      <input_file id="fl-7">
         <path>./</path>
         <kind>object</kind>
         <file>nvic.obj</file>
         <name>nvic.obj</name>
      </input_file>
      <input_file id="fl-8">
         <path>./</path>
         <kind>object</kind>
         <file>timer.obj</file>
         <name>timer.obj</name>
      </input_file>
      <input_file id="fl-9">
         <path>./</path>
         <kind>object</kind>
         <file>tm4c123gh6pm_startup_ccs.obj</file>
         <name>tm4c123gh6pm_startup_ccs.obj</name>
      </input_file>
      <input_file id="fl-a">
         <path>./</path>
         <kind>object</kind>
         <file>uart0.obj</file>
         <name>uart0.obj</name>
      </input_file>
      <input_file id="fl-b">
         <path>./</path>
         <kind>object</kind>
         <file>userInterface.obj</file>
         <name>userInterface.obj</name>
      </input_file>
      <input_file id="fl-c">
         <path>./</path>
         <kind>object</kind>
         <file>wait.obj</file>
         <name>wait.obj</name>
      </input_file>
      <input_file id="fl-10">
         <kind>object</kind>
         <file>&lt;internal&gt;</file>
         <name>&lt;internal&gt;</name>
      </input_file>
      <input_file id="fl-c6">
         <path>/home/sadhan/ti/ccs1210/ccs/tools/compiler/ti-cgt-arm_20.2.7.LTS/lib/</path>
         <kind>archive</kind>
         <file>rtsv7M4_T_le_v4SPD16_eabi.lib</file>
         <name>snprintf.c.obj</name>
      </input_file>
      <input_file id="fl-c7">
         <path>/home/sadhan/ti/ccs1210/ccs/tools/compiler/ti-cgt-arm_20.2.7.LTS/lib/</path>
         <kind>archive</kind>
         <file>rtsv7M4_T_le_v4SPD16_eabi.lib</file>
         <name>sscanf.c.obj</name>
      </input_file>
      <input_file id="fl-c8">
         <path>/home/sadhan/ti/ccs1210/ccs/tools/compiler/ti-cgt-arm_20.2.7.LTS/lib/</path>
         <kind>archive</kind>
         <file>rtsv7M4_T_le_v4SPD16_eabi.lib</file>
         <name>fd_div_t2.asm.obj</name>
      </input_file>
      <input_file id="fl-c9">
         <path>/home/sadhan/ti/ccs1210/ccs/tools/compiler/ti-cgt-arm_20.2.7.LTS/lib/</path>
         <kind>archive</kind>
         <file>rtsv7M4_T_le_v4SPD16_eabi.lib</file>
         <name>fd_mul_t2.asm.obj</name>
      </input_file>
      <input_file id="fl-ca">
         <path>/home/sadhan/ti/ccs1210/ccs/tools/compiler/ti-cgt-arm_20.2.7.LTS/lib/</path>
         <kind>archive</kind>
         <file>rtsv7M4_T_le_v4SPD16_eabi.lib</file>
         <name>fd_toi_t2.asm.obj</name>
      </input_file>
      <input_file id="fl-cb">
         <path>/home/sadhan/ti/ccs1210/ccs/tools/compiler/ti-cgt-arm_20.2.7.LTS/lib/</path>
         <kind>archive</kind>
         <file>rtsv7M4_T_le_v4SPD16_eabi.lib</file>
         <name>fd_tou_t2.asm.obj</name>
      </input_file>
      <input_file id="fl-cc">
         <path>/home/sadhan/ti/ccs1210/ccs/tools/compiler/ti-cgt-arm_20.2.7.LTS/lib/</path>
         <kind>archive</kind>
         <file>rtsv7M4_T_le_v4SPD16_eabi.lib</file>
         <name>memcpy_t2.asm.obj</name>
      </input_file>
      <input_file id="fl-cd">
         <path>/home/sadhan/ti/ccs1210/ccs/tools/compiler/ti-cgt-arm_20.2.7.LTS/lib/</path>
         <kind>archive</kind>
         <file>rtsv7M4_T_le_v4SPD16_eabi.lib</file>
         <name>u_tofd_t2.asm.obj</name>
      </input_file>
      <input_file id="fl-ce">
         <path>/home/sadhan/ti/ccs1210/ccs/tools/compiler/ti-cgt-arm_20.2.7.LTS/lib/</path>
         <kind>archive</kind>
         <file>rtsv7M4_T_le_v4SPD16_eabi.lib</file>
         <name>memset_t2.asm.obj</name>
      </input_file>
      <input_file id="fl-cf">
         <path>/home/sadhan/ti/ccs1210/ccs/tools/compiler/ti-cgt-arm_20.2.7.LTS/lib/</path>
         <kind>archive</kind>
         <file>rtsv7M4_T_le_v4SPD16_eabi.lib</file>
         <name>copy_zero_init.c.obj</name>
      </input_file>
      <input_file id="fl-d0">
         <path>/home/sadhan/ti/ccs1210/ccs/tools/compiler/ti-cgt-arm_20.2.7.LTS/lib/</path>
         <kind>archive</kind>
         <file>rtsv7M4_T_le_v4SPD16_eabi.lib</file>
         <name>copy_decompress_none.c.obj</name>
      </input_file>
      <input_file id="fl-d1">
         <path>/home/sadhan/ti/ccs1210/ccs/tools/compiler/ti-cgt-arm_20.2.7.LTS/lib/</path>
         <kind>archive</kind>
         <file>rtsv7M4_T_le_v4SPD16_eabi.lib</file>
         <name>copy_decompress_lzss.c.obj</name>
      </input_file>
      <input_file id="fl-d2">
         <path>/home/sadhan/ti/ccs1210/ccs/tools/compiler/ti-cgt-arm_20.2.7.LTS/lib/</path>
         <kind>archive</kind>
         <file>rtsv7M4_T_le_v4SPD16_eabi.lib</file>
         <name>ctype.c.obj</name>
      </input_file>
      <input_file id="fl-d3">
         <path>/home/sadhan/ti/ccs1210/ccs/tools/compiler/ti-cgt-arm_20.2.7.LTS/lib/</path>
         <kind>archive</kind>
         <file>rtsv7M4_T_le_v4SPD16_eabi.lib</file>
         <name>strcmp.c.obj</name>
      </input_file>
      <input_file id="fl-d4">
         <path>/home/sadhan/ti/ccs1210/ccs/tools/compiler/ti-cgt-arm_20.2.7.LTS/lib/</path>
         <kind>archive</kind>
         <file>rtsv7M4_T_le_v4SPD16_eabi.lib</file>
         <name>strlen.c.obj</name>
      </input_file>
      <input_file id="fl-d5">
         <path>/home/sadhan/ti/ccs1210/ccs/tools/compiler/ti-cgt-arm_20.2.7.LTS/lib/</path>
         <kind>archive</kind>
         <file>rtsv7M4_T_le_v4SPD16_eabi.lib</file>
         <name>strtok.c.obj</name>
      </input_file>
      <input_file id="fl-d6">
         <path>/home/sadhan/ti/ccs1210/ccs/tools/compiler/ti-cgt-arm_20.2.7.LTS/lib/</path>
         <kind>archive</kind>
         <file>rtsv7M4_T_le_v4SPD16_eabi.lib</file>
         <name>tolower.c.obj</name>
      </input_file>
      <input_file id="fl-d7">
         <path>/home/sadhan/ti/ccs1210/ccs/tools/compiler/ti-cgt-arm_20.2.7.LTS/lib/</path>
         <kind>archive</kind>
         <file>rtsv7M4_T_le_v4SPD16_eabi.lib</file>
         <name>boot_cortex_m.c.obj</name>
      </input_file>
      <input_file id="fl-d8">
         <path>/home/sadhan/ti/ccs1210/ccs/tools/compiler/ti-cgt-arm_20.2.7.LTS/lib/</path>
         <kind>archive</kind>
         <file>rtsv7M4_T_le_v4SPD16_eabi.lib</file>
         <name>_printfi.c.obj</name>
      </input_file>
      <input_file id="fl-d9">
         <path>/home/sadhan/ti/ccs1210/ccs/tools/compiler/ti-cgt-arm_20.2.7.LTS/lib/</path>
         <kind>archive</kind>
         <file>rtsv7M4_T_le_v4SPD16_eabi.lib</file>
         <name>_scanfi.c.obj</name>
      </input_file>
      <input_file id="fl-da">
         <path>/home/sadhan/ti/ccs1210/ccs/tools/compiler/ti-cgt-arm_20.2.7.LTS/lib/</path>
         <kind>archive</kind>
         <file>rtsv7M4_T_le_v4SPD16_eabi.lib</file>
         <name>fd_add_t2.asm.obj</name>
      </input_file>
      <input_file id="fl-db">
         <path>/home/sadhan/ti/ccs1210/ccs/tools/compiler/ti-cgt-arm_20.2.7.LTS/lib/</path>
         <kind>archive</kind>
         <file>rtsv7M4_T_le_v4SPD16_eabi.lib</file>
         <name>fd_cmp_t2.asm.obj</name>
      </input_file>
      <input_file id="fl-dc">
         <path>/home/sadhan/ti/ccs1210/ccs/tools/compiler/ti-cgt-arm_20.2.7.LTS/lib/</path>
         <kind>archive</kind>
         <file>rtsv7M4_T_le_v4SPD16_eabi.lib</file>
         <name>fd_tos_t2.asm.obj</name>
      </input_file>
      <input_file id="fl-dd">
         <path>/home/sadhan/ti/ccs1210/ccs/tools/compiler/ti-cgt-arm_20.2.7.LTS/lib/</path>
         <kind>archive</kind>
         <file>rtsv7M4_T_le_v4SPD16_eabi.lib</file>
         <name>i_tofd_t2.asm.obj</name>
      </input_file>
      <input_file id="fl-de">
         <path>/home/sadhan/ti/ccs1210/ccs/tools/compiler/ti-cgt-arm_20.2.7.LTS/lib/</path>
         <kind>archive</kind>
         <file>rtsv7M4_T_le_v4SPD16_eabi.lib</file>
         <name>ull_div_t2.asm.obj</name>
      </input_file>
      <input_file id="fl-df">
         <path>/home/sadhan/ti/ccs1210/ccs/tools/compiler/ti-cgt-arm_20.2.7.LTS/lib/</path>
         <kind>archive</kind>
         <file>rtsv7M4_T_le_v4SPD16_eabi.lib</file>
         <name>autoinit.c.obj</name>
      </input_file>
      <input_file id="fl-e0">
         <path>/home/sadhan/ti/ccs1210/ccs/tools/compiler/ti-cgt-arm_20.2.7.LTS/lib/</path>
         <kind>archive</kind>
         <file>rtsv7M4_T_le_v4SPD16_eabi.lib</file>
         <name>pre_init.c.obj</name>
      </input_file>
      <input_file id="fl-e1">
         <path>/home/sadhan/ti/ccs1210/ccs/tools/compiler/ti-cgt-arm_20.2.7.LTS/lib/</path>
         <kind>archive</kind>
         <file>rtsv7M4_T_le_v4SPD16_eabi.lib</file>
         <name>cpy_tbl.c.obj</name>
      </input_file>
      <input_file id="fl-e2">
         <path>/home/sadhan/ti/ccs1210/ccs/tools/compiler/ti-cgt-arm_20.2.7.LTS/lib/</path>
         <kind>archive</kind>
         <file>rtsv7M4_T_le_v4SPD16_eabi.lib</file>
         <name>exit.c.obj</name>
      </input_file>
      <input_file id="fl-e3">
         <path>/home/sadhan/ti/ccs1210/ccs/tools/compiler/ti-cgt-arm_20.2.7.LTS/lib/</path>
         <kind>archive</kind>
         <file>rtsv7M4_T_le_v4SPD16_eabi.lib</file>
         <name>_lock.c.obj</name>
      </input_file>
      <input_file id="fl-e4">
         <path>/home/sadhan/ti/ccs1210/ccs/tools/compiler/ti-cgt-arm_20.2.7.LTS/lib/</path>
         <kind>archive</kind>
         <file>rtsv7M4_T_le_v4SPD16_eabi.lib</file>
         <name>_ltoa.c.obj</name>
      </input_file>
      <input_file id="fl-e5">
         <path>/home/sadhan/ti/ccs1210/ccs/tools/compiler/ti-cgt-arm_20.2.7.LTS/lib/</path>
         <kind>archive</kind>
         <file>rtsv7M4_T_le_v4SPD16_eabi.lib</file>
         <name>args_main.c.obj</name>
      </input_file>
      <input_file id="fl-e6">
         <path>/home/sadhan/ti/ccs1210/ccs/tools/compiler/ti-cgt-arm_20.2.7.LTS/lib/</path>
         <kind>archive</kind>
         <file>rtsv7M4_T_le_v4SPD16_eabi.lib</file>
         <name>atoi.c.obj</name>
      </input_file>
      <input_file id="fl-e7">
         <path>/home/sadhan/ti/ccs1210/ccs/tools/compiler/ti-cgt-arm_20.2.7.LTS/lib/</path>
         <kind>archive</kind>
         <file>rtsv7M4_T_le_v4SPD16_eabi.lib</file>
         <name>memccpy.c.obj</name>
      </input_file>
      <input_file id="fl-e8">
         <path>/home/sadhan/ti/ccs1210/ccs/tools/compiler/ti-cgt-arm_20.2.7.LTS/lib/</path>
         <kind>archive</kind>
         <file>rtsv7M4_T_le_v4SPD16_eabi.lib</file>
         <name>strchr.c.obj</name>
      </input_file>
      <input_file id="fl-e9">
         <path>/home/sadhan/ti/ccs1210/ccs/tools/compiler/ti-cgt-arm_20.2.7.LTS/lib/</path>
         <kind>archive</kind>
         <file>rtsv7M4_T_le_v4SPD16_eabi.lib</file>
         <name>strcpy.c.obj</name>
      </input_file>
      <input_file id="fl-ea">
         <path>/home/sadhan/ti/ccs1210/ccs/tools/compiler/ti-cgt-arm_20.2.7.LTS/lib/</path>
         <kind>archive</kind>
         <file>rtsv7M4_T_le_v4SPD16_eabi.lib</file>
         <name>strcspn.c.obj</name>
      </input_file>
      <input_file id="fl-eb">
         <path>/home/sadhan/ti/ccs1210/ccs/tools/compiler/ti-cgt-arm_20.2.7.LTS/lib/</path>
         <kind>archive</kind>
         <file>rtsv7M4_T_le_v4SPD16_eabi.lib</file>
         <name>strrchr.c.obj</name>
      </input_file>
      <input_file id="fl-ec">
         <path>/home/sadhan/ti/ccs1210/ccs/tools/compiler/ti-cgt-arm_20.2.7.LTS/lib/</path>
         <kind>archive</kind>
         <file>rtsv7M4_T_le_v4SPD16_eabi.lib</file>
         <name>strspn.c.obj</name>
      </input_file>
      <input_file id="fl-ed">
         <path>/home/sadhan/ti/ccs1210/ccs/tools/compiler/ti-cgt-arm_20.2.7.LTS/lib/</path>
         <kind>archive</kind>
         <file>rtsv7M4_T_le_v4SPD16_eabi.lib</file>
         <name>strtod.c.obj</name>
      </input_file>
      <input_file id="fl-ee">
         <path>/home/sadhan/ti/ccs1210/ccs/tools/compiler/ti-cgt-arm_20.2.7.LTS/lib/</path>
         <kind>archive</kind>
         <file>rtsv7M4_T_le_v4SPD16_eabi.lib</file>
         <name>strtol.c.obj</name>
      </input_file>
      <input_file id="fl-ef">
         <path>/home/sadhan/ti/ccs1210/ccs/tools/compiler/ti-cgt-arm_20.2.7.LTS/lib/</path>
         <kind>archive</kind>
         <file>rtsv7M4_T_le_v4SPD16_eabi.lib</file>
         <name>strtoll.c.obj</name>
      </input_file>
      <input_file id="fl-f0">
         <path>/home/sadhan/ti/ccs1210/ccs/tools/compiler/ti-cgt-arm_20.2.7.LTS/lib/</path>
         <kind>archive</kind>
         <file>rtsv7M4_T_le_v4SPD16_eabi.lib</file>
         <name>strtoul.c.obj</name>
      </input_file>
      <input_file id="fl-f1">
         <path>/home/sadhan/ti/ccs1210/ccs/tools/compiler/ti-cgt-arm_20.2.7.LTS/lib/</path>
         <kind>archive</kind>
         <file>rtsv7M4_T_le_v4SPD16_eabi.lib</file>
         <name>strtoull.c.obj</name>
      </input_file>
      <input_file id="fl-f2">
         <path>/home/sadhan/ti/ccs1210/ccs/tools/compiler/ti-cgt-arm_20.2.7.LTS/lib/</path>
         <kind>archive</kind>
         <file>rtsv7M4_T_le_v4SPD16_eabi.lib</file>
         <name>errno.c.obj</name>
      </input_file>
      <input_file id="fl-f3">
         <path>/home/sadhan/ti/ccs1210/ccs/tools/compiler/ti-cgt-arm_20.2.7.LTS/lib/</path>
         <kind>archive</kind>
         <file>rtsv7M4_T_le_v4SPD16_eabi.lib</file>
         <name>wcslen.c.obj</name>
      </input_file>
      <input_file id="fl-f4">
         <path>/home/sadhan/ti/ccs1210/ccs/tools/compiler/ti-cgt-arm_20.2.7.LTS/lib/</path>
         <kind>archive</kind>
         <file>rtsv7M4_T_le_v4SPD16_eabi.lib</file>
         <name>s_frexp.c.obj</name>
      </input_file>
      <input_file id="fl-f5">
         <path>/home/sadhan/ti/ccs1210/ccs/tools/compiler/ti-cgt-arm_20.2.7.LTS/lib/</path>
         <kind>archive</kind>
         <file>rtsv7M4_T_le_v4SPD16_eabi.lib</file>
         <name>s_scalbn.c.obj</name>
      </input_file>
      <input_file id="fl-f6">
         <path>/home/sadhan/ti/ccs1210/ccs/tools/compiler/ti-cgt-arm_20.2.7.LTS/lib/</path>
         <kind>archive</kind>
         <file>rtsv7M4_T_le_v4SPD16_eabi.lib</file>
         <name>div0.asm.obj</name>
      </input_file>
      <input_file id="fl-f7">
         <path>/home/sadhan/ti/ccs1210/ccs/tools/compiler/ti-cgt-arm_20.2.7.LTS/lib/</path>
         <kind>archive</kind>
         <file>rtsv7M4_T_le_v4SPD16_eabi.lib</file>
         <name>ll_mul_t2.asm.obj</name>
      </input_file>
      <input_file id="fl-f8">
         <path>/home/sadhan/ti/ccs1210/ccs/tools/compiler/ti-cgt-arm_20.2.7.LTS/lib/</path>
         <kind>archive</kind>
         <file>rtsv7M4_T_le_v4SPD16_eabi.lib</file>
         <name>s_copysign.c.obj</name>
      </input_file>
   </input_file_list>
   <object_component_list>
      <object_component id="oc-12">
         <name>.intvecs</name>
         <load_address>0x0</load_address>
         <run_address>0x0</run_address>
         <size>0x26c</size>
         <input_file_ref idref="fl-9"/>
      </object_component>
      <object_component id="oc-24b">
         <name>.text:__TI_scanfi</name>
         <load_address>0x26c</load_address>
         <run_address>0x26c</run_address>
         <size>0xb14</size>
         <input_file_ref idref="fl-d9"/>
      </object_component>
      <object_component id="oc-129">
         <name>.text:__TI_printfi</name>
         <load_address>0xd80</load_address>
         <run_address>0xd80</run_address>
         <size>0xa4e</size>
         <input_file_ref idref="fl-d8"/>
      </object_component>
      <object_component id="oc-360">
         <name>.text</name>
         <load_address>0x17ce</load_address>
         <run_address>0x17ce</run_address>
         <size>0x2</size>
         <input_file_ref idref="fl-f6"/>
      </object_component>
      <object_component id="oc-2d">
         <name>.text</name>
         <load_address>0x17d0</load_address>
         <run_address>0x17d0</run_address>
         <size>0x98c</size>
         <input_file_ref idref="fl-6"/>
      </object_component>
      <object_component id="oc-7a">
         <name>.text</name>
         <load_address>0x215c</load_address>
         <run_address>0x215c</run_address>
         <size>0x808</size>
         <input_file_ref idref="fl-5"/>
      </object_component>
      <object_component id="oc-cb">
         <name>.text</name>
         <load_address>0x2964</load_address>
         <run_address>0x2964</run_address>
         <size>0x5a8</size>
         <input_file_ref idref="fl-b"/>
      </object_component>
      <object_component id="oc-312">
         <name>.text:strtod</name>
         <load_address>0x2f0c</load_address>
         <run_address>0x2f0c</run_address>
         <size>0x460</size>
         <input_file_ref idref="fl-ed"/>
      </object_component>
      <object_component id="oc-205">
         <name>.text:_pconv_a</name>
         <load_address>0x336c</load_address>
         <run_address>0x336c</run_address>
         <size>0x270</size>
         <input_file_ref idref="fl-d8"/>
      </object_component>
      <object_component id="oc-323">
         <name>.text:strtoll</name>
         <load_address>0x35dc</load_address>
         <run_address>0x35dc</run_address>
         <size>0x1dc</size>
         <input_file_ref idref="fl-ef"/>
      </object_component>
      <object_component id="oc-1f3">
         <name>.text:_pconv_g</name>
         <load_address>0x37b8</load_address>
         <run_address>0x37b8</run_address>
         <size>0x1d0</size>
         <input_file_ref idref="fl-d8"/>
      </object_component>
      <object_component id="oc-2a2">
         <name>.text</name>
         <load_address>0x3988</load_address>
         <run_address>0x3988</run_address>
         <size>0x1b6</size>
         <input_file_ref idref="fl-da"/>
      </object_component>
      <object_component id="oc-306">
         <name>.text:strtoull</name>
         <load_address>0x3b40</load_address>
         <run_address>0x3b40</run_address>
         <size>0x15c</size>
         <input_file_ref idref="fl-f1"/>
      </object_component>
      <object_component id="oc-1ff">
         <name>.text:_pconv_e</name>
         <load_address>0x3c9c</load_address>
         <run_address>0x3c9c</run_address>
         <size>0x13c</size>
         <input_file_ref idref="fl-d8"/>
      </object_component>
      <object_component id="oc-bc">
         <name>.text</name>
         <load_address>0x3dd8</load_address>
         <run_address>0x3dd8</run_address>
         <size>0x136</size>
         <input_file_ref idref="fl-c8"/>
      </object_component>
      <object_component id="oc-31d">
         <name>.text:strtol</name>
         <load_address>0x3f10</load_address>
         <run_address>0x3f10</run_address>
         <size>0x130</size>
         <input_file_ref idref="fl-ee"/>
      </object_component>
      <object_component id="oc-86">
         <name>.text</name>
         <load_address>0x4040</load_address>
         <run_address>0x4040</run_address>
         <size>0x128</size>
         <input_file_ref idref="fl-a"/>
      </object_component>
      <object_component id="oc-2b4">
         <name>.text:fcvt</name>
         <load_address>0x4168</load_address>
         <run_address>0x4168</run_address>
         <size>0x124</size>
         <input_file_ref idref="fl-d8"/>
      </object_component>
      <object_component id="oc-2c8">
         <name>.text:scalbn</name>
         <load_address>0x428c</load_address>
         <run_address>0x428c</run_address>
         <size>0x110</size>
         <input_file_ref idref="fl-f5"/>
      </object_component>
      <object_component id="oc-30c">
         <name>.text:strtoul</name>
         <load_address>0x439c</load_address>
         <run_address>0x439c</run_address>
         <size>0x110</size>
         <input_file_ref idref="fl-f0"/>
      </object_component>
      <object_component id="oc-b7">
         <name>.text</name>
         <load_address>0x44ac</load_address>
         <run_address>0x44ac</run_address>
         <size>0xfc</size>
         <input_file_ref idref="fl-c9"/>
      </object_component>
      <object_component id="oc-114">
         <name>.text</name>
         <load_address>0x45a8</load_address>
         <run_address>0x45a8</run_address>
         <size>0xd4</size>
         <input_file_ref idref="fl-7"/>
      </object_component>
      <object_component id="oc-1e8">
         <name>.text:_ltostr</name>
         <load_address>0x467c</load_address>
         <run_address>0x467c</run_address>
         <size>0xb1</size>
         <input_file_ref idref="fl-d8"/>
      </object_component>
      <object_component id="oc-41">
         <name>.text</name>
         <load_address>0x472e</load_address>
         <run_address>0x472e</run_address>
         <size>0x9c</size>
         <input_file_ref idref="fl-cc"/>
      </object_component>
      <object_component id="oc-28b">
         <name>.text</name>
         <load_address>0x47ca</load_address>
         <run_address>0x47ca</run_address>
         <size>0x96</size>
         <input_file_ref idref="fl-de"/>
      </object_component>
      <object_component id="oc-80">
         <name>.text</name>
         <load_address>0x4860</load_address>
         <run_address>0x4860</run_address>
         <size>0x90</size>
         <input_file_ref idref="fl-1"/>
      </object_component>
      <object_component id="oc-1ee">
         <name>.text:__aeabi_cdcmple</name>
         <load_address>0x48f0</load_address>
         <run_address>0x48f0</run_address>
         <size>0x86</size>
         <input_file_ref idref="fl-db"/>
      </object_component>
      <object_component id="oc-292">
         <name>.text:__aeabi_cdrcmple</name>
         <load_address>0x4976</load_address>
         <run_address>0x4976</run_address>
         <size>0x86</size>
         <input_file_ref idref="fl-db"/>
      </object_component>
      <object_component id="oc-8c">
         <name>.text</name>
         <load_address>0x49fc</load_address>
         <run_address>0x49fc</run_address>
         <size>0x84</size>
         <input_file_ref idref="fl-4"/>
      </object_component>
      <object_component id="oc-a1">
         <name>.text</name>
         <load_address>0x4a80</load_address>
         <run_address>0x4a80</run_address>
         <size>0x7a</size>
         <input_file_ref idref="fl-ce"/>
      </object_component>
      <object_component id="oc-2ad">
         <name>.text:_mcpy</name>
         <load_address>0x4afa</load_address>
         <run_address>0x4afa</run_address>
         <size>0x6e</size>
         <input_file_ref idref="fl-d8"/>
      </object_component>
      <object_component id="oc-318">
         <name>.text</name>
         <load_address>0x4b68</load_address>
         <run_address>0x4b68</run_address>
         <size>0x6e</size>
         <input_file_ref idref="fl-dc"/>
      </object_component>
      <object_component id="oc-25d">
         <name>.text:_chkmbc</name>
         <load_address>0x4bd8</load_address>
         <run_address>0x4bd8</run_address>
         <size>0x68</size>
         <input_file_ref idref="fl-c7"/>
      </object_component>
      <object_component id="oc-15">
         <name>.text:decompress:lzss:__TI_decompress_lzss</name>
         <load_address>0x4c40</load_address>
         <run_address>0x4c40</run_address>
         <size>0x68</size>
         <input_file_ref idref="fl-d1"/>
      </object_component>
      <object_component id="oc-2c2">
         <name>.text:frexp</name>
         <load_address>0x4ca8</load_address>
         <run_address>0x4ca8</run_address>
         <size>0x64</size>
         <input_file_ref idref="fl-f4"/>
      </object_component>
      <object_component id="oc-1f9">
         <name>.text:_pconv_f</name>
         <load_address>0x4d0c</load_address>
         <run_address>0x4d0c</run_address>
         <size>0x56</size>
         <input_file_ref idref="fl-d8"/>
      </object_component>
      <object_component id="oc-297">
         <name>.text:__TI_ltoa</name>
         <load_address>0x4d62</load_address>
         <run_address>0x4d62</run_address>
         <size>0x54</size>
         <input_file_ref idref="fl-e4"/>
      </object_component>
      <object_component id="oc-2a7">
         <name>.text:_ecpy</name>
         <load_address>0x4db6</load_address>
         <run_address>0x4db6</run_address>
         <size>0x52</size>
         <input_file_ref idref="fl-d8"/>
      </object_component>
      <object_component id="oc-1e2">
         <name>.text:atoi</name>
         <load_address>0x4e08</load_address>
         <run_address>0x4e08</run_address>
         <size>0x4c</size>
         <input_file_ref idref="fl-e6"/>
      </object_component>
      <object_component id="oc-a6">
         <name>.text:snprintf</name>
         <load_address>0x4e54</load_address>
         <run_address>0x4e54</run_address>
         <size>0x4c</size>
         <input_file_ref idref="fl-c6"/>
      </object_component>
      <object_component id="oc-c6">
         <name>.text</name>
         <load_address>0x4ea0</load_address>
         <run_address>0x4ea0</run_address>
         <size>0x48</size>
         <input_file_ref idref="fl-ca"/>
      </object_component>
      <object_component id="oc-1aa">
         <name>.text:__TI_auto_init_nobinit_nopinit:__TI_auto_init_nobinit_nopinit</name>
         <load_address>0x4ee8</load_address>
         <run_address>0x4ee8</run_address>
         <size>0x44</size>
         <input_file_ref idref="fl-df"/>
      </object_component>
      <object_component id="oc-c1">
         <name>.text</name>
         <load_address>0x4f2c</load_address>
         <run_address>0x4f2c</run_address>
         <size>0x44</size>
         <input_file_ref idref="fl-cb"/>
      </object_component>
      <object_component id="oc-152">
         <name>.text:strtok</name>
         <load_address>0x4f70</load_address>
         <run_address>0x4f70</run_address>
         <size>0x40</size>
         <input_file_ref idref="fl-d5"/>
      </object_component>
      <object_component id="oc-2ba">
         <name>.text:_fcpy</name>
         <load_address>0x4fb0</load_address>
         <run_address>0x4fb0</run_address>
         <size>0x3e</size>
         <input_file_ref idref="fl-d8"/>
      </object_component>
      <object_component id="oc-171">
         <name>.text:sscanf</name>
         <load_address>0x4ff0</load_address>
         <run_address>0x4ff0</run_address>
         <size>0x38</size>
         <input_file_ref idref="fl-c7"/>
      </object_component>
      <object_component id="oc-5f">
         <name>.text:_c_int00_noargs:_c_int00_noargs</name>
         <load_address>0x5028</load_address>
         <run_address>0x5028</run_address>
         <size>0x34</size>
         <input_file_ref idref="fl-d7"/>
      </object_component>
      <object_component id="oc-12f">
         <name>.text:_outs</name>
         <load_address>0x505c</load_address>
         <run_address>0x505c</run_address>
         <size>0x30</size>
         <input_file_ref idref="fl-c6"/>
      </object_component>
      <object_component id="oc-29d">
         <name>.text</name>
         <load_address>0x508c</load_address>
         <run_address>0x508c</run_address>
         <size>0x2e</size>
         <input_file_ref idref="fl-dd"/>
      </object_component>
      <object_component id="oc-22d">
         <name>.text:strspn</name>
         <load_address>0x50ba</load_address>
         <run_address>0x50ba</run_address>
         <size>0x2a</size>
         <input_file_ref idref="fl-ec"/>
      </object_component>
      <object_component id="oc-233">
         <name>.text:strcspn</name>
         <load_address>0x50e4</load_address>
         <run_address>0x50e4</run_address>
         <size>0x24</size>
         <input_file_ref idref="fl-ea"/>
      </object_component>
      <object_component id="oc-ac">
         <name>.text</name>
         <load_address>0x5108</load_address>
         <run_address>0x5108</run_address>
         <size>0x24</size>
         <input_file_ref idref="fl-c"/>
      </object_component>
      <object_component id="oc-b2">
         <name>.text</name>
         <load_address>0x512c</load_address>
         <run_address>0x512c</run_address>
         <size>0x20</size>
         <input_file_ref idref="fl-cd"/>
      </object_component>
      <object_component id="oc-4d">
         <name>.text:decompress:ZI:__TI_zero_init_nomemset:__TI_zero_init_nomemset</name>
         <load_address>0x514c</load_address>
         <run_address>0x514c</run_address>
         <size>0x1c</size>
         <input_file_ref idref="fl-cf"/>
      </object_component>
      <object_component id="oc-20b">
         <name>.text:memccpy</name>
         <load_address>0x5168</load_address>
         <run_address>0x5168</run_address>
         <size>0x1c</size>
         <input_file_ref idref="fl-e7"/>
      </object_component>
      <object_component id="oc-376">
         <name>.text:copysign</name>
         <load_address>0x5184</load_address>
         <run_address>0x5184</run_address>
         <size>0x1a</size>
         <input_file_ref idref="fl-f8"/>
      </object_component>
      <object_component id="oc-135">
         <name>.text:_outc</name>
         <load_address>0x519e</load_address>
         <run_address>0x519e</run_address>
         <size>0x18</size>
         <input_file_ref idref="fl-c6"/>
      </object_component>
      <object_component id="oc-39a">
         <name>.text</name>
         <load_address>0x51b6</load_address>
         <run_address>0x51b6</run_address>
         <size>0x18</size>
         <input_file_ref idref="fl-f7"/>
      </object_component>
      <object_component id="oc-158">
         <name>.text:strcmp</name>
         <load_address>0x51ce</load_address>
         <run_address>0x51ce</run_address>
         <size>0x18</size>
         <input_file_ref idref="fl-d3"/>
      </object_component>
      <object_component id="oc-329">
         <name>.text:strrchr</name>
         <load_address>0x51e6</load_address>
         <run_address>0x51e6</run_address>
         <size>0x18</size>
         <input_file_ref idref="fl-eb"/>
      </object_component>
      <object_component id="oc-2ce">
         <name>.text:strchr</name>
         <load_address>0x51fe</load_address>
         <run_address>0x51fe</run_address>
         <size>0x16</size>
         <input_file_ref idref="fl-e8"/>
      </object_component>
      <object_component id="oc-300">
         <name>.text:strcpy</name>
         <load_address>0x5214</load_address>
         <run_address>0x5214</run_address>
         <size>0x14</size>
         <input_file_ref idref="fl-e9"/>
      </object_component>
      <object_component id="oc-15e">
         <name>.text:strlen</name>
         <load_address>0x5228</load_address>
         <run_address>0x5228</run_address>
         <size>0x14</size>
         <input_file_ref idref="fl-d4"/>
      </object_component>
      <object_component id="oc-251">
         <name>.text:_inpchar</name>
         <load_address>0x523c</load_address>
         <run_address>0x523c</run_address>
         <size>0x12</size>
         <input_file_ref idref="fl-c7"/>
      </object_component>
      <object_component id="oc-211">
         <name>.text:wcslen</name>
         <load_address>0x524e</load_address>
         <run_address>0x524e</run_address>
         <size>0x12</size>
         <input_file_ref idref="fl-f3"/>
      </object_component>
      <object_component id="oc-74">
         <name>.text</name>
         <load_address>0x5260</load_address>
         <run_address>0x5260</run_address>
         <size>0x10</size>
         <input_file_ref idref="fl-2"/>
      </object_component>
      <object_component id="oc-16b">
         <name>.text:tolower</name>
         <load_address>0x5270</load_address>
         <run_address>0x5270</run_address>
         <size>0x10</size>
         <input_file_ref idref="fl-d6"/>
      </object_component>
      <object_component id="oc-1b">
         <name>.text:decompress:none:__TI_decompress_none</name>
         <load_address>0x5280</load_address>
         <run_address>0x5280</run_address>
         <size>0xe</size>
         <input_file_ref idref="fl-d0"/>
      </object_component>
      <object_component id="oc-27">
         <name>.text</name>
         <load_address>0x528e</load_address>
         <run_address>0x528e</run_address>
         <size>0xc</size>
         <input_file_ref idref="fl-9"/>
      </object_component>
      <object_component id="oc-217">
         <name>.text:__aeabi_errno_addr</name>
         <load_address>0x529c</load_address>
         <run_address>0x529c</run_address>
         <size>0x8</size>
         <input_file_ref idref="fl-f2"/>
      </object_component>
      <object_component id="oc-257">
         <name>.text:_uninpchar</name>
         <load_address>0x52a4</load_address>
         <run_address>0x52a4</run_address>
         <size>0x8</size>
         <input_file_ref idref="fl-c7"/>
      </object_component>
      <object_component id="oc-fa">
         <name>.text:_system_pre_init</name>
         <load_address>0x52ac</load_address>
         <run_address>0x52ac</run_address>
         <size>0x4</size>
         <input_file_ref idref="fl-e0"/>
      </object_component>
      <object_component id="oc-19e">
         <name>.text:abort:abort</name>
         <load_address>0x52b0</load_address>
         <run_address>0x52b0</run_address>
         <size>0x4</size>
         <input_file_ref idref="fl-e2"/>
      </object_component>
      <object_component id="oc-246">
         <name>.const:.string:_ctypes_</name>
         <load_address>0x52b8</load_address>
         <run_address>0x52b8</run_address>
         <size>0x101</size>
         <input_file_ref idref="fl-d2"/>
      </object_component>
      <object_component id="oc-3a3">
         <name>.const:$O1$$</name>
         <load_address>0x53c0</load_address>
         <run_address>0x53c0</run_address>
         <size>0xc8</size>
         <input_file_ref idref="fl-ed"/>
      </object_component>
      <object_component id="oc-32f">
         <name>.const:$O1$$</name>
         <load_address>0x5488</load_address>
         <run_address>0x5488</run_address>
         <size>0x10</size>
         <input_file_ref idref="fl-d9"/>
      </object_component>
      <object_component id="oc-40c">
         <name>.cinit..data.load</name>
         <load_address>0x5498</load_address>
         <run_address>0x5498</run_address>
         <size>0x20</size>
      </object_component>
      <object_component id="oc-40a">
         <name>__TI_handler_table</name>
         <load_address>0x54b8</load_address>
         <run_address>0x54b8</run_address>
         <size>0xc</size>
      </object_component>
      <object_component id="oc-40d">
         <name>.cinit..bss.load</name>
         <load_address>0x54c8</load_address>
         <run_address>0x54c8</run_address>
         <size>0x8</size>
      </object_component>
      <object_component id="oc-40b">
         <name>__TI_cinit_table</name>
         <load_address>0x54d0</load_address>
         <run_address>0x54d0</run_address>
         <size>0x10</size>
      </object_component>
      <object_component id="oc-95">
         <name>.data:mic1Samples</name>
         <load_address>0x20002044</load_address>
         <run_address>0x20002044</run_address>
         <size>0x20</size>
         <input_file_ref idref="fl-6"/>
      </object_component>
      <object_component id="oc-98">
         <name>.data:mic2Samples</name>
         <load_address>0x20002064</load_address>
         <run_address>0x20002064</run_address>
         <size>0x20</size>
         <input_file_ref idref="fl-6"/>
      </object_component>
      <object_component id="oc-9b">
         <name>.data:mic3Samples</name>
         <load_address>0x20002084</load_address>
         <run_address>0x20002084</run_address>
         <size>0x20</size>
         <input_file_ref idref="fl-6"/>
      </object_component>
      <object_component id="oc-92">
         <name>.data</name>
         <load_address>0x20002000</load_address>
         <run_address>0x20002000</run_address>
         <size>0x44</size>
         <input_file_ref idref="fl-6"/>
      </object_component>
      <object_component id="oc-9e">
         <name>.data:peekDetectionOrder</name>
         <load_address>0x200020a4</load_address>
         <run_address>0x200020a4</run_address>
         <size>0x18</size>
         <input_file_ref idref="fl-6"/>
      </object_component>
      <object_component id="oc-164">
         <name>.data</name>
         <load_address>0x200020c4</load_address>
         <run_address>0x200020c4</run_address>
         <size>0x2</size>
         <input_file_ref idref="fl-b"/>
      </object_component>
      <object_component id="oc-239">
         <name>.data</name>
         <load_address>0x200020c0</load_address>
         <run_address>0x200020c0</run_address>
         <size>0x4</size>
         <input_file_ref idref="fl-d5"/>
      </object_component>
      <object_component id="oc-2de">
         <name>.data</name>
         <load_address>0x200020bc</load_address>
         <run_address>0x200020bc</run_address>
         <size>0x4</size>
         <input_file_ref idref="fl-f2"/>
      </object_component>
      <object_component id="oc-167">
         <name>.common:strInput</name>
         <uninitialized>true</uninitialized>
         <run_address>0x200020c8</run_address>
         <size>0x54</size>
      </object_component>
      <object_component id="oc-16a">
         <name>.common:token</name>
         <uninitialized>true</uninitialized>
         <run_address>0x2000211c</run_address>
         <size>0x4</size>
      </object_component>
      <object_component id="oc-24">
         <name>.stack</name>
         <uninitialized>true</uninitialized>
         <run_address>0x20000000</run_address>
         <size>0x4</size>
         <input_file_ref idref="fl-d7"/>
      </object_component>
      <object_component id="oc-40f">
         <name>.stack</name>
         <uninitialized>true</uninitialized>
         <run_address>0x20000000</run_address>
         <size>0x0</size>
      </object_component>
      <object_component id="oc-18e">
         <name>.debug_info</name>
         <load_address>0x0</load_address>
         <run_address>0x0</run_address>
         <size>0x2fa</size>
         <input_file_ref idref="fl-1"/>
      </object_component>
      <object_component id="oc-81">
         <name>.debug_info</name>
         <load_address>0x2fa</load_address>
         <run_address>0x2fa</run_address>
         <size>0x178</size>
         <input_file_ref idref="fl-1"/>
      </object_component>
      <object_component id="oc-df">
         <name>.debug_info</name>
         <load_address>0x472</load_address>
         <run_address>0x472</run_address>
         <size>0x26b</size>
         <input_file_ref idref="fl-1"/>
      </object_component>
      <object_component id="oc-10e">
         <name>.debug_info</name>
         <load_address>0x6dd</load_address>
         <run_address>0x6dd</run_address>
         <size>0x88</size>
         <input_file_ref idref="fl-1"/>
      </object_component>
      <object_component id="oc-3c">
         <name>.debug_info</name>
         <load_address>0x765</load_address>
         <run_address>0x765</run_address>
         <size>0x84</size>
         <input_file_ref idref="fl-1"/>
      </object_component>
      <object_component id="oc-189">
         <name>.debug_info</name>
         <load_address>0x7e9</load_address>
         <run_address>0x7e9</run_address>
         <size>0x2a4</size>
         <input_file_ref idref="fl-1"/>
      </object_component>
      <object_component id="oc-d8">
         <name>.debug_info</name>
         <load_address>0xa8d</load_address>
         <run_address>0xa8d</run_address>
         <size>0xbb</size>
         <input_file_ref idref="fl-1"/>
      </object_component>
      <object_component id="oc-75">
         <name>.debug_info</name>
         <load_address>0xb48</load_address>
         <run_address>0xb48</run_address>
         <size>0x11b</size>
         <input_file_ref idref="fl-2"/>
      </object_component>
      <object_component id="oc-8d">
         <name>.debug_info</name>
         <load_address>0xc63</load_address>
         <run_address>0xc63</run_address>
         <size>0x203</size>
         <input_file_ref idref="fl-4"/>
      </object_component>
      <object_component id="oc-113">
         <name>.debug_info</name>
         <load_address>0xe66</load_address>
         <run_address>0xe66</run_address>
         <size>0x263</size>
         <input_file_ref idref="fl-5"/>
      </object_component>
      <object_component id="oc-7b">
         <name>.debug_info</name>
         <load_address>0x10c9</load_address>
         <run_address>0x10c9</run_address>
         <size>0x10e9</size>
         <input_file_ref idref="fl-5"/>
      </object_component>
      <object_component id="oc-d3">
         <name>.debug_info</name>
         <load_address>0x21b2</load_address>
         <run_address>0x21b2</run_address>
         <size>0x8b</size>
         <input_file_ref idref="fl-5"/>
      </object_component>
      <object_component id="oc-d2">
         <name>.debug_info</name>
         <load_address>0x223d</load_address>
         <run_address>0x223d</run_address>
         <size>0x505</size>
         <input_file_ref idref="fl-6"/>
      </object_component>
      <object_component id="oc-96">
         <name>.debug_info</name>
         <load_address>0x2742</load_address>
         <run_address>0x2742</run_address>
         <size>0xd8</size>
         <input_file_ref idref="fl-6"/>
      </object_component>
      <object_component id="oc-99">
         <name>.debug_info</name>
         <load_address>0x281a</load_address>
         <run_address>0x281a</run_address>
         <size>0xd8</size>
         <input_file_ref idref="fl-6"/>
      </object_component>
      <object_component id="oc-9c">
         <name>.debug_info</name>
         <load_address>0x28f2</load_address>
         <run_address>0x28f2</run_address>
         <size>0xd8</size>
         <input_file_ref idref="fl-6"/>
      </object_component>
      <object_component id="oc-93">
         <name>.debug_info</name>
         <load_address>0x29ca</load_address>
         <run_address>0x29ca</run_address>
         <size>0x41a</size>
         <input_file_ref idref="fl-6"/>
      </object_component>
      <object_component id="oc-9f">
         <name>.debug_info</name>
         <load_address>0x2de4</load_address>
         <run_address>0x2de4</run_address>
         <size>0xe6</size>
         <input_file_ref idref="fl-6"/>
      </object_component>
      <object_component id="oc-2e">
         <name>.debug_info</name>
         <load_address>0x2eca</load_address>
         <run_address>0x2eca</run_address>
         <size>0x611</size>
         <input_file_ref idref="fl-6"/>
      </object_component>
      <object_component id="oc-17a">
         <name>.debug_info</name>
         <load_address>0x34db</load_address>
         <run_address>0x34db</run_address>
         <size>0x5e</size>
         <input_file_ref idref="fl-6"/>
      </object_component>
      <object_component id="oc-184">
         <name>.debug_info</name>
         <load_address>0x3539</load_address>
         <run_address>0x3539</run_address>
         <size>0xcc</size>
         <input_file_ref idref="fl-6"/>
      </object_component>
      <object_component id="oc-147">
         <name>.debug_info</name>
         <load_address>0x3605</load_address>
         <run_address>0x3605</run_address>
         <size>0x2c</size>
         <input_file_ref idref="fl-6"/>
      </object_component>
      <object_component id="oc-17f">
         <name>.debug_info</name>
         <load_address>0x3631</load_address>
         <run_address>0x3631</run_address>
         <size>0x35</size>
         <input_file_ref idref="fl-6"/>
      </object_component>
      <object_component id="oc-1df">
         <name>.debug_info</name>
         <load_address>0x3666</load_address>
         <run_address>0x3666</run_address>
         <size>0x268</size>
         <input_file_ref idref="fl-7"/>
      </object_component>
      <object_component id="oc-115">
         <name>.debug_info</name>
         <load_address>0x38ce</load_address>
         <run_address>0x38ce</run_address>
         <size>0x304</size>
         <input_file_ref idref="fl-7"/>
      </object_component>
      <object_component id="oc-35">
         <name>.debug_info</name>
         <load_address>0x3bd2</load_address>
         <run_address>0x3bd2</run_address>
         <size>0x2e5</size>
         <input_file_ref idref="fl-9"/>
      </object_component>
      <object_component id="oc-13">
         <name>.debug_info</name>
         <load_address>0x3eb7</load_address>
         <run_address>0x3eb7</run_address>
         <size>0xee</size>
         <input_file_ref idref="fl-9"/>
      </object_component>
      <object_component id="oc-28">
         <name>.debug_info</name>
         <load_address>0x3fa5</load_address>
         <run_address>0x3fa5</run_address>
         <size>0x26a</size>
         <input_file_ref idref="fl-9"/>
      </object_component>
      <object_component id="oc-11c">
         <name>.debug_info</name>
         <load_address>0x420f</load_address>
         <run_address>0x420f</run_address>
         <size>0x34e</size>
         <input_file_ref idref="fl-a"/>
      </object_component>
      <object_component id="oc-87">
         <name>.debug_info</name>
         <load_address>0x455d</load_address>
         <run_address>0x455d</run_address>
         <size>0x3c7</size>
         <input_file_ref idref="fl-a"/>
      </object_component>
      <object_component id="oc-168">
         <name>.debug_info</name>
         <load_address>0x4924</load_address>
         <run_address>0x4924</run_address>
         <size>0x5db</size>
         <input_file_ref idref="fl-b"/>
      </object_component>
      <object_component id="oc-165">
         <name>.debug_info</name>
         <load_address>0x4eff</load_address>
         <run_address>0x4eff</run_address>
         <size>0x102</size>
         <input_file_ref idref="fl-b"/>
      </object_component>
      <object_component id="oc-cc">
         <name>.debug_info</name>
         <load_address>0x5001</load_address>
         <run_address>0x5001</run_address>
         <size>0x969</size>
         <input_file_ref idref="fl-b"/>
      </object_component>
      <object_component id="oc-ad">
         <name>.debug_info</name>
         <load_address>0x596a</load_address>
         <run_address>0x596a</run_address>
         <size>0x125</size>
         <input_file_ref idref="fl-c"/>
      </object_component>
      <object_component id="oc-13c">
         <name>.debug_info</name>
         <load_address>0x5a8f</load_address>
         <run_address>0x5a8f</run_address>
         <size>0x33a</size>
         <input_file_ref idref="fl-c6"/>
      </object_component>
      <object_component id="oc-aa">
         <name>.debug_info</name>
         <load_address>0x5dc9</load_address>
         <run_address>0x5dc9</run_address>
         <size>0x1ee</size>
         <input_file_ref idref="fl-c6"/>
      </object_component>
      <object_component id="oc-132">
         <name>.debug_info</name>
         <load_address>0x5fb7</load_address>
         <run_address>0x5fb7</run_address>
         <size>0x1c3</size>
         <input_file_ref idref="fl-c6"/>
      </object_component>
      <object_component id="oc-138">
         <name>.debug_info</name>
         <load_address>0x617a</load_address>
         <run_address>0x617a</run_address>
         <size>0x176</size>
         <input_file_ref idref="fl-c6"/>
      </object_component>
      <object_component id="oc-13d">
         <name>.debug_info</name>
         <load_address>0x62f0</load_address>
         <run_address>0x62f0</run_address>
         <size>0x2c</size>
         <input_file_ref idref="fl-c6"/>
      </object_component>
      <object_component id="oc-142">
         <name>.debug_info</name>
         <load_address>0x631c</load_address>
         <run_address>0x631c</run_address>
         <size>0x69</size>
         <input_file_ref idref="fl-c6"/>
      </object_component>
      <object_component id="oc-264">
         <name>.debug_info</name>
         <load_address>0x6385</load_address>
         <run_address>0x6385</run_address>
         <size>0x37a</size>
         <input_file_ref idref="fl-c7"/>
      </object_component>
      <object_component id="oc-172">
         <name>.debug_info</name>
         <load_address>0x66ff</load_address>
         <run_address>0x66ff</run_address>
         <size>0x17e</size>
         <input_file_ref idref="fl-c7"/>
      </object_component>
      <object_component id="oc-258">
         <name>.debug_info</name>
         <load_address>0x687d</load_address>
         <run_address>0x687d</run_address>
         <size>0x171</size>
         <input_file_ref idref="fl-c7"/>
      </object_component>
      <object_component id="oc-252">
         <name>.debug_info</name>
         <load_address>0x69ee</load_address>
         <run_address>0x69ee</run_address>
         <size>0x17e</size>
         <input_file_ref idref="fl-c7"/>
      </object_component>
      <object_component id="oc-25e">
         <name>.debug_info</name>
         <load_address>0x6b6c</load_address>
         <run_address>0x6b6c</run_address>
         <size>0x1de</size>
         <input_file_ref idref="fl-c7"/>
      </object_component>
      <object_component id="oc-bd">
         <name>.debug_info</name>
         <load_address>0x6d4a</load_address>
         <run_address>0x6d4a</run_address>
         <size>0x13a</size>
         <input_file_ref idref="fl-c8"/>
      </object_component>
      <object_component id="oc-b8">
         <name>.debug_info</name>
         <load_address>0x6e84</load_address>
         <run_address>0x6e84</run_address>
         <size>0x13a</size>
         <input_file_ref idref="fl-c9"/>
      </object_component>
      <object_component id="oc-c7">
         <name>.debug_info</name>
         <load_address>0x6fbe</load_address>
         <run_address>0x6fbe</run_address>
         <size>0x12e</size>
         <input_file_ref idref="fl-ca"/>
      </object_component>
      <object_component id="oc-c2">
         <name>.debug_info</name>
         <load_address>0x70ec</load_address>
         <run_address>0x70ec</run_address>
         <size>0x139</size>
         <input_file_ref idref="fl-cb"/>
      </object_component>
      <object_component id="oc-42">
         <name>.debug_info</name>
         <load_address>0x7225</load_address>
         <run_address>0x7225</run_address>
         <size>0x119</size>
         <input_file_ref idref="fl-cc"/>
      </object_component>
      <object_component id="oc-b3">
         <name>.debug_info</name>
         <load_address>0x733e</load_address>
         <run_address>0x733e</run_address>
         <size>0x12e</size>
         <input_file_ref idref="fl-cd"/>
      </object_component>
      <object_component id="oc-a2">
         <name>.debug_info</name>
         <load_address>0x746c</load_address>
         <run_address>0x746c</run_address>
         <size>0x147</size>
         <input_file_ref idref="fl-ce"/>
      </object_component>
      <object_component id="oc-f8">
         <name>.debug_info</name>
         <load_address>0x75b3</load_address>
         <run_address>0x75b3</run_address>
         <size>0x2d4</size>
         <input_file_ref idref="fl-cf"/>
      </object_component>
      <object_component id="oc-4e">
         <name>.debug_info</name>
         <load_address>0x7887</load_address>
         <run_address>0x7887</run_address>
         <size>0x1d2</size>
         <input_file_ref idref="fl-cf"/>
      </object_component>
      <object_component id="oc-f3">
         <name>.debug_info</name>
         <load_address>0x7a59</load_address>
         <run_address>0x7a59</run_address>
         <size>0x46</size>
         <input_file_ref idref="fl-cf"/>
      </object_component>
      <object_component id="oc-196">
         <name>.debug_info</name>
         <load_address>0x7a9f</load_address>
         <run_address>0x7a9f</run_address>
         <size>0x2c</size>
         <input_file_ref idref="fl-cf"/>
      </object_component>
      <object_component id="oc-4c">
         <name>.debug_info</name>
         <load_address>0x7acb</load_address>
         <run_address>0x7acb</run_address>
         <size>0x2a8</size>
         <input_file_ref idref="fl-d0"/>
      </object_component>
      <object_component id="oc-1c">
         <name>.debug_info</name>
         <load_address>0x7d73</load_address>
         <run_address>0x7d73</run_address>
         <size>0x1ea</size>
         <input_file_ref idref="fl-d0"/>
      </object_component>
      <object_component id="oc-47">
         <name>.debug_info</name>
         <load_address>0x7f5d</load_address>
         <run_address>0x7f5d</run_address>
         <size>0x46</size>
         <input_file_ref idref="fl-d0"/>
      </object_component>
      <object_component id="oc-eb">
         <name>.debug_info</name>
         <load_address>0x7fa3</load_address>
         <run_address>0x7fa3</run_address>
         <size>0x2c</size>
         <input_file_ref idref="fl-d0"/>
      </object_component>
      <object_component id="oc-e9">
         <name>.debug_info</name>
         <load_address>0x7fcf</load_address>
         <run_address>0x7fcf</run_address>
         <size>0x29e</size>
         <input_file_ref idref="fl-d1"/>
      </object_component>
      <object_component id="oc-16">
         <name>.debug_info</name>
         <load_address>0x826d</load_address>
         <run_address>0x826d</run_address>
         <size>0x250</size>
         <input_file_ref idref="fl-d1"/>
      </object_component>
      <object_component id="oc-37">
         <name>.debug_info</name>
         <load_address>0x84bd</load_address>
         <run_address>0x84bd</run_address>
         <size>0x60</size>
         <input_file_ref idref="fl-d1"/>
      </object_component>
      <object_component id="oc-18f">
         <name>.debug_info</name>
         <load_address>0x851d</load_address>
         <run_address>0x851d</run_address>
         <size>0x46</size>
         <input_file_ref idref="fl-d1"/>
      </object_component>
      <object_component id="oc-e4">
         <name>.debug_info</name>
         <load_address>0x8563</load_address>
         <run_address>0x8563</run_address>
         <size>0x39</size>
         <input_file_ref idref="fl-d1"/>
      </object_component>
      <object_component id="oc-2fd">
         <name>.debug_info</name>
         <load_address>0x859c</load_address>
         <run_address>0x859c</run_address>
         <size>0xf9</size>
         <input_file_ref idref="fl-d2"/>
      </object_component>
      <object_component id="oc-247">
         <name>.debug_info</name>
         <load_address>0x8695</load_address>
         <run_address>0x8695</run_address>
         <size>0x105</size>
         <input_file_ref idref="fl-d2"/>
      </object_component>
      <object_component id="oc-23f">
         <name>.debug_info</name>
         <load_address>0x879a</load_address>
         <run_address>0x879a</run_address>
         <size>0x28a</size>
         <input_file_ref idref="fl-d3"/>
      </object_component>
      <object_component id="oc-159">
         <name>.debug_info</name>
         <load_address>0x8a24</load_address>
         <run_address>0x8a24</run_address>
         <size>0x273</size>
         <input_file_ref idref="fl-d3"/>
      </object_component>
      <object_component id="oc-241">
         <name>.debug_info</name>
         <load_address>0x8c97</load_address>
         <run_address>0x8c97</run_address>
         <size>0x28f</size>
         <input_file_ref idref="fl-d4"/>
      </object_component>
      <object_component id="oc-15f">
         <name>.debug_info</name>
         <load_address>0x8f26</load_address>
         <run_address>0x8f26</run_address>
         <size>0x245</size>
         <input_file_ref idref="fl-d4"/>
      </object_component>
      <object_component id="oc-23d">
         <name>.debug_info</name>
         <load_address>0x916b</load_address>
         <run_address>0x916b</run_address>
         <size>0x2fe</size>
         <input_file_ref idref="fl-d5"/>
      </object_component>
      <object_component id="oc-23a">
         <name>.debug_info</name>
         <load_address>0x9469</load_address>
         <run_address>0x9469</run_address>
         <size>0x105</size>
         <input_file_ref idref="fl-d5"/>
      </object_component>
      <object_component id="oc-153">
         <name>.debug_info</name>
         <load_address>0x956e</load_address>
         <run_address>0x956e</run_address>
         <size>0x1ab</size>
         <input_file_ref idref="fl-d5"/>
      </object_component>
      <object_component id="oc-24a">
         <name>.debug_info</name>
         <load_address>0x9719</load_address>
         <run_address>0x9719</run_address>
         <size>0x2b6</size>
         <input_file_ref idref="fl-d6"/>
      </object_component>
      <object_component id="oc-16c">
         <name>.debug_info</name>
         <load_address>0x99cf</load_address>
         <run_address>0x99cf</run_address>
         <size>0x154</size>
         <input_file_ref idref="fl-d6"/>
      </object_component>
      <object_component id="oc-25">
         <name>.debug_info</name>
         <load_address>0x9b23</load_address>
         <run_address>0x9b23</run_address>
         <size>0x10b</size>
         <input_file_ref idref="fl-d7"/>
      </object_component>
      <object_component id="oc-60">
         <name>.debug_info</name>
         <load_address>0x9c2e</load_address>
         <run_address>0x9c2e</run_address>
         <size>0x1a9</size>
         <input_file_ref idref="fl-d7"/>
      </object_component>
      <object_component id="oc-21e">
         <name>.debug_info</name>
         <load_address>0x9dd7</load_address>
         <run_address>0x9dd7</run_address>
         <size>0x590</size>
         <input_file_ref idref="fl-d8"/>
      </object_component>
      <object_component id="oc-1e9">
         <name>.debug_info</name>
         <load_address>0xa367</load_address>
         <run_address>0xa367</run_address>
         <size>0x21e</size>
         <input_file_ref idref="fl-d8"/>
      </object_component>
      <object_component id="oc-2a8">
         <name>.debug_info</name>
         <load_address>0xa585</load_address>
         <run_address>0xa585</run_address>
         <size>0x1b3</size>
         <input_file_ref idref="fl-d8"/>
      </object_component>
      <object_component id="oc-2ae">
         <name>.debug_info</name>
         <load_address>0xa738</load_address>
         <run_address>0xa738</run_address>
         <size>0x21b</size>
         <input_file_ref idref="fl-d8"/>
      </object_component>
      <object_component id="oc-1f4">
         <name>.debug_info</name>
         <load_address>0xa953</load_address>
         <run_address>0xa953</run_address>
         <size>0x3c0</size>
         <input_file_ref idref="fl-d8"/>
      </object_component>
      <object_component id="oc-2b5">
         <name>.debug_info</name>
         <load_address>0xad13</load_address>
         <run_address>0xad13</run_address>
         <size>0x30a</size>
         <input_file_ref idref="fl-d8"/>
      </object_component>
      <object_component id="oc-2bb">
         <name>.debug_info</name>
         <load_address>0xb01d</load_address>
         <run_address>0xb01d</run_address>
         <size>0x215</size>
         <input_file_ref idref="fl-d8"/>
      </object_component>
      <object_component id="oc-1fa">
         <name>.debug_info</name>
         <load_address>0xb232</load_address>
         <run_address>0xb232</run_address>
         <size>0x215</size>
         <input_file_ref idref="fl-d8"/>
      </object_component>
      <object_component id="oc-200">
         <name>.debug_info</name>
         <load_address>0xb447</load_address>
         <run_address>0xb447</run_address>
         <size>0x304</size>
         <input_file_ref idref="fl-d8"/>
      </object_component>
      <object_component id="oc-206">
         <name>.debug_info</name>
         <load_address>0xb74b</load_address>
         <run_address>0xb74b</run_address>
         <size>0x4b5</size>
         <input_file_ref idref="fl-d8"/>
      </object_component>
      <object_component id="oc-12a">
         <name>.debug_info</name>
         <load_address>0xbc00</load_address>
         <run_address>0xbc00</run_address>
         <size>0x5f4</size>
         <input_file_ref idref="fl-d8"/>
      </object_component>
      <object_component id="oc-21f">
         <name>.debug_info</name>
         <load_address>0xc1f4</load_address>
         <run_address>0xc1f4</run_address>
         <size>0x86</size>
         <input_file_ref idref="fl-d8"/>
      </object_component>
      <object_component id="oc-2e5">
         <name>.debug_info</name>
         <load_address>0xc27a</load_address>
         <run_address>0xc27a</run_address>
         <size>0x39</size>
         <input_file_ref idref="fl-d8"/>
      </object_component>
      <object_component id="oc-38d">
         <name>.debug_info</name>
         <load_address>0xc2b3</load_address>
         <run_address>0xc2b3</run_address>
         <size>0xb6</size>
         <input_file_ref idref="fl-d8"/>
      </object_component>
      <object_component id="oc-2ea">
         <name>.debug_info</name>
         <load_address>0xc369</load_address>
         <run_address>0xc369</run_address>
         <size>0x46</size>
         <input_file_ref idref="fl-d8"/>
      </object_component>
      <object_component id="oc-224">
         <name>.debug_info</name>
         <load_address>0xc3af</load_address>
         <run_address>0xc3af</run_address>
         <size>0x46</size>
         <input_file_ref idref="fl-d8"/>
      </object_component>
      <object_component id="oc-331">
         <name>.debug_info</name>
         <load_address>0xc3f5</load_address>
         <run_address>0xc3f5</run_address>
         <size>0x5ce</size>
         <input_file_ref idref="fl-d9"/>
      </object_component>
      <object_component id="oc-24c">
         <name>.debug_info</name>
         <load_address>0xc9c3</load_address>
         <run_address>0xc9c3</run_address>
         <size>0xa45</size>
         <input_file_ref idref="fl-d9"/>
      </object_component>
      <object_component id="oc-333">
         <name>.debug_info</name>
         <load_address>0xd408</load_address>
         <run_address>0xd408</run_address>
         <size>0x9a</size>
         <input_file_ref idref="fl-d9"/>
      </object_component>
      <object_component id="oc-2a5">
         <name>.debug_info</name>
         <load_address>0xd4a2</load_address>
         <run_address>0xd4a2</run_address>
         <size>0x14c</size>
         <input_file_ref idref="fl-da"/>
      </object_component>
      <object_component id="oc-1ef">
         <name>.debug_info</name>
         <load_address>0xd5ee</load_address>
         <run_address>0xd5ee</run_address>
         <size>0x128</size>
         <input_file_ref idref="fl-db"/>
      </object_component>
      <object_component id="oc-293">
         <name>.debug_info</name>
         <load_address>0xd716</load_address>
         <run_address>0xd716</run_address>
         <size>0x12a</size>
         <input_file_ref idref="fl-db"/>
      </object_component>
      <object_component id="oc-319">
         <name>.debug_info</name>
         <load_address>0xd840</load_address>
         <run_address>0xd840</run_address>
         <size>0x13e</size>
         <input_file_ref idref="fl-dc"/>
      </object_component>
      <object_component id="oc-29e">
         <name>.debug_info</name>
         <load_address>0xd97e</load_address>
         <run_address>0xd97e</run_address>
         <size>0x12c</size>
         <input_file_ref idref="fl-dd"/>
      </object_component>
      <object_component id="oc-28c">
         <name>.debug_info</name>
         <load_address>0xdaaa</load_address>
         <run_address>0xdaaa</run_address>
         <size>0x134</size>
         <input_file_ref idref="fl-de"/>
      </object_component>
      <object_component id="oc-272">
         <name>.debug_info</name>
         <load_address>0xdbde</load_address>
         <run_address>0xdbde</run_address>
         <size>0x4b3</size>
         <input_file_ref idref="fl-df"/>
      </object_component>
      <object_component id="oc-1ab">
         <name>.debug_info</name>
         <load_address>0xe091</load_address>
         <run_address>0xe091</run_address>
         <size>0x1a6</size>
         <input_file_ref idref="fl-df"/>
      </object_component>
      <object_component id="oc-34d">
         <name>.debug_info</name>
         <load_address>0xe237</load_address>
         <run_address>0xe237</run_address>
         <size>0x39</size>
         <input_file_ref idref="fl-df"/>
      </object_component>
      <object_component id="oc-3b5">
         <name>.debug_info</name>
         <load_address>0xe270</load_address>
         <run_address>0xe270</run_address>
         <size>0x39</size>
         <input_file_ref idref="fl-df"/>
      </object_component>
      <object_component id="oc-352">
         <name>.debug_info</name>
         <load_address>0xe2a9</load_address>
         <run_address>0xe2a9</run_address>
         <size>0x39</size>
         <input_file_ref idref="fl-df"/>
      </object_component>
      <object_component id="oc-357">
         <name>.debug_info</name>
         <load_address>0xe2e2</load_address>
         <run_address>0xe2e2</run_address>
         <size>0xcd</size>
         <input_file_ref idref="fl-df"/>
      </object_component>
      <object_component id="oc-fb">
         <name>.debug_info</name>
         <load_address>0xe3af</load_address>
         <run_address>0xe3af</run_address>
         <size>0x153</size>
         <input_file_ref idref="fl-e0"/>
      </object_component>
      <object_component id="oc-19f">
         <name>.debug_info</name>
         <load_address>0xe502</load_address>
         <run_address>0xe502</run_address>
         <size>0x122</size>
         <input_file_ref idref="fl-e2"/>
      </object_component>
      <object_component id="oc-368">
         <name>.debug_info</name>
         <load_address>0xe624</load_address>
         <run_address>0xe624</run_address>
         <size>0x29c</size>
         <input_file_ref idref="fl-e4"/>
      </object_component>
      <object_component id="oc-298">
         <name>.debug_info</name>
         <load_address>0xe8c0</load_address>
         <run_address>0xe8c0</run_address>
         <size>0x1da</size>
         <input_file_ref idref="fl-e4"/>
      </object_component>
      <object_component id="oc-28a">
         <name>.debug_info</name>
         <load_address>0xea9a</load_address>
         <run_address>0xea9a</run_address>
         <size>0x2b9</size>
         <input_file_ref idref="fl-e6"/>
      </object_component>
      <object_component id="oc-1e3">
         <name>.debug_info</name>
         <load_address>0xed53</load_address>
         <run_address>0xed53</run_address>
         <size>0x17c</size>
         <input_file_ref idref="fl-e6"/>
      </object_component>
      <object_component id="oc-2d6">
         <name>.debug_info</name>
         <load_address>0xeecf</load_address>
         <run_address>0xeecf</run_address>
         <size>0x2a7</size>
         <input_file_ref idref="fl-e7"/>
      </object_component>
      <object_component id="oc-20c">
         <name>.debug_info</name>
         <load_address>0xf176</load_address>
         <run_address>0xf176</run_address>
         <size>0x1b8</size>
         <input_file_ref idref="fl-e7"/>
      </object_component>
      <object_component id="oc-37f">
         <name>.debug_info</name>
         <load_address>0xf32e</load_address>
         <run_address>0xf32e</run_address>
         <size>0x29a</size>
         <input_file_ref idref="fl-e8"/>
      </object_component>
      <object_component id="oc-2cf">
         <name>.debug_info</name>
         <load_address>0xf5c8</load_address>
         <run_address>0xf5c8</run_address>
         <size>0x262</size>
         <input_file_ref idref="fl-e8"/>
      </object_component>
      <object_component id="oc-399">
         <name>.debug_info</name>
         <load_address>0xf82a</load_address>
         <run_address>0xf82a</run_address>
         <size>0x2a4</size>
         <input_file_ref idref="fl-e9"/>
      </object_component>
      <object_component id="oc-301">
         <name>.debug_info</name>
         <load_address>0xface</load_address>
         <run_address>0xface</run_address>
         <size>0x24d</size>
         <input_file_ref idref="fl-e9"/>
      </object_component>
      <object_component id="oc-2f2">
         <name>.debug_info</name>
         <load_address>0xfd1b</load_address>
         <run_address>0xfd1b</run_address>
         <size>0x290</size>
         <input_file_ref idref="fl-ea"/>
      </object_component>
      <object_component id="oc-234">
         <name>.debug_info</name>
         <load_address>0xffab</load_address>
         <run_address>0xffab</run_address>
         <size>0x198</size>
         <input_file_ref idref="fl-ea"/>
      </object_component>
      <object_component id="oc-3af">
         <name>.debug_info</name>
         <load_address>0x10143</load_address>
         <run_address>0x10143</run_address>
         <size>0x296</size>
         <input_file_ref idref="fl-eb"/>
      </object_component>
      <object_component id="oc-32a">
         <name>.debug_info</name>
         <load_address>0x103d9</load_address>
         <run_address>0x103d9</run_address>
         <size>0x265</size>
         <input_file_ref idref="fl-eb"/>
      </object_component>
      <object_component id="oc-2f0">
         <name>.debug_info</name>
         <load_address>0x1063e</load_address>
         <run_address>0x1063e</run_address>
         <size>0x295</size>
         <input_file_ref idref="fl-ec"/>
      </object_component>
      <object_component id="oc-22e">
         <name>.debug_info</name>
         <load_address>0x108d3</load_address>
         <run_address>0x108d3</run_address>
         <size>0x1c3</size>
         <input_file_ref idref="fl-ec"/>
      </object_component>
      <object_component id="oc-3a7">
         <name>.debug_info</name>
         <load_address>0x10a96</load_address>
         <run_address>0x10a96</run_address>
         <size>0x3b1</size>
         <input_file_ref idref="fl-ed"/>
      </object_component>
      <object_component id="oc-3a4">
         <name>.debug_info</name>
         <load_address>0x10e47</load_address>
         <run_address>0x10e47</run_address>
         <size>0x123</size>
         <input_file_ref idref="fl-ed"/>
      </object_component>
      <object_component id="oc-313">
         <name>.debug_info</name>
         <load_address>0x10f6a</load_address>
         <run_address>0x10f6a</run_address>
         <size>0x4e0</size>
         <input_file_ref idref="fl-ed"/>
      </object_component>
      <object_component id="oc-3ab">
         <name>.debug_info</name>
         <load_address>0x1144a</load_address>
         <run_address>0x1144a</run_address>
         <size>0x321</size>
         <input_file_ref idref="fl-ee"/>
      </object_component>
      <object_component id="oc-321">
         <name>.debug_info</name>
         <load_address>0x1176b</load_address>
         <run_address>0x1176b</run_address>
         <size>0x28b</size>
         <input_file_ref idref="fl-ee"/>
      </object_component>
      <object_component id="oc-3ad">
         <name>.debug_info</name>
         <load_address>0x119f6</load_address>
         <run_address>0x119f6</run_address>
         <size>0x322</size>
         <input_file_ref idref="fl-ef"/>
      </object_component>
      <object_component id="oc-327">
         <name>.debug_info</name>
         <load_address>0x11d18</load_address>
         <run_address>0x11d18</run_address>
         <size>0x2cf</size>
         <input_file_ref idref="fl-ef"/>
      </object_component>
      <object_component id="oc-3a2">
         <name>.debug_info</name>
         <load_address>0x11fe7</load_address>
         <run_address>0x11fe7</run_address>
         <size>0x322</size>
         <input_file_ref idref="fl-f0"/>
      </object_component>
      <object_component id="oc-30d">
         <name>.debug_info</name>
         <load_address>0x12309</load_address>
         <run_address>0x12309</run_address>
         <size>0x231</size>
         <input_file_ref idref="fl-f0"/>
      </object_component>
      <object_component id="oc-3a0">
         <name>.debug_info</name>
         <load_address>0x1253a</load_address>
         <run_address>0x1253a</run_address>
         <size>0x323</size>
         <input_file_ref idref="fl-f1"/>
      </object_component>
      <object_component id="oc-307">
         <name>.debug_info</name>
         <load_address>0x1285d</load_address>
         <run_address>0x1285d</run_address>
         <size>0x254</size>
         <input_file_ref idref="fl-f1"/>
      </object_component>
      <object_component id="oc-2e2">
         <name>.debug_info</name>
         <load_address>0x12ab1</load_address>
         <run_address>0x12ab1</run_address>
         <size>0x289</size>
         <input_file_ref idref="fl-f2"/>
      </object_component>
      <object_component id="oc-2df">
         <name>.debug_info</name>
         <load_address>0x12d3a</load_address>
         <run_address>0x12d3a</run_address>
         <size>0x10e</size>
         <input_file_ref idref="fl-f2"/>
      </object_component>
      <object_component id="oc-218">
         <name>.debug_info</name>
         <load_address>0x12e48</load_address>
         <run_address>0x12e48</run_address>
         <size>0x14e</size>
         <input_file_ref idref="fl-f2"/>
      </object_component>
      <object_component id="oc-2dd">
         <name>.debug_info</name>
         <load_address>0x12f96</load_address>
         <run_address>0x12f96</run_address>
         <size>0x28f</size>
         <input_file_ref idref="fl-f3"/>
      </object_component>
      <object_component id="oc-212">
         <name>.debug_info</name>
         <load_address>0x13225</load_address>
         <run_address>0x13225</run_address>
         <size>0x15a</size>
         <input_file_ref idref="fl-f3"/>
      </object_component>
      <object_component id="oc-382">
         <name>.debug_info</name>
         <load_address>0x1337f</load_address>
         <run_address>0x1337f</run_address>
         <size>0x46</size>
         <input_file_ref idref="fl-f3"/>
      </object_component>
      <object_component id="oc-2d8">
         <name>.debug_info</name>
         <load_address>0x133c5</load_address>
         <run_address>0x133c5</run_address>
         <size>0x39</size>
         <input_file_ref idref="fl-f3"/>
      </object_component>
      <object_component id="oc-370">
         <name>.debug_info</name>
         <load_address>0x133fe</load_address>
         <run_address>0x133fe</run_address>
         <size>0x295</size>
         <input_file_ref idref="fl-f4"/>
      </object_component>
      <object_component id="oc-2c3">
         <name>.debug_info</name>
         <load_address>0x13693</load_address>
         <run_address>0x13693</run_address>
         <size>0x195</size>
         <input_file_ref idref="fl-f4"/>
      </object_component>
      <object_component id="oc-3c6">
         <name>.debug_info</name>
         <load_address>0x13828</load_address>
         <run_address>0x13828</run_address>
         <size>0x39</size>
         <input_file_ref idref="fl-f4"/>
      </object_component>
      <object_component id="oc-371">
         <name>.debug_info</name>
         <load_address>0x13861</load_address>
         <run_address>0x13861</run_address>
         <size>0x2c</size>
         <input_file_ref idref="fl-f4"/>
      </object_component>
      <object_component id="oc-37d">
         <name>.debug_info</name>
         <load_address>0x1388d</load_address>
         <run_address>0x1388d</run_address>
         <size>0x2f8</size>
         <input_file_ref idref="fl-f5"/>
      </object_component>
      <object_component id="oc-2c9">
         <name>.debug_info</name>
         <load_address>0x13b85</load_address>
         <run_address>0x13b85</run_address>
         <size>0x225</size>
         <input_file_ref idref="fl-f5"/>
      </object_component>
      <object_component id="oc-363">
         <name>.debug_info</name>
         <load_address>0x13daa</load_address>
         <run_address>0x13daa</run_address>
         <size>0x115</size>
         <input_file_ref idref="fl-f6"/>
      </object_component>
      <object_component id="oc-39d">
         <name>.debug_info</name>
         <load_address>0x13ebf</load_address>
         <run_address>0x13ebf</run_address>
         <size>0x122</size>
         <input_file_ref idref="fl-f7"/>
      </object_component>
      <object_component id="oc-379">
         <name>.debug_info</name>
         <load_address>0x13fe1</load_address>
         <run_address>0x13fe1</run_address>
         <size>0x161</size>
         <input_file_ref idref="fl-f8"/>
      </object_component>
      <object_component id="oc-410">
         <name>.debug_info</name>
         <load_address>0x14142</load_address>
         <run_address>0x14142</run_address>
         <size>0xa1</size>
      </object_component>
      <object_component id="oc-266">
         <name>.debug_line</name>
         <load_address>0x0</load_address>
         <run_address>0x0</run_address>
         <size>0x3a</size>
         <input_file_ref idref="fl-1"/>
      </object_component>
      <object_component id="oc-84">
         <name>.debug_line</name>
         <load_address>0x3a</load_address>
         <run_address>0x3a</run_address>
         <size>0x50</size>
         <input_file_ref idref="fl-1"/>
      </object_component>
      <object_component id="oc-e2">
         <name>.debug_line</name>
         <load_address>0x8a</load_address>
         <run_address>0x8a</run_address>
         <size>0x79</size>
         <input_file_ref idref="fl-1"/>
      </object_component>
      <object_component id="oc-111">
         <name>.debug_line</name>
         <load_address>0x103</load_address>
         <run_address>0x103</run_address>
         <size>0x2d</size>
         <input_file_ref idref="fl-1"/>
      </object_component>
      <object_component id="oc-3f">
         <name>.debug_line</name>
         <load_address>0x130</load_address>
         <run_address>0x130</run_address>
         <size>0x20</size>
         <input_file_ref idref="fl-1"/>
      </object_component>
      <object_component id="oc-18c">
         <name>.debug_line</name>
         <load_address>0x150</load_address>
         <run_address>0x150</run_address>
         <size>0x7d</size>
         <input_file_ref idref="fl-1"/>
[...]
      <symbol id="sm-10e">
         <name>setPinValue</name>
         <value>0x27d5</value>
         <object_component_ref idref="oc-7a"/>
      </symbol>
      <symbol id="sm-1ed">
         <name>rolledIdx</name>
         <value>0x2000202c</value>
         <object_component_ref idref="oc-92"/>
      </symbol>
      <symbol id="sm-1ee">
         <name>partialSets</name>
         <value>0x2000201d</value>
         <object_component_ref idref="oc-92"/>
      </symbol>
      <symbol id="sm-1ef">
         <name>timeConstant</name>
         <value>0x20002014</value>
         <object_component_ref idref="oc-92"/>
      </symbol>
      <symbol id="sm-1f0">
         <name>initHw</name>
         <value>0x17d1</value>
         <object_component_ref idref="oc-2d"/>
      </symbol>
      <symbol id="sm-1f1">
         <name>mic2Samples</name>
         <value>0x20002064</value>
         <object_component_ref idref="oc-98"/>
      </symbol>
      <symbol id="sm-1f2">
         <name>tdoaEnable</name>
         <value>0x2000201c</value>
         <object_component_ref idref="oc-92"/>
      </symbol>
      <symbol id="sm-1f3">
         <name>aoaValue</name>
         <value>0x2000201e</value>
         <object_component_ref idref="oc-92"/>
      </symbol>
      <symbol id="sm-1f4">
         <name>wherePeek</name>
         <value>0x20002020</value>
         <object_component_ref idref="oc-92"/>
      </symbol>
      <symbol id="sm-1f5">
         <name>calculateAvgs</name>
         <value>0x1fc1</value>
         <object_component_ref idref="oc-2d"/>
      </symbol>
      <symbol id="sm-1f6">
         <name>initApp</name>
         <value>0x2011</value>
         <object_component_ref idref="oc-2d"/>
      </symbol>
      <symbol id="sm-1f7">
         <name>adcTimeConstantFlag</name>
         <value>0x20002028</value>
         <object_component_ref idref="oc-92"/>
      </symbol>
      <symbol id="sm-1f8">
         <name>main</name>
         <value>0x2049</value>
         <object_component_ref idref="oc-2d"/>
      </symbol>
      <symbol id="sm-1f9">
         <name>mic3Samples</name>
         <value>0x20002084</value>
         <object_component_ref idref="oc-9b"/>
      </symbol>
      <symbol id="sm-1fa">
         <name>holdOffFlag</name>
         <value>0x20002029</value>
         <object_component_ref idref="oc-92"/>
      </symbol>
      <symbol id="sm-1fb">
         <name>aoaAdc0InterruptHandler</name>
         <value>0x1805</value>
         <object_component_ref idref="oc-2d"/>
      </symbol>
      <symbol id="sm-1fc">
         <name>backOff</name>
         <value>0x20002016</value>
         <object_component_ref idref="oc-92"/>
      </symbol>
      <symbol id="sm-1fd">
         <name>threeSampleDetCount</name>
         <value>0x20002030</value>
         <object_component_ref idref="oc-92"/>
      </symbol>
      <symbol id="sm-1fe">
         <name>hysteresis</name>
         <value>0x2000201a</value>
         <object_component_ref idref="oc-92"/>
      </symbol>
      <symbol id="sm-1ff">
         <name>threshold</name>
         <value>0x20002010</value>
         <object_component_ref idref="oc-92"/>
      </symbol>
      <symbol id="sm-200">
         <name>peekDetectionOrder</name>
         <value>0x200020a4</value>
         <object_component_ref idref="oc-9e"/>
      </symbol>
      <symbol id="sm-201">
         <name>peekTimeout</name>
         <value>0x20002034</value>
         <object_component_ref idref="oc-92"/>
      </symbol>
      <symbol id="sm-202">
         <name>hysteresisFlag</name>
         <value>0x2000202a</value>
         <object_component_ref idref="oc-92"/>
      </symbol>
      <symbol id="sm-203">
         <name>holdOff</name>
         <value>0x20002018</value>
         <object_component_ref idref="oc-92"/>
      </symbol>
      <symbol id="sm-204">
         <name>calAvgNow</name>
         <value>0x20002002</value>
         <object_component_ref idref="oc-92"/>
      </symbol>
      <symbol id="sm-205">
         <name>audioProcess</name>
         <value>0x1ddd</value>
         <object_component_ref idref="oc-2d"/>
      </symbol>
      <symbol id="sm-206">
         <name>mic3SamplesAvg</name>
         <value>0x2000200c</value>
         <object_component_ref idref="oc-92"/>
      </symbol>
      <symbol id="sm-207">
         <name>mic1Samples</name>
         <value>0x20002044</value>
         <object_component_ref idref="oc-95"/>
      </symbol>
      <symbol id="sm-208">
         <name>mic2SamplesAvg</name>
         <value>0x20002008</value>
         <object_component_ref idref="oc-92"/>
      </symbol>
      <symbol id="sm-209">
         <name>mic1SamplesAvg</name>
         <value>0x20002004</value>
         <object_component_ref idref="oc-92"/>
      </symbol>
      <symbol id="sm-20a">
         <name>idx</name>
         <value>0x20002000</value>
         <object_component_ref idref="oc-92"/>
      </symbol>
      <symbol id="sm-20b">
         <name>adcTicks</name>
         <value>0x20002024</value>
         <object_component_ref idref="oc-92"/>
      </symbol>
      <symbol id="sm-21e">
         <name>disableNvicInterrupt</name>
         <value>0x45e1</value>
         <object_component_ref idref="oc-114"/>
      </symbol>
      <symbol id="sm-21f">
         <name>enableNvicInterrupt</name>
         <value>0x45a9</value>
         <object_component_ref idref="oc-114"/>
      </symbol>
      <symbol id="sm-220">
         <name>setNvicInterruptPriority</name>
         <value>0x4619</value>
         <object_component_ref idref="oc-114"/>
      </symbol>
      <symbol id="sm-23d">
         <name>ResetISR</name>
         <value>0x528f</value>
         <object_component_ref idref="oc-27"/>
      </symbol>
      <symbol id="sm-23e">
         <name>g_pfnVectors</name>
         <value>0x0</value>
         <object_component_ref idref="oc-12"/>
      </symbol>
      <symbol id="sm-261">
         <name>getcUart0</name>
         <value>0x4117</value>
         <object_component_ref idref="oc-86"/>
      </symbol>
      <symbol id="sm-262">
         <name>kbhitUart0</name>
         <value>0x412b</value>
         <object_component_ref idref="oc-86"/>
      </symbol>
      <symbol id="sm-263">
         <name>setUart0BaudRate</name>
         <value>0x408b</value>
         <object_component_ref idref="oc-86"/>
      </symbol>
      <symbol id="sm-264">
         <name>putsUart0</name>
         <value>0x40eb</value>
         <object_component_ref idref="oc-86"/>
      </symbol>
      <symbol id="sm-265">
         <name>initUart0</name>
         <value>0x4041</value>
         <object_component_ref idref="oc-86"/>
      </symbol>
      <symbol id="sm-266">
         <name>putcUart0</name>
         <value>0x40cf</value>
         <object_component_ref idref="oc-86"/>
      </symbol>
      <symbol id="sm-2e1">
         <name>strInput</name>
         <value>0x200020c8</value>
      </symbol>
      <symbol id="sm-2e2">
         <name>token</name>
         <value>0x2000211c</value>
      </symbol>
      <symbol id="sm-2e3">
         <name>displayAvgs</name>
         <value>0x2cad</value>
         <object_component_ref idref="oc-cb"/>
      </symbol>
      <symbol id="sm-2e4">
         <name>setBackOff</name>
         <value>0x2d31</value>
         <object_component_ref idref="oc-cb"/>
      </symbol>
      <symbol id="sm-2e5">
         <name>asciiToUint16</name>
         <value>0x2c59</value>
         <object_component_ref idref="oc-cb"/>
      </symbol>
      <symbol id="sm-2e6">
         <name>processShell</name>
         <value>0x2965</value>
         <object_component_ref idref="oc-cb"/>
      </symbol>
      <symbol id="sm-2e7">
         <name>setTimeConstant</name>
         <value>0x2d05</value>
         <object_component_ref idref="oc-cb"/>
      </symbol>
      <symbol id="sm-2e8">
         <name>alwaysEventAoa</name>
         <value>0x200020c5</value>
         <object_component_ref idref="oc-164"/>
      </symbol>
      <symbol id="sm-2e9">
         <name>setHoldoff</name>
         <value>0x2d59</value>
         <object_component_ref idref="oc-cb"/>
      </symbol>
      <symbol id="sm-2ea">
         <name>alwaysEvents</name>
         <value>0x2da1</value>
         <object_component_ref idref="oc-cb"/>
      </symbol>
      <symbol id="sm-2eb">
         <name>count</name>
         <value>0x200020c4</value>
         <object_component_ref idref="oc-164"/>
      </symbol>
      <symbol id="sm-2ec">
         <name>setHysteresis</name>
         <value>0x2d73</value>
         <object_component_ref idref="oc-cb"/>
      </symbol>
      <symbol id="sm-2fa">
         <name>waitMicrosecond</name>
         <value>0x5109</value>
         <object_component_ref idref="oc-ac"/>
      </symbol>
      <symbol id="sm-329">
         <name>snprintf</name>
         <value>0x4e55</value>
         <object_component_ref idref="oc-a6"/>
      </symbol>
      <symbol id="sm-360">
         <name>sscanf</name>
         <value>0x4ff1</value>
         <object_component_ref idref="oc-171"/>
      </symbol>
      <symbol id="sm-374">
         <name>__aeabi_ddiv</name>
         <value>0x3dd9</value>
         <object_component_ref idref="oc-bc"/>
      </symbol>
      <symbol id="sm-37f">
         <name>__aeabi_dmul</name>
         <value>0x44ad</value>
         <object_component_ref idref="oc-b7"/>
      </symbol>
      <symbol id="sm-389">
         <name>__aeabi_d2iz</name>
         <value>0x4ea1</value>
         <object_component_ref idref="oc-c6"/>
      </symbol>
      <symbol id="sm-393">
         <name>__aeabi_d2uiz</name>
         <value>0x4f2d</value>
         <object_component_ref idref="oc-c1"/>
      </symbol>
      <symbol id="sm-3ae">
         <name>memcpy</name>
         <value>0x472f</value>
         <object_component_ref idref="oc-41"/>
      </symbol>
      <symbol id="sm-3af">
         <name>__aeabi_memcpy</name>
         <value>0x472f</value>
         <object_component_ref idref="oc-41"/>
      </symbol>
      <symbol id="sm-3b0">
         <name>__aeabi_memcpy8</name>
         <value>0x472f</value>
         <object_component_ref idref="oc-41"/>
      </symbol>
      <symbol id="sm-3b1">
         <name>__aeabi_memcpy4</name>
         <value>0x472f</value>
         <object_component_ref idref="oc-41"/>
      </symbol>
      <symbol id="sm-3bb">
         <name>__aeabi_ui2d</name>
         <value>0x512d</value>
         <object_component_ref idref="oc-b2"/>
      </symbol>
      <symbol id="sm-3ca">
         <name>__aeabi_memset</name>
         <value>0x4a83</value>
         <object_component_ref idref="oc-a1"/>
      </symbol>
      <symbol id="sm-3cb">
         <name>memset</name>
         <value>0x4a89</value>
         <object_component_ref idref="oc-a1"/>
      </symbol>
      <symbol id="sm-3cc">
         <name>__aeabi_memset8</name>
         <value>0x4a83</value>
         <object_component_ref idref="oc-a1"/>
      </symbol>
      <symbol id="sm-3cd">
         <name>__aeabi_memset4</name>
         <value>0x4a83</value>
         <object_component_ref idref="oc-a1"/>
      </symbol>
      <symbol id="sm-3ce">
         <name>__aeabi_memclr8</name>
         <value>0x4a81</value>
         <object_component_ref idref="oc-a1"/>
      </symbol>
      <symbol id="sm-3cf">
         <name>__aeabi_memclr4</name>
         <value>0x4a81</value>
         <object_component_ref idref="oc-a1"/>
      </symbol>
      <symbol id="sm-3d0">
         <name>__aeabi_memclr</name>
         <value>0x4a81</value>
         <object_component_ref idref="oc-a1"/>
      </symbol>
      <symbol id="sm-3e9">
         <name>__TI_zero_init_nomemset</name>
         <value>0x514d</value>
         <object_component_ref idref="oc-4d"/>
      </symbol>
      <symbol id="sm-400">
         <name>__TI_decompress_none</name>
         <value>0x5281</value>
         <object_component_ref idref="oc-1b"/>
      </symbol>
      <symbol id="sm-423">
         <name>__TI_decompress_lzss</name>
         <value>0x4c41</value>
         <object_component_ref idref="oc-15"/>
      </symbol>
      <symbol id="sm-42e">
         <name>_ctypes_</name>
         <value>0x52b8</value>
         <object_component_ref idref="oc-246"/>
      </symbol>
      <symbol id="sm-43d">
         <name>strcmp</name>
         <value>0x51cf</value>
         <object_component_ref idref="oc-158"/>
      </symbol>
      <symbol id="sm-44b">
         <name>strlen</name>
         <value>0x5229</value>
         <object_component_ref idref="oc-15e"/>
      </symbol>
      <symbol id="sm-463">
         <name>strtok</name>
         <value>0x4f71</value>
         <object_component_ref idref="oc-152"/>
      </symbol>
      <symbol id="sm-472">
         <name>tolower</name>
         <value>0x5271</value>
         <object_component_ref idref="oc-16b"/>
      </symbol>
      <symbol id="sm-485">
         <name>__stack</name>
         <value>0x20000000</value>
         <object_component_ref idref="oc-24"/>
      </symbol>
      <symbol id="sm-486">
         <name>_c_int00_noargs</name>
         <value>0x5029</value>
         <object_component_ref idref="oc-5f"/>
      </symbol>
      <symbol id="sm-5eb">
         <name>__TI_printfi</name>
         <value>0xd81</value>
         <object_component_ref idref="oc-129"/>
      </symbol>
      <symbol id="sm-6a1">
         <name>__TI_scanfi</name>
         <value>0x26d</value>
         <object_component_ref idref="oc-24b"/>
      </symbol>
      <symbol id="sm-6b8">
         <name>__aeabi_dsub</name>
         <value>0x3989</value>
         <object_component_ref idref="oc-2a2"/>
      </symbol>
      <symbol id="sm-6b9">
         <name>__aeabi_dadd</name>
         <value>0x3993</value>
         <object_component_ref idref="oc-2a2"/>
      </symbol>
      <symbol id="sm-6db">
         <name>__aeabi_cdcmpeq</name>
         <value>0x48f1</value>
         <object_component_ref idref="oc-1ee"/>
      </symbol>
      <symbol id="sm-6dc">
         <name>__aeabi_cdcmple</name>
         <value>0x48f1</value>
         <object_component_ref idref="oc-1ee"/>
      </symbol>
      <symbol id="sm-6dd">
         <name>__aeabi_cdrcmple</name>
         <value>0x4977</value>
         <object_component_ref idref="oc-292"/>
      </symbol>
      <symbol id="sm-6e9">
         <name>__aeabi_d2f</name>
         <value>0x4b69</value>
         <object_component_ref idref="oc-318"/>
      </symbol>
      <symbol id="sm-6f3">
         <name>__aeabi_i2d</name>
         <value>0x508d</value>
         <object_component_ref idref="oc-29d"/>
      </symbol>
      <symbol id="sm-700">
         <name>__aeabi_uldivmod</name>
         <value>0x47cb</value>
         <object_component_ref idref="oc-28b"/>
      </symbol>
      <symbol id="sm-728">
         <name>__TI_auto_init_nobinit_nopinit</name>
         <value>0x4ee9</value>
         <object_component_ref idref="oc-1aa"/>
      </symbol>
      <symbol id="sm-732">
         <name>_system_pre_init</name>
         <value>0x52ad</value>
         <object_component_ref idref="oc-fa"/>
      </symbol>
      <symbol id="sm-73e">
         <name>C$$EXIT</name>
         <value>0x52b1</value>
         <object_component_ref idref="oc-19e"/>
      </symbol>
      <symbol id="sm-73f">
         <name>abort</name>
         <value>0x52b1</value>
         <object_component_ref idref="oc-19e"/>
      </symbol>
      <symbol id="sm-74f">
         <name>__TI_ltoa</name>
         <value>0x4d63</value>
         <object_component_ref idref="oc-297"/>
      </symbol>
      <symbol id="sm-766">
         <name>atoi</name>
         <value>0x4e09</value>
         <object_component_ref idref="oc-1e2"/>
      </symbol>
      <symbol id="sm-776">
         <name>memccpy</name>
         <value>0x5169</value>
         <object_component_ref idref="oc-20b"/>
      </symbol>
      <symbol id="sm-786">
         <name>strchr</name>
         <value>0x51ff</value>
         <object_component_ref idref="oc-2ce"/>
      </symbol>
      <symbol id="sm-794">
         <name>strcpy</name>
         <value>0x5215</value>
         <object_component_ref idref="oc-300"/>
      </symbol>
      <symbol id="sm-7a5">
         <name>strcspn</name>
         <value>0x50e5</value>
         <object_component_ref idref="oc-233"/>
      </symbol>
      <symbol id="sm-7b4">
         <name>strrchr</name>
         <value>0x51e7</value>
         <object_component_ref idref="oc-329"/>
      </symbol>
      <symbol id="sm-7c6">
         <name>strspn</name>
         <value>0x50bb</value>
         <object_component_ref idref="oc-22d"/>
      </symbol>
      <symbol id="sm-826">
         <name>strtold</name>
         <value>0x2f0d</value>
         <object_component_ref idref="oc-312"/>
      </symbol>
      <symbol id="sm-827">
         <name>strtod</name>
         <value>0x2f0d</value>
         <object_component_ref idref="oc-312"/>
      </symbol>
      <symbol id="sm-84b">
         <name>strtol</name>
         <value>0x3f11</value>
         <object_component_ref idref="oc-31d"/>
      </symbol>
      <symbol id="sm-871">
         <name>strtoll</name>
         <value>0x35dd</value>
         <object_component_ref idref="oc-323"/>
      </symbol>
      <symbol id="sm-891">
         <name>strtoul</name>
         <value>0x439d</value>
         <object_component_ref idref="oc-30c"/>
      </symbol>
      <symbol id="sm-8b4">
         <name>strtoull</name>
         <value>0x3b41</value>
         <object_component_ref idref="oc-306"/>
      </symbol>
      <symbol id="sm-8ca">
         <name>__aeabi_errno_addr</name>
         <value>0x529d</value>
         <object_component_ref idref="oc-217"/>
      </symbol>
      <symbol id="sm-8cb">
         <name>errno</name>
         <value>0x200020bc</value>
         <object_component_ref idref="oc-2de"/>
      </symbol>
      <symbol id="sm-8e4">
         <name>wcslen</name>
         <value>0x524f</value>
         <object_component_ref idref="oc-211"/>
      </symbol>
      <symbol id="sm-904">
         <name>frexpl</name>
         <value>0x4ca9</value>
         <object_component_ref idref="oc-2c2"/>
      </symbol>
      <symbol id="sm-905">
         <name>frexp</name>
         <value>0x4ca9</value>
         <object_component_ref idref="oc-2c2"/>
      </symbol>
      <symbol id="sm-922">
         <name>scalbn</name>
         <value>0x428d</value>
         <object_component_ref idref="oc-2c8"/>
      </symbol>
      <symbol id="sm-923">
         <name>scalbnl</name>
         <value>0x428d</value>
         <object_component_ref idref="oc-2c8"/>
      </symbol>
      <symbol id="sm-924">
         <name>ldexpl</name>
         <value>0x428d</value>
         <object_component_ref idref="oc-2c8"/>
      </symbol>
      <symbol id="sm-925">
         <name>ldexp</name>
         <value>0x428d</value>
         <object_component_ref idref="oc-2c8"/>
      </symbol>
      <symbol id="sm-92f">
         <name>__aeabi_idiv0</name>
         <value>0x17cf</value>
         <object_component_ref idref="oc-360"/>
      </symbol>
      <symbol id="sm-930">
         <name>__aeabi_ldiv0</name>
         <value>0x17cf</value>
         <object_component_ref idref="oc-360"/>
      </symbol>
      <symbol id="sm-939">
         <name>__aeabi_lmul</name>
         <value>0x51b7</value>
         <object_component_ref idref="oc-39a"/>
      </symbol>
      <symbol id="sm-943">
         <name>copysign</name>
         <value>0x5185</value>
         <object_component_ref idref="oc-376"/>
      </symbol>
      <symbol id="sm-944">
         <name>copysignl</name>
         <value>0x5185</value>
         <object_component_ref idref="oc-376"/>
      </symbol>
      <symbol id="sm-945">
         <name>__TI_static_base__</name>
         <value>0x0</value>
      </symbol>
      <symbol id="sm-948">
         <name>__mpu_init</name>
         <value>0x0</value>
      </symbol>
      <symbol id="sm-949">
         <name>_system_post_cinit</name>
         <value>0x0</value>
      </symbol>
   </symbol_table>
   <title>Link successful</title>
</link_info>
