******************************************************************************
                  TI ARM Linker Unix v20.2.7                   
******************************************************************************
>> Linked Sat Apr 15 18:17:16 2023

OUTPUT FILE NAME:   <Emb2_Project.out>
ENTRY POINT SYMBOL: "_c_int00_noargs"  address: 00004981


MEMORY CONFIGURATION

         name            origin    length      used     unused   attr    fill
----------------------  --------  ---------  --------  --------  ----  --------
  FLASH                 00000000   00040000  00004d8c  0003b274  R  X
  SRAM                  20000000   00008000  0000030c  00007cf4  RW X


SEGMENT ALLOCATION MAP

run origin  load origin   length   init length attrs members
----------  ----------- ---------- ----------- ----- -------
00000000    00000000    00004d90   00004d90    r-x
  00000000    00000000    0000026c   0000026c    r-- .intvecs
  00000270    00000270    00004918   00004918    r-x .text
  00004b88    00004b88    000001e0   000001e0    r-- .const
  00004d68    00004d68    00000028   00000028    r-- .cinit
20000000    20000000    0000030c   00000000    rw-
  20000000    20000000    00000200   00000000    rw- .stack
  20000200    20000200    0000010c   00000000    rw- .data


SECTION ALLOCATION MAP

 output                                  attributes/
section   page    origin      length       input sections
--------  ----  ----------  ----------   ----------------
.intvecs   0    00000000    0000026c     
                  00000000    0000026c     tm4c123gh6pm_startup_ccs.obj (.intvecs)

.text      0    00000270    00004918     
                  00000270    00000b60     userInterface.obj (.text)
                  00000dd0    00000b14     rtsv7M4_T_le_v4SPD16_eabi.lib : _scanfi.c.obj (.text:__TI_scanfi)
                  000018e4    00000a5a                                   : _printfi.c.obj (.text:__TI_printfi)
                  0000233e    00000002                                   : div0.asm.obj (.text)
                  00002340    000008d2     main.obj (.text)
                  00002c12    00000002     --HOLE-- [fill = 0]
                  00002c14    00000460     rtsv7M4_T_le_v4SPD16_eabi.lib : strtod.c.obj (.text:strtod)
                  00003074    00000268                                   : _printfi.c.obj (.text:_pconv_a$17)
                  000032dc    000001d4                                   : strtoll.c.obj (.text:strtoll)
                  000034b0    000001d0                                   : _printfi.c.obj (.text:_pconv_g$17)
                  00003680    000001b6                                   : fd_add_t2.asm.obj (.text)
                  00003836    00000002     --HOLE-- [fill = 0]
                  00003838    00000160                                   : strtoull.c.obj (.text:strtoull)
                  00003998    0000013c                                   : _printfi.c.obj (.text:_pconv_e$17)
                  00003ad4    00000136                                   : fd_div_t2.asm.obj (.text)
                  00003c0a    00000002     --HOLE-- [fill = 0]
                  00003c0c    00000130                                   : strtol.c.obj (.text:strtol)
                  00003d3c    00000124                                   : _printfi.c.obj (.text:fcvt$17)
                  00003e60    00000110                                   : s_scalbn.c.obj (.text:scalbn)
                  00003f70    00000110                                   : strtoul.c.obj (.text:strtoul)
                  00004080    000000fc                                   : fd_mul_t2.asm.obj (.text)
                  0000417c    000000b1                                   : _printfi.c.obj (.text:_ltostr$17)
                  0000422d    00000001     --HOLE-- [fill = 0]
                  0000422e    0000009c                                   : memcpy_t2.asm.obj (.text)
                  000042ca    00000096                                   : ull_div_t2.asm.obj (.text)
                  00004360    00000086                                   : fd_cmp_t2.asm.obj (.text:__aeabi_cdcmple)
                  000043e6    00000086                                   : fd_cmp_t2.asm.obj (.text:__aeabi_cdrcmple)
                  0000446c    0000007a                                   : memset_t2.asm.obj (.text)
                  000044e6    0000006e                                   : fd_tos_t2.asm.obj (.text)
                  00004554    0000006a                                   : _printfi.c.obj (.text:_mcpy$17)
                  000045be    00000002     --HOLE-- [fill = 0]
                  000045c0    00000068                                   : sscanf.c.obj (.text:_chkmbc$11)
                  00004628    00000068                                   : copy_decompress_lzss.c.obj (.text:decompress:lzss:__TI_decompress_lzss)
                  00004690    00000064                                   : s_frexp.c.obj (.text:frexp)
                  000046f4    00000056                                   : _printfi.c.obj (.text:_pconv_f$17)
                  0000474a    00000054                                   : _ltoa.c.obj (.text:__TI_ltoa)
                  0000479e    00000052                                   : _printfi.c.obj (.text:_ecpy$17)
                  000047f0    0000004c                                   : atoi.c.obj (.text:atoi)
                  0000483c    00000048                                   : fd_toi_t2.asm.obj (.text)
                  00004884    00000044                                   : autoinit.c.obj (.text:__TI_auto_init_nobinit_nopinit:__TI_auto_init_nobinit_nopinit)
                  000048c8    0000003e                                   : snprintf.c.obj (.text:snprintf)
                  00004906    00000002     --HOLE-- [fill = 0]
                  00004908    0000003c                                   : strtok.c.obj (.text:strtok)
                  00004944    0000003a                                   : _printfi.c.obj (.text:_fcpy$17)
                  0000497e    00000002     --HOLE-- [fill = 0]
                  00004980    00000034                                   : boot_cortex_m.c.obj (.text:_c_int00_noargs:_c_int00_noargs)
                  000049b4    00000030                                   : snprintf.c.obj (.text:_outs$10)
                  000049e4    0000002e                                   : i_tofd_t2.asm.obj (.text)
                  00004a12    0000002a                                   : strspn.c.obj (.text:strspn)
                  00004a3c    00000024                                   : strcspn.c.obj (.text:strcspn)
                  00004a60    0000001c                                   : sscanf.c.obj (.text:sscanf)
                  00004a7c    00000004                                   : pre_init.c.obj (.text:_system_pre_init)
                  00004a80    0000001c     wait.obj (.text)
                  00004a9c    0000001a     rtsv7M4_T_le_v4SPD16_eabi.lib : s_copysign.c.obj (.text:copysign)
                  00004ab6    00000002     --HOLE-- [fill = 0]
                  00004ab8    0000001a     tm4c123gh6pm_startup_ccs.obj (.text)
                  00004ad2    00000018     rtsv7M4_T_le_v4SPD16_eabi.lib : snprintf.c.obj (.text:_outc$10)
                  00004aea    00000018                                   : ll_mul_t2.asm.obj (.text)
                  00004b02    00000018                                   : strrchr.c.obj (.text:strrchr)
                  00004b1a    00000016                                   : strchr.c.obj (.text:strchr)
                  00004b30    00000014                                   : strlen.c.obj (.text:strlen)
                  00004b44    00000012                                   : sscanf.c.obj (.text:_inpchar$11)
                  00004b56    00000010                                   : strcpy.c.obj (.text:strcpy)
                  00004b66    0000000e                                   : copy_decompress_none.c.obj (.text:decompress:none:__TI_decompress_none)
                  00004b74    00000008                                   : errno.c.obj (.text:__aeabi_errno_addr)
                  00004b7c    00000008                                   : sscanf.c.obj (.text:_uninpchar$11)
                  00004b84    00000004                                   : exit.c.obj (.text:abort:abort)

.const     0    00004b88    000001e0     
                  00004b88    00000101     rtsv7M4_T_le_v4SPD16_eabi.lib : ctype.c.obj (.const:.string:_ctypes_)
                  00004c89    00000007     --HOLE-- [fill = 0]
                  00004c90    000000c8                                   : strtod.c.obj (.const:$O6$$)
                  00004d58    00000010                                   : _scanfi.c.obj (.const:$O4$$)

.cinit     0    00004d68    00000028     
                  00004d68    00000017     (.cinit..data.load) [load image, compression = lzss]
                  00004d7f    00000001     --HOLE-- [fill = 0]
                  00004d80    00000008     (__TI_handler_table)
                  00004d88    00000008     (__TI_cinit_table)

.init_array 
*          0    00000000    00000000     UNINITIALIZED

.data      0    20000200    0000010c     UNINITIALIZED
                  20000200    000000a8     main.obj (.data:$O1$$)
                  200002a8    0000005c     userInterface.obj (.data:$O3$$)
                  20000304    00000004     rtsv7M4_T_le_v4SPD16_eabi.lib : errno.c.obj (.data)
                  20000308    00000004                                   : strtok.c.obj (.data)

.stack     0    20000000    00000200     UNINITIALIZED
                  20000000    00000004     rtsv7M4_T_le_v4SPD16_eabi.lib : boot_cortex_m.c.obj (.stack)
                  20000004    000001fc     --HOLE--

__llvm_prf_cnts 
*          0    20000000    00000000     UNINITIALIZED

MODULE SUMMARY

       Module                         code    ro data   rw data
       ------                         ----    -------   -------
    ./
       userInterface.obj              2912    0         92     
       main.obj                       2258    0         168    
       tm4c123gh6pm_startup_ccs.obj   26      620       0      
       wait.obj                       28      0         0      
    +--+------------------------------+-------+---------+---------+
       Total:                         5224    620       260    
                                                               
    /home/sadhan/ti/ccs1210/ccs/tools/compiler/ti-cgt-arm_20.2.7.LTS/lib/rtsv7M4_T_le_v4SPD16_eabi.lib
       _printfi.c.obj                 4847    0         0      
       _scanfi.c.obj                  2836    16        0      
       strtod.c.obj                   1120    200       0      
       strtoll.c.obj                  468     0         0      
       fd_add_t2.asm.obj              438     0         0      
       strtoull.c.obj                 352     0         0      
       fd_div_t2.asm.obj              310     0         0      
       strtol.c.obj                   304     0         0      
       s_scalbn.c.obj                 272     0         0      
       strtoul.c.obj                  272     0         0      
       fd_cmp_t2.asm.obj              268     0         0      
       ctype.c.obj                    0       257       0      
       fd_mul_t2.asm.obj              252     0         0      
       sscanf.c.obj                   158     0         0      
       memcpy_t2.asm.obj              156     0         0      
       ull_div_t2.asm.obj             150     0         0      
       snprintf.c.obj                 134     0         0      
       memset_t2.asm.obj              122     0         0      
       fd_tos_t2.asm.obj              110     0         0      
       copy_decompress_lzss.c.obj     104     0         0      
       s_frexp.c.obj                  100     0         0      
       _ltoa.c.obj                    84      0         0      
       atoi.c.obj                     76      0         0      
       fd_toi_t2.asm.obj              72      0         0      
       autoinit.c.obj                 68      0         0      
       strtok.c.obj                   60      0         4      
       boot_cortex_m.c.obj            52      0         0      
       i_tofd_t2.asm.obj              46      0         0      
       strspn.c.obj                   42      0         0      
       strcspn.c.obj                  36      0         0      
       s_copysign.c.obj               26      0         0      
       ll_mul_t2.asm.obj              24      0         0      
       strrchr.c.obj                  24      0         0      
       strchr.c.obj                   22      0         0      
       strlen.c.obj                   20      0         0      
       strcpy.c.obj                   16      0         0      
       copy_decompress_none.c.obj     14      0         0      
       errno.c.obj                    8       0         4      
       exit.c.obj                     4       0         0      
       pre_init.c.obj                 4       0         0      
       div0.asm.obj                   2       0         0      
    +--+------------------------------+-------+---------+---------+
       Total:                         13473   473       8      
                                                               
       Stack:                         0       0         512    
       Linker Generated:              0       39        0      
    +--+------------------------------+-------+---------+---------+
       Grand Total:                   18697   1132      780    


LINKER GENERATED COPY TABLES

__TI_cinit_table @ 00004d88 records: 1, size/record: 8, table size: 8
	.data: load addr=00004d68, load size=00000017 bytes, run addr=20000200, run size=0000010c bytes, compression=lzss


LINKER GENERATED HANDLER TABLE

__TI_handler_table @ 00004d80 records: 2, size/record: 4, table size: 8
	index: 0, handler: __TI_decompress_lzss
	index: 1, handler: __TI_decompress_none


GLOBAL SYMBOLS: SORTED ALPHABETICALLY BY Name 

address   name                          
-------   ----                          
00004b85  C$$EXIT                       
00004ab9  ResetISR                      
20000200  __STACK_END                   
00000200  __STACK_SIZE                  
20000200  __STACK_TOP                   
00004d88  __TI_CINIT_Base               
00004d90  __TI_CINIT_Limit              
00004d80  __TI_Handler_Table_Base       
00004d88  __TI_Handler_Table_Limit      
00004885  __TI_auto_init_nobinit_nopinit
00004629  __TI_decompress_lzss          
00004b67  __TI_decompress_none          
0000474b  __TI_ltoa                     
ffffffff  __TI_pprof_out_hndl           
000018e5  __TI_printfi                  
ffffffff  __TI_prof_data_size           
ffffffff  __TI_prof_data_start          
00000dd1  __TI_scanfi                   
00000000  __TI_static_base__            
00004361  __aeabi_cdcmpeq               
00004361  __aeabi_cdcmple               
000043e7  __aeabi_cdrcmple              
000044e7  __aeabi_d2f                   
0000483d  __aeabi_d2iz                  
0000368b  __aeabi_dadd                  
00003ad5  __aeabi_ddiv                  
00004081  __aeabi_dmul                  
00003681  __aeabi_dsub                  
00004b75  __aeabi_errno_addr            
000049e5  __aeabi_i2d                   
0000233f  __aeabi_idiv0                 
0000233f  __aeabi_ldiv0                 
00004aeb  __aeabi_lmul                  
0000446d  __aeabi_memclr                
0000446d  __aeabi_memclr4               
0000446d  __aeabi_memclr8               
0000422f  __aeabi_memcpy                
0000422f  __aeabi_memcpy4               
0000422f  __aeabi_memcpy8               
0000446f  __aeabi_memset                
0000446f  __aeabi_memset4               
0000446f  __aeabi_memset8               
000042cb  __aeabi_uldivmod              
ffffffff  __binit__                     
ffffffff  __c_args__                    
UNDEFED   __mpu_init                    
20000000  __stack                       
20000000  __start___llvm_prf_cnts       
20000000  __stop___llvm_prf_cnts        
00004981  _c_int00_noargs               
00004b88  _ctypes_                      
UNDEFED   _system_post_cinit            
00004a7d  _system_pre_init              
00004b85  abort                         
20000224  adcTicks                      
200002a9  alwaysEventAoa                
00000cc9  alwaysEvents                  
00002789  aoaAdc0InterruptHandler       
20000212  aoaValue                      
000003a1  asciiToUint16                 
000047f1  atoi                          
00002341  audioProcess                  
2000020c  backOff                       
ffffffff  binit                         
00004a9d  copysign                      
00004a9d  copysignl                     
200002a8  count                         
00000271  displayAvgs                   
20000304  errno                         
00004691  frexp                         
00004691  frexpl                        
00000000  g_pfnVectors                  
2000020e  holdOff                       
20000204  holdOffFlag                   
20000210  hysteresis                    
20000205  hysteresisFlag                
20000208  idx                           
00003e61  ldexp                         
00003e61  ldexpl                        
00002569  main                          
0000422f  memcpy                        
00004475  memset                        
20000248  mic1Samples                   
20000214  mic1SamplesAvg                
20000268  mic2Samples                   
20000218  mic2SamplesAvg                
20000288  mic3Samples                   
2000021c  mic3SamplesAvg                
20000201  partialSets                   
20000230  peekDetectionOrder            
00000409  processShell                  
00003e61  scalbn                        
00003e61  scalbnl                       
000048c9  snprintf                      
00004a61  sscanf                        
200002b0  strInput                      
00004b1b  strchr                        
00004b57  strcpy                        
00004a3d  strcspn                       
00004b31  strlen                        
00004b03  strrchr                       
00004a13  strspn                        
00002c15  strtod                        
00004909  strtok                        
00003c0d  strtol                        
00002c15  strtold                       
000032dd  strtoll                       
00003f71  strtoul                       
00003839  strtoull                      
20000200  tdoaEnable                    
20000220  threshold                     
2000020a  timeConstant                  
200002ac  token                         
00004a81  waitMicrosecond               
20000202  wherePeek                     


GLOBAL SYMBOLS: SORTED BY Symbol Address 

address   name                          
-------   ----                          
00000000  __TI_static_base__            
00000000  g_pfnVectors                  
00000200  __STACK_SIZE                  
00000271  displayAvgs                   
000003a1  asciiToUint16                 
00000409  processShell                  
00000cc9  alwaysEvents                  
00000dd1  __TI_scanfi                   
000018e5  __TI_printfi                  
0000233f  __aeabi_idiv0                 
0000233f  __aeabi_ldiv0                 
00002341  audioProcess                  
00002569  main                          
00002789  aoaAdc0InterruptHandler       
00002c15  strtod                        
00002c15  strtold                       
000032dd  strtoll                       
00003681  __aeabi_dsub                  
0000368b  __aeabi_dadd                  
00003839  strtoull                      
00003ad5  __aeabi_ddiv                  
00003c0d  strtol                        
00003e61  ldexp                         
00003e61  ldexpl                        
00003e61  scalbn                        
00003e61  scalbnl                       
00003f71  strtoul                       
00004081  __aeabi_dmul                  
0000422f  __aeabi_memcpy                
0000422f  __aeabi_memcpy4               
0000422f  __aeabi_memcpy8               
0000422f  memcpy                        
000042cb  __aeabi_uldivmod              
00004361  __aeabi_cdcmpeq               
00004361  __aeabi_cdcmple               
000043e7  __aeabi_cdrcmple              
0000446d  __aeabi_memclr                
0000446d  __aeabi_memclr4               
0000446d  __aeabi_memclr8               
0000446f  __aeabi_memset                
0000446f  __aeabi_memset4               
0000446f  __aeabi_memset8               
00004475  memset                        
000044e7  __aeabi_d2f                   
00004629  __TI_decompress_lzss          
00004691  frexp                         
00004691  frexpl                        
0000474b  __TI_ltoa                     
000047f1  atoi                          
0000483d  __aeabi_d2iz                  
00004885  __TI_auto_init_nobinit_nopinit
000048c9  snprintf                      
00004909  strtok                        
00004981  _c_int00_noargs               
000049e5  __aeabi_i2d                   
00004a13  strspn                        
00004a3d  strcspn                       
00004a61  sscanf                        
00004a7d  _system_pre_init              
00004a81  waitMicrosecond               
00004a9d  copysign                      
00004a9d  copysignl                     
00004ab9  ResetISR                      
00004aeb  __aeabi_lmul                  
00004b03  strrchr                       
00004b1b  strchr                        
00004b31  strlen                        
00004b57  strcpy                        
00004b67  __TI_decompress_none          
00004b75  __aeabi_errno_addr            
00004b85  C$$EXIT                       
00004b85  abort                         
00004b88  _ctypes_                      
00004d80  __TI_Handler_Table_Base       
00004d88  __TI_CINIT_Base               
00004d88  __TI_Handler_Table_Limit      
00004d90  __TI_CINIT_Limit              
20000000  __stack                       
20000000  __start___llvm_prf_cnts       
20000000  __stop___llvm_prf_cnts        
20000200  __STACK_END                   
20000200  __STACK_TOP                   
20000200  tdoaEnable                    
20000201  partialSets                   
20000202  wherePeek                     
20000204  holdOffFlag                   
20000205  hysteresisFlag                
20000208  idx                           
2000020a  timeConstant                  
2000020c  backOff                       
2000020e  holdOff                       
20000210  hysteresis                    
20000212  aoaValue                      
20000214  mic1SamplesAvg                
20000218  mic2SamplesAvg                
2000021c  mic3SamplesAvg                
20000220  threshold                     
20000224  adcTicks                      
20000230  peekDetectionOrder            
20000248  mic1Samples                   
20000268  mic2Samples                   
20000288  mic3Samples                   
200002a8  count                         
200002a9  alwaysEventAoa                
200002ac  token                         
200002b0  strInput                      
20000304  errno                         
ffffffff  __TI_pprof_out_hndl           
ffffffff  __TI_prof_data_size           
ffffffff  __TI_prof_data_start          
ffffffff  __binit__                     
ffffffff  __c_args__                    
ffffffff  binit                         
UNDEFED   __mpu_init                    
UNDEFED   _system_post_cinit            

[115 symbols]
