<?xml version="1.0" encoding="ISO-8859-1" ?>
<link_info>
   <banner>TI ARM Linker Unix v20.2.7.LTS</banner>
   <copyright>Copyright (c) 1996-2018 Texas Instruments Incorporated</copyright>
   <link_time>0x643b307c</link_time>
   <link_errors>0x0</link_errors>
   <output_file>Emb2_Project.out</output_file>
   <entry_point>
      <name>_c_int00_noargs</name>
      <address>0x4981</address>
   </entry_point>
   <input_file_list>
      <input_file id="fl-1">
         <path>./</path>
         <kind>object</kind>
         <file>adc0.obj</file>
         <name>adc0.obj</name>
      </input_file>
      <input_file id="fl-2">
         <path>./</path>
         <kind>object</kind>
         <file>clock.obj</file>
         <name>clock.obj</name>
      </input_file>
      <input_file id="fl-3">
         <path>./</path>
         <kind>object</kind>
         <file>dma.obj</file>
         <name>dma.obj</name>
      </input_file>
      <input_file id="fl-4">
         <path>./</path>
         <kind>object</kind>
         <file>eeprom.obj</file>
         <name>eeprom.obj</name>
      </input_file>
      <input_file id="fl-5">
         <path>./</path>
         <kind>object</kind>
         <file>gpio.obj</file>
         <name>gpio.obj</name>
      </input_file>
      <input_file id="fl-6">
         <path>./</path>
         <kind>object</kind>
         <file>main.obj</file>
         <name>main.obj</name>
      </input_file>
      <input_file id="fl-7">
         <path>./</path>
         <kind>object</kind>
         <file>nvic.obj</file>
         <name>nvic.obj</name>
      </input_file>
      <input_file id="fl-8">
         <path>./</path>
         <kind>object</kind>
         <file>timer.obj</file>
         <name>timer.obj</name>
      </input_file>
      <input_file id="fl-a">
         <path>./</path>
         <kind>object</kind>
         <file>uart0.obj</file>
         <name>uart0.obj</name>
      </input_file>
      <input_file id="fl-b">
         <path>./</path>
         <kind>object</kind>
         <file>userInterface.obj</file>
         <name>userInterface.obj</name>
      </input_file>
      <input_file id="fl-c6">
         <path>/home/sadhan/ti/ccs1210/ccs/tools/compiler/ti-cgt-arm_20.2.7.LTS/lib/</path>
         <kind>archive</kind>
         <file>rtsv7M4_T_le_v4SPD16_eabi.lib</file>
         <name>snprintf.c.obj</name>
      </input_file>
      <input_file id="fl-c7">
         <path>/home/sadhan/ti/ccs1210/ccs/tools/compiler/ti-cgt-arm_20.2.7.LTS/lib/</path>
         <kind>archive</kind>
         <file>rtsv7M4_T_le_v4SPD16_eabi.lib</file>
         <name>sscanf.c.obj</name>
      </input_file>
      <input_file id="fl-ca">
         <path>/home/sadhan/ti/ccs1210/ccs/tools/compiler/ti-cgt-arm_20.2.7.LTS/lib/</path>
         <kind>archive</kind>
         <file>rtsv7M4_T_le_v4SPD16_eabi.lib</file>
         <name>copy_zero_init.c.obj</name>
      </input_file>
      <input_file id="fl-cb">
         <path>/home/sadhan/ti/ccs1210/ccs/tools/compiler/ti-cgt-arm_20.2.7.LTS/lib/</path>
         <kind>archive</kind>
         <file>rtsv7M4_T_le_v4SPD16_eabi.lib</file>
         <name>copy_decompress_none.c.obj</name>
      </input_file>
      <input_file id="fl-cc">
         <path>/home/sadhan/ti/ccs1210/ccs/tools/compiler/ti-cgt-arm_20.2.7.LTS/lib/</path>
         <kind>archive</kind>
         <file>rtsv7M4_T_le_v4SPD16_eabi.lib</file>
         <name>copy_decompress_lzss.c.obj</name>
      </input_file>
      <input_file id="fl-cd">
         <path>/home/sadhan/ti/ccs1210/ccs/tools/compiler/ti-cgt-arm_20.2.7.LTS/lib/</path>
         <kind>archive</kind>
         <file>rtsv7M4_T_le_v4SPD16_eabi.lib</file>
         <name>ctype.c.obj</name>
      </input_file>
      <input_file id="fl-ce">
         <path>/home/sadhan/ti/ccs1210/ccs/tools/compiler/ti-cgt-arm_20.2.7.LTS/lib/</path>
         <kind>archive</kind>
         <file>rtsv7M4_T_le_v4SPD16_eabi.lib</file>
         <name>strtok.c.obj</name>
      </input_file>
      <input_file id="fl-d0">
         <path>/home/sadhan/ti/ccs1210/ccs/tools/compiler/ti-cgt-arm_20.2.7.LTS/lib/</path>
         <kind>archive</kind>
         <file>rtsv7M4_T_le_v4SPD16_eabi.lib</file>
         <name>_printfi.c.obj</name>
      </input_file>
      <input_file id="fl-d1">
         <path>/home/sadhan/ti/ccs1210/ccs/tools/compiler/ti-cgt-arm_20.2.7.LTS/lib/</path>
         <kind>archive</kind>
         <file>rtsv7M4_T_le_v4SPD16_eabi.lib</file>
         <name>_scanfi.c.obj</name>
      </input_file>
      <input_file id="fl-db">
         <path>/home/sadhan/ti/ccs1210/ccs/tools/compiler/ti-cgt-arm_20.2.7.LTS/lib/</path>
         <kind>archive</kind>
         <file>rtsv7M4_T_le_v4SPD16_eabi.lib</file>
         <name>pre_init.c.obj</name>
      </input_file>
      <input_file id="fl-dc">
         <path>/home/sadhan/ti/ccs1210/ccs/tools/compiler/ti-cgt-arm_20.2.7.LTS/lib/</path>
         <kind>archive</kind>
         <file>rtsv7M4_T_le_v4SPD16_eabi.lib</file>
         <name>cpy_tbl.c.obj</name>
      </input_file>
      <input_file id="fl-de">
         <path>/home/sadhan/ti/ccs1210/ccs/tools/compiler/ti-cgt-arm_20.2.7.LTS/lib/</path>
         <kind>archive</kind>
         <file>rtsv7M4_T_le_v4SPD16_eabi.lib</file>
         <name>_lock.c.obj</name>
      </input_file>
      <input_file id="fl-df">
         <path>/home/sadhan/ti/ccs1210/ccs/tools/compiler/ti-cgt-arm_20.2.7.LTS/lib/</path>
         <kind>archive</kind>
         <file>rtsv7M4_T_le_v4SPD16_eabi.lib</file>
         <name>_ltoa.c.obj</name>
      </input_file>
      <input_file id="fl-e1">
         <path>/home/sadhan/ti/ccs1210/ccs/tools/compiler/ti-cgt-arm_20.2.7.LTS/lib/</path>
         <kind>archive</kind>
         <file>rtsv7M4_T_le_v4SPD16_eabi.lib</file>
         <name>atoi.c.obj</name>
      </input_file>
      <input_file id="fl-e2">
         <path>/home/sadhan/ti/ccs1210/ccs/tools/compiler/ti-cgt-arm_20.2.7.LTS/lib/</path>
         <kind>archive</kind>
         <file>rtsv7M4_T_le_v4SPD16_eabi.lib</file>
         <name>memccpy.c.obj</name>
      </input_file>
      <input_file id="fl-e3">
         <path>/home/sadhan/ti/ccs1210/ccs/tools/compiler/ti-cgt-arm_20.2.7.LTS/lib/</path>
         <kind>archive</kind>
         <file>rtsv7M4_T_le_v4SPD16_eabi.lib</file>
         <name>strchr.c.obj</name>
      </input_file>
      <input_file id="fl-e4">
         <path>/home/sadhan/ti/ccs1210/ccs/tools/compiler/ti-cgt-arm_20.2.7.LTS/lib/</path>
         <kind>archive</kind>
         <file>rtsv7M4_T_le_v4SPD16_eabi.lib</file>
         <name>strcpy.c.obj</name>
      </input_file>
      <input_file id="fl-e5">
         <path>/home/sadhan/ti/ccs1210/ccs/tools/compiler/ti-cgt-arm_20.2.7.LTS/lib/</path>
         <kind>archive</kind>
         <file>rtsv7M4_T_le_v4SPD16_eabi.lib</file>
         <name>strcspn.c.obj</name>
      </input_file>
      <input_file id="fl-e6">
         <path>/home/sadhan/ti/ccs1210/ccs/tools/compiler/ti-cgt-arm_20.2.7.LTS/lib/</path>
         <kind>archive</kind>
         <file>rtsv7M4_T_le_v4SPD16_eabi.lib</file>
         <name>strlen.c.obj</name>
      </input_file>
      <input_file id="fl-e7">
         <path>/home/sadhan/ti/ccs1210/ccs/tools/compiler/ti-cgt-arm_20.2.7.LTS/lib/</path>
         <kind>archive</kind>
         <file>rtsv7M4_T_le_v4SPD16_eabi.lib</file>
         <name>strrchr.c.obj</name>
      </input_file>
      <input_file id="fl-e8">
         <path>/home/sadhan/ti/ccs1210/ccs/tools/compiler/ti-cgt-arm_20.2.7.LTS/lib/</path>
         <kind>archive</kind>
         <file>rtsv7M4_T_le_v4SPD16_eabi.lib</file>
         <name>strspn.c.obj</name>
      </input_file>
      <input_file id="fl-e9">
         <path>/home/sadhan/ti/ccs1210/ccs/tools/compiler/ti-cgt-arm_20.2.7.LTS/lib/</path>
         <kind>archive</kind>
         <file>rtsv7M4_T_le_v4SPD16_eabi.lib</file>
         <name>strtod.c.obj</name>
      </input_file>
      <input_file id="fl-ea">
         <path>/home/sadhan/ti/ccs1210/ccs/tools/compiler/ti-cgt-arm_20.2.7.LTS/lib/</path>
         <kind>archive</kind>
         <file>rtsv7M4_T_le_v4SPD16_eabi.lib</file>
         <name>strtol.c.obj</name>
      </input_file>
      <input_file id="fl-eb">
         <path>/home/sadhan/ti/ccs1210/ccs/tools/compiler/ti-cgt-arm_20.2.7.LTS/lib/</path>
         <kind>archive</kind>
         <file>rtsv7M4_T_le_v4SPD16_eabi.lib</file>
         <name>strtoll.c.obj</name>
      </input_file>
      <input_file id="fl-ec">
         <path>/home/sadhan/ti/ccs1210/ccs/tools/compiler/ti-cgt-arm_20.2.7.LTS/lib/</path>
         <kind>archive</kind>
         <file>rtsv7M4_T_le_v4SPD16_eabi.lib</file>
         <name>strtoul.c.obj</name>
      </input_file>
      <input_file id="fl-ed">
         <path>/home/sadhan/ti/ccs1210/ccs/tools/compiler/ti-cgt-arm_20.2.7.LTS/lib/</path>
         <kind>archive</kind>
         <file>rtsv7M4_T_le_v4SPD16_eabi.lib</file>
         <name>strtoull.c.obj</name>
      </input_file>
      <input_file id="fl-ef">
         <path>/home/sadhan/ti/ccs1210/ccs/tools/compiler/ti-cgt-arm_20.2.7.LTS/lib/</path>
         <kind>archive</kind>
         <file>rtsv7M4_T_le_v4SPD16_eabi.lib</file>
         <name>wcslen.c.obj</name>
      </input_file>
      <input_file id="fl-f0">
         <path>/home/sadhan/ti/ccs1210/ccs/tools/compiler/ti-cgt-arm_20.2.7.LTS/lib/</path>
         <kind>archive</kind>
         <file>rtsv7M4_T_le_v4SPD16_eabi.lib</file>
         <name>s_frexp.c.obj</name>
      </input_file>
      <input_file id="fl-f1">
         <path>/home/sadhan/ti/ccs1210/ccs/tools/compiler/ti-cgt-arm_20.2.7.LTS/lib/</path>
         <kind>archive</kind>
         <file>rtsv7M4_T_le_v4SPD16_eabi.lib</file>
         <name>s_scalbn.c.obj</name>
      </input_file>
      <input_file id="fl-f4">
         <path>/home/sadhan/ti/ccs1210/ccs/tools/compiler/ti-cgt-arm_20.2.7.LTS/lib/</path>
         <kind>archive</kind>
         <file>rtsv7M4_T_le_v4SPD16_eabi.lib</file>
         <name>s_copysign.c.obj</name>
      </input_file>
      <input_file id="fl-f5">
         <path>/tmp/</path>
         <kind>object</kind>
         <file>TI0BnD4j0Xd</file>
         <name>TI0BnD4j0Xd</name>
      </input_file>
      <input_file id="fl-9">
         <path>./</path>
         <kind>object</kind>
         <file>tm4c123gh6pm_startup_ccs.obj</file>
         <name>tm4c123gh6pm_startup_ccs.obj</name>
      </input_file>
      <input_file id="fl-c">
         <path>./</path>
         <kind>object</kind>
         <file>wait.obj</file>
         <name>wait.obj</name>
      </input_file>
      <input_file id="fl-10">
         <kind>object</kind>
         <file>&lt;internal&gt;</file>
         <name>&lt;internal&gt;</name>
      </input_file>
      <input_file id="fl-c8">
         <path>/home/sadhan/ti/ccs1210/ccs/tools/compiler/ti-cgt-arm_20.2.7.LTS/lib/</path>
         <kind>archive</kind>
         <file>rtsv7M4_T_le_v4SPD16_eabi.lib</file>
         <name>memcpy_t2.asm.obj</name>
      </input_file>
      <input_file id="fl-c9">
         <path>/home/sadhan/ti/ccs1210/ccs/tools/compiler/ti-cgt-arm_20.2.7.LTS/lib/</path>
         <kind>archive</kind>
         <file>rtsv7M4_T_le_v4SPD16_eabi.lib</file>
         <name>memset_t2.asm.obj</name>
      </input_file>
      <input_file id="fl-cf">
         <path>/home/sadhan/ti/ccs1210/ccs/tools/compiler/ti-cgt-arm_20.2.7.LTS/lib/</path>
         <kind>archive</kind>
         <file>rtsv7M4_T_le_v4SPD16_eabi.lib</file>
         <name>boot_cortex_m.c.obj</name>
      </input_file>
      <input_file id="fl-d2">
         <path>/home/sadhan/ti/ccs1210/ccs/tools/compiler/ti-cgt-arm_20.2.7.LTS/lib/</path>
         <kind>archive</kind>
         <file>rtsv7M4_T_le_v4SPD16_eabi.lib</file>
         <name>fd_add_t2.asm.obj</name>
      </input_file>
      <input_file id="fl-d3">
         <path>/home/sadhan/ti/ccs1210/ccs/tools/compiler/ti-cgt-arm_20.2.7.LTS/lib/</path>
         <kind>archive</kind>
         <file>rtsv7M4_T_le_v4SPD16_eabi.lib</file>
         <name>fd_cmp_t2.asm.obj</name>
      </input_file>
      <input_file id="fl-d4">
         <path>/home/sadhan/ti/ccs1210/ccs/tools/compiler/ti-cgt-arm_20.2.7.LTS/lib/</path>
         <kind>archive</kind>
         <file>rtsv7M4_T_le_v4SPD16_eabi.lib</file>
         <name>fd_div_t2.asm.obj</name>
      </input_file>
      <input_file id="fl-d5">
         <path>/home/sadhan/ti/ccs1210/ccs/tools/compiler/ti-cgt-arm_20.2.7.LTS/lib/</path>
         <kind>archive</kind>
         <file>rtsv7M4_T_le_v4SPD16_eabi.lib</file>
         <name>fd_mul_t2.asm.obj</name>
      </input_file>
      <input_file id="fl-d6">
         <path>/home/sadhan/ti/ccs1210/ccs/tools/compiler/ti-cgt-arm_20.2.7.LTS/lib/</path>
         <kind>archive</kind>
         <file>rtsv7M4_T_le_v4SPD16_eabi.lib</file>
         <name>fd_toi_t2.asm.obj</name>
      </input_file>
      <input_file id="fl-d7">
         <path>/home/sadhan/ti/ccs1210/ccs/tools/compiler/ti-cgt-arm_20.2.7.LTS/lib/</path>
         <kind>archive</kind>
         <file>rtsv7M4_T_le_v4SPD16_eabi.lib</file>
         <name>fd_tos_t2.asm.obj</name>
      </input_file>
      <input_file id="fl-d8">
         <path>/home/sadhan/ti/ccs1210/ccs/tools/compiler/ti-cgt-arm_20.2.7.LTS/lib/</path>
         <kind>archive</kind>
         <file>rtsv7M4_T_le_v4SPD16_eabi.lib</file>
         <name>i_tofd_t2.asm.obj</name>
      </input_file>
      <input_file id="fl-d9">
         <path>/home/sadhan/ti/ccs1210/ccs/tools/compiler/ti-cgt-arm_20.2.7.LTS/lib/</path>
         <kind>archive</kind>
         <file>rtsv7M4_T_le_v4SPD16_eabi.lib</file>
         <name>ull_div_t2.asm.obj</name>
      </input_file>
      <input_file id="fl-da">
         <path>/home/sadhan/ti/ccs1210/ccs/tools/compiler/ti-cgt-arm_20.2.7.LTS/lib/</path>
         <kind>archive</kind>
         <file>rtsv7M4_T_le_v4SPD16_eabi.lib</file>
         <name>autoinit.c.obj</name>
      </input_file>
      <input_file id="fl-dd">
         <path>/home/sadhan/ti/ccs1210/ccs/tools/compiler/ti-cgt-arm_20.2.7.LTS/lib/</path>
         <kind>archive</kind>
         <file>rtsv7M4_T_le_v4SPD16_eabi.lib</file>
         <name>exit.c.obj</name>
      </input_file>
      <input_file id="fl-e0">
         <path>/home/sadhan/ti/ccs1210/ccs/tools/compiler/ti-cgt-arm_20.2.7.LTS/lib/</path>
         <kind>archive</kind>
         <file>rtsv7M4_T_le_v4SPD16_eabi.lib</file>
         <name>args_main.c.obj</name>
      </input_file>
      <input_file id="fl-ee">
         <path>/home/sadhan/ti/ccs1210/ccs/tools/compiler/ti-cgt-arm_20.2.7.LTS/lib/</path>
         <kind>archive</kind>
         <file>rtsv7M4_T_le_v4SPD16_eabi.lib</file>
         <name>errno.c.obj</name>
      </input_file>
      <input_file id="fl-f2">
         <path>/home/sadhan/ti/ccs1210/ccs/tools/compiler/ti-cgt-arm_20.2.7.LTS/lib/</path>
         <kind>archive</kind>
         <file>rtsv7M4_T_le_v4SPD16_eabi.lib</file>
         <name>div0.asm.obj</name>
      </input_file>
      <input_file id="fl-f3">
         <path>/home/sadhan/ti/ccs1210/ccs/tools/compiler/ti-cgt-arm_20.2.7.LTS/lib/</path>
         <kind>archive</kind>
         <file>rtsv7M4_T_le_v4SPD16_eabi.lib</file>
         <name>ll_mul_t2.asm.obj</name>
      </input_file>
   </input_file_list>
   <object_component_list>
      <object_component id="oc-12">
         <name>.intvecs</name>
         <load_address>0x0</load_address>
         <run_address>0x0</run_address>
         <size>0x26c</size>
         <input_file_ref idref="fl-9"/>
      </object_component>
      <object_component id="oc-84">
         <name>.text</name>
         <load_address>0x270</load_address>
         <run_address>0x270</run_address>
         <size>0xb60</size>
         <input_file_ref idref="fl-b"/>
      </object_component>
      <object_component id="oc-1a9">
         <name>.text:__TI_scanfi</name>
         <load_address>0xdd0</load_address>
         <run_address>0xdd0</run_address>
         <size>0xb14</size>
         <input_file_ref idref="fl-d1"/>
      </object_component>
      <object_component id="oc-f6">
         <name>.text:__TI_printfi</name>
         <load_address>0x18e4</load_address>
         <run_address>0x18e4</run_address>
         <size>0xa5a</size>
         <input_file_ref idref="fl-d0"/>
      </object_component>
      <object_component id="oc-2ae">
         <name>.text</name>
         <load_address>0x233e</load_address>
         <run_address>0x233e</run_address>
         <size>0x2</size>
         <input_file_ref idref="fl-f2"/>
      </object_component>
      <object_component id="oc-2d">
         <name>.text</name>
         <load_address>0x2340</load_address>
         <run_address>0x2340</run_address>
         <size>0x8d2</size>
         <input_file_ref idref="fl-6"/>
      </object_component>
      <object_component id="oc-265">
         <name>.text:strtod</name>
         <load_address>0x2c14</load_address>
         <run_address>0x2c14</run_address>
         <size>0x460</size>
         <input_file_ref idref="fl-e9"/>
      </object_component>
      <object_component id="oc-191">
         <name>.text:_pconv_a$17</name>
         <load_address>0x3074</load_address>
         <run_address>0x3074</run_address>
         <size>0x268</size>
         <input_file_ref idref="fl-d0"/>
      </object_component>
      <object_component id="oc-276">
         <name>.text:strtoll</name>
         <load_address>0x32dc</load_address>
         <run_address>0x32dc</run_address>
         <size>0x1d4</size>
         <input_file_ref idref="fl-eb"/>
      </object_component>
      <object_component id="oc-17f">
         <name>.text:_pconv_g$17</name>
         <load_address>0x34b0</load_address>
         <run_address>0x34b0</run_address>
         <size>0x1d0</size>
         <input_file_ref idref="fl-d0"/>
      </object_component>
      <object_component id="oc-20e">
         <name>.text</name>
         <load_address>0x3680</load_address>
         <run_address>0x3680</run_address>
         <size>0x1b6</size>
         <input_file_ref idref="fl-d2"/>
      </object_component>
      <object_component id="oc-259">
         <name>.text:strtoull</name>
         <load_address>0x3838</load_address>
         <run_address>0x3838</run_address>
         <size>0x160</size>
         <input_file_ref idref="fl-ed"/>
      </object_component>
      <object_component id="oc-18b">
         <name>.text:_pconv_e$17</name>
         <load_address>0x3998</load_address>
         <run_address>0x3998</run_address>
         <size>0x13c</size>
         <input_file_ref idref="fl-d0"/>
      </object_component>
      <object_component id="oc-1f4">
         <name>.text</name>
         <load_address>0x3ad4</load_address>
         <run_address>0x3ad4</run_address>
         <size>0x136</size>
         <input_file_ref idref="fl-d4"/>
      </object_component>
      <object_component id="oc-270">
         <name>.text:strtol</name>
         <load_address>0x3c0c</load_address>
         <run_address>0x3c0c</run_address>
         <size>0x130</size>
         <input_file_ref idref="fl-ea"/>
      </object_component>
      <object_component id="oc-220">
         <name>.text:fcvt$17</name>
         <load_address>0x3d3c</load_address>
         <run_address>0x3d3c</run_address>
         <size>0x124</size>
         <input_file_ref idref="fl-d0"/>
      </object_component>
      <object_component id="oc-234">
         <name>.text:scalbn</name>
         <load_address>0x3e60</load_address>
         <run_address>0x3e60</run_address>
         <size>0x110</size>
         <input_file_ref idref="fl-f1"/>
      </object_component>
      <object_component id="oc-25f">
         <name>.text:strtoul</name>
         <load_address>0x3f70</load_address>
         <run_address>0x3f70</run_address>
         <size>0x110</size>
         <input_file_ref idref="fl-ec"/>
      </object_component>
      <object_component id="oc-1ef">
         <name>.text</name>
         <load_address>0x4080</load_address>
         <run_address>0x4080</run_address>
         <size>0xfc</size>
         <input_file_ref idref="fl-d5"/>
      </object_component>
      <object_component id="oc-174">
         <name>.text:_ltostr$17</name>
         <load_address>0x417c</load_address>
         <run_address>0x417c</run_address>
         <size>0xb1</size>
         <input_file_ref idref="fl-d0"/>
      </object_component>
      <object_component id="oc-41">
         <name>.text</name>
         <load_address>0x422e</load_address>
         <run_address>0x422e</run_address>
         <size>0x9c</size>
         <input_file_ref idref="fl-c8"/>
      </object_component>
      <object_component id="oc-1e8">
         <name>.text</name>
         <load_address>0x42ca</load_address>
         <run_address>0x42ca</run_address>
         <size>0x96</size>
         <input_file_ref idref="fl-d9"/>
      </object_component>
      <object_component id="oc-17a">
         <name>.text:__aeabi_cdcmple</name>
         <load_address>0x4360</load_address>
         <run_address>0x4360</run_address>
         <size>0x86</size>
         <input_file_ref idref="fl-d3"/>
      </object_component>
      <object_component id="oc-1f9">
         <name>.text:__aeabi_cdrcmple</name>
         <load_address>0x43e6</load_address>
         <run_address>0x43e6</run_address>
         <size>0x86</size>
         <input_file_ref idref="fl-d3"/>
      </object_component>
      <object_component id="oc-dc">
         <name>.text</name>
         <load_address>0x446c</load_address>
         <run_address>0x446c</run_address>
         <size>0x7a</size>
         <input_file_ref idref="fl-c9"/>
      </object_component>
      <object_component id="oc-26b">
         <name>.text</name>
         <load_address>0x44e6</load_address>
         <run_address>0x44e6</run_address>
         <size>0x6e</size>
         <input_file_ref idref="fl-d7"/>
      </object_component>
      <object_component id="oc-219">
         <name>.text:_mcpy$17</name>
         <load_address>0x4554</load_address>
         <run_address>0x4554</run_address>
         <size>0x6a</size>
         <input_file_ref idref="fl-d0"/>
      </object_component>
      <object_component id="oc-27c">
         <name>.text:_chkmbc$11</name>
         <load_address>0x45c0</load_address>
         <run_address>0x45c0</run_address>
         <size>0x68</size>
         <input_file_ref idref="fl-c7"/>
      </object_component>
      <object_component id="oc-15">
         <name>.text:decompress:lzss:__TI_decompress_lzss</name>
         <load_address>0x4628</load_address>
         <run_address>0x4628</run_address>
         <size>0x68</size>
         <input_file_ref idref="fl-cc"/>
      </object_component>
      <object_component id="oc-22e">
         <name>.text:frexp</name>
         <load_address>0x4690</load_address>
         <run_address>0x4690</run_address>
         <size>0x64</size>
         <input_file_ref idref="fl-f0"/>
      </object_component>
      <object_component id="oc-185">
         <name>.text:_pconv_f$17</name>
         <load_address>0x46f4</load_address>
         <run_address>0x46f4</run_address>
         <size>0x56</size>
         <input_file_ref idref="fl-d0"/>
      </object_component>
      <object_component id="oc-203">
         <name>.text:__TI_ltoa</name>
         <load_address>0x474a</load_address>
         <run_address>0x474a</run_address>
         <size>0x54</size>
         <input_file_ref idref="fl-df"/>
      </object_component>
      <object_component id="oc-213">
         <name>.text:_ecpy$17</name>
         <load_address>0x479e</load_address>
         <run_address>0x479e</run_address>
         <size>0x52</size>
         <input_file_ref idref="fl-d0"/>
      </object_component>
      <object_component id="oc-16e">
         <name>.text:atoi</name>
         <load_address>0x47f0</load_address>
         <run_address>0x47f0</run_address>
         <size>0x4c</size>
         <input_file_ref idref="fl-e1"/>
      </object_component>
      <object_component id="oc-1fe">
         <name>.text</name>
         <load_address>0x483c</load_address>
         <run_address>0x483c</run_address>
         <size>0x48</size>
         <input_file_ref idref="fl-d6"/>
      </object_component>
      <object_component id="oc-130">
         <name>.text:__TI_auto_init_nobinit_nopinit:__TI_auto_init_nobinit_nopinit</name>
         <load_address>0x4884</load_address>
         <run_address>0x4884</run_address>
         <size>0x44</size>
         <input_file_ref idref="fl-da"/>
      </object_component>
      <object_component id="oc-78">
         <name>.text:snprintf</name>
         <load_address>0x48c8</load_address>
         <run_address>0x48c8</run_address>
         <size>0x3e</size>
         <input_file_ref idref="fl-c6"/>
      </object_component>
      <object_component id="oc-10c">
         <name>.text:strtok</name>
         <load_address>0x4908</load_address>
         <run_address>0x4908</run_address>
         <size>0x3c</size>
         <input_file_ref idref="fl-ce"/>
      </object_component>
      <object_component id="oc-226">
         <name>.text:_fcpy$17</name>
         <load_address>0x4944</load_address>
         <run_address>0x4944</run_address>
         <size>0x3a</size>
         <input_file_ref idref="fl-d0"/>
      </object_component>
      <object_component id="oc-5b">
         <name>.text:_c_int00_noargs:_c_int00_noargs</name>
         <load_address>0x4980</load_address>
         <run_address>0x4980</run_address>
         <size>0x34</size>
         <input_file_ref idref="fl-cf"/>
      </object_component>
      <object_component id="oc-197">
         <name>.text:_outs$10</name>
         <load_address>0x49b4</load_address>
         <run_address>0x49b4</run_address>
         <size>0x30</size>
         <input_file_ref idref="fl-c6"/>
      </object_component>
      <object_component id="oc-209">
         <name>.text</name>
         <load_address>0x49e4</load_address>
         <run_address>0x49e4</run_address>
         <size>0x2e</size>
         <input_file_ref idref="fl-d8"/>
      </object_component>
      <object_component id="oc-1b2">
         <name>.text:strspn</name>
         <load_address>0x4a12</load_address>
         <run_address>0x4a12</run_address>
         <size>0x2a</size>
         <input_file_ref idref="fl-e8"/>
      </object_component>
      <object_component id="oc-1b8">
         <name>.text:strcspn</name>
         <load_address>0x4a3c</load_address>
         <run_address>0x4a3c</run_address>
         <size>0x24</size>
         <input_file_ref idref="fl-e5"/>
      </object_component>
      <object_component id="oc-103">
         <name>.text:sscanf</name>
         <load_address>0x4a60</load_address>
         <run_address>0x4a60</run_address>
         <size>0x1c</size>
         <input_file_ref idref="fl-c7"/>
      </object_component>
      <object_component id="oc-e2">
         <name>.text:_system_pre_init</name>
         <load_address>0x4a7c</load_address>
         <run_address>0x4a7c</run_address>
         <size>0x4</size>
         <input_file_ref idref="fl-db"/>
      </object_component>
      <object_component id="oc-7e">
         <name>.text</name>
         <load_address>0x4a80</load_address>
         <run_address>0x4a80</run_address>
         <size>0x1c</size>
         <input_file_ref idref="fl-c"/>
      </object_component>
      <object_component id="oc-2c0">
         <name>.text:copysign</name>
         <load_address>0x4a9c</load_address>
         <run_address>0x4a9c</run_address>
         <size>0x1a</size>
         <input_file_ref idref="fl-f4"/>
      </object_component>
      <object_component id="oc-27">
         <name>.text</name>
         <load_address>0x4ab8</load_address>
         <run_address>0x4ab8</run_address>
         <size>0x1a</size>
         <input_file_ref idref="fl-9"/>
      </object_component>
      <object_component id="oc-168">
         <name>.text:_outc$10</name>
         <load_address>0x4ad2</load_address>
         <run_address>0x4ad2</run_address>
         <size>0x18</size>
         <input_file_ref idref="fl-c6"/>
      </object_component>
      <object_component id="oc-2cf">
         <name>.text</name>
         <load_address>0x4aea</load_address>
         <run_address>0x4aea</run_address>
         <size>0x18</size>
         <input_file_ref idref="fl-f3"/>
      </object_component>
      <object_component id="oc-282">
         <name>.text:strrchr</name>
         <load_address>0x4b02</load_address>
         <run_address>0x4b02</run_address>
         <size>0x18</size>
         <input_file_ref idref="fl-e7"/>
      </object_component>
      <object_component id="oc-23a">
         <name>.text:strchr</name>
         <load_address>0x4b1a</load_address>
         <run_address>0x4b1a</run_address>
         <size>0x16</size>
         <input_file_ref idref="fl-e3"/>
      </object_component>
      <object_component id="oc-162">
         <name>.text:strlen</name>
         <load_address>0x4b30</load_address>
         <run_address>0x4b30</run_address>
         <size>0x14</size>
         <input_file_ref idref="fl-e6"/>
      </object_component>
      <object_component id="oc-247">
         <name>.text:_inpchar$11</name>
         <load_address>0x4b44</load_address>
         <run_address>0x4b44</run_address>
         <size>0x12</size>
         <input_file_ref idref="fl-c7"/>
      </object_component>
      <object_component id="oc-253">
         <name>.text:strcpy</name>
         <load_address>0x4b56</load_address>
         <run_address>0x4b56</run_address>
         <size>0x10</size>
         <input_file_ref idref="fl-e4"/>
      </object_component>
      <object_component id="oc-1b">
         <name>.text:decompress:none:__TI_decompress_none</name>
         <load_address>0x4b66</load_address>
         <run_address>0x4b66</run_address>
         <size>0xe</size>
         <input_file_ref idref="fl-cb"/>
      </object_component>
      <object_component id="oc-19d">
         <name>.text:__aeabi_errno_addr</name>
         <load_address>0x4b74</load_address>
         <run_address>0x4b74</run_address>
         <size>0x8</size>
         <input_file_ref idref="fl-ee"/>
      </object_component>
      <object_component id="oc-24d">
         <name>.text:_uninpchar$11</name>
         <load_address>0x4b7c</load_address>
         <run_address>0x4b7c</run_address>
         <size>0x8</size>
         <input_file_ref idref="fl-c7"/>
      </object_component>
      <object_component id="oc-124">
         <name>.text:abort:abort</name>
         <load_address>0x4b84</load_address>
         <run_address>0x4b84</run_address>
         <size>0x4</size>
         <input_file_ref idref="fl-dd"/>
      </object_component>
      <object_component id="oc-1e4">
         <name>.const:.string:_ctypes_</name>
         <load_address>0x4b88</load_address>
         <run_address>0x4b88</run_address>
         <size>0x101</size>
         <input_file_ref idref="fl-cd"/>
      </object_component>
      <object_component id="oc-2d6">
         <name>.const:$O6$$</name>
         <load_address>0x4c90</load_address>
         <run_address>0x4c90</run_address>
         <size>0xc8</size>
         <input_file_ref idref="fl-e9"/>
      </object_component>
      <object_component id="oc-288">
         <name>.const:$O4$$</name>
         <load_address>0x4d58</load_address>
         <run_address>0x4d58</run_address>
         <size>0x10</size>
         <input_file_ref idref="fl-d1"/>
      </object_component>
      <object_component id="oc-315">
         <name>.cinit..data.load</name>
         <load_address>0x4d68</load_address>
         <run_address>0x4d68</run_address>
         <size>0x17</size>
      </object_component>
      <object_component id="oc-313">
         <name>__TI_handler_table</name>
         <load_address>0x4d80</load_address>
         <run_address>0x4d80</run_address>
         <size>0x8</size>
      </object_component>
      <object_component id="oc-314">
         <name>__TI_cinit_table</name>
         <load_address>0x4d88</load_address>
         <run_address>0x4d88</run_address>
         <size>0x8</size>
      </object_component>
      <object_component id="oc-242">
         <name>.data</name>
         <load_address>0x20000304</load_address>
         <run_address>0x20000304</run_address>
         <size>0x4</size>
         <input_file_ref idref="fl-ee"/>
      </object_component>
      <object_component id="oc-1be">
         <name>.data</name>
         <load_address>0x20000308</load_address>
         <run_address>0x20000308</run_address>
         <size>0x4</size>
         <input_file_ref idref="fl-ce"/>
      </object_component>
      <object_component id="oc-75">
         <name>.data:$O1$$</name>
         <load_address>0x20000200</load_address>
         <run_address>0x20000200</run_address>
         <size>0xa8</size>
         <input_file_ref idref="fl-6"/>
      </object_component>
      <object_component id="oc-109">
         <name>.data:$O3$$</name>
         <load_address>0x200002a8</load_address>
         <run_address>0x200002a8</run_address>
         <size>0x5c</size>
         <input_file_ref idref="fl-b"/>
      </object_component>
      <object_component id="oc-24">
         <name>.stack</name>
         <uninitialized>true</uninitialized>
         <run_address>0x20000000</run_address>
         <size>0x4</size>
         <input_file_ref idref="fl-cf"/>
      </object_component>
      <object_component id="oc-317">
         <name>.stack</name>
         <uninitialized>true</uninitialized>
         <run_address>0x20000000</run_address>
         <size>0x0</size>
      </object_component>
      <object_component id="oc-35">
         <name>.debug_info</name>
         <load_address>0x0</load_address>
         <run_address>0x0</run_address>
         <size>0x2e7</size>
         <input_file_ref idref="fl-9"/>
      </object_component>
      <object_component id="oc-13">
         <name>.debug_info</name>
         <load_address>0x2e7</load_address>
         <run_address>0x2e7</run_address>
         <size>0xf0</size>
         <input_file_ref idref="fl-9"/>
      </object_component>
      <object_component id="oc-28">
         <name>.debug_info</name>
         <load_address>0x3d7</load_address>
         <run_address>0x3d7</run_address>
         <size>0x26c</size>
         <input_file_ref idref="fl-9"/>
      </object_component>
      <object_component id="oc-6f">
         <name>.debug_info</name>
         <load_address>0x643</load_address>
         <run_address>0x643</run_address>
         <size>0x84</size>
         <input_file_ref idref="fl-9"/>
      </object_component>
      <object_component id="oc-11d">
         <name>.debug_info</name>
         <load_address>0x6c7</load_address>
         <run_address>0x6c7</run_address>
         <size>0x2a4</size>
         <input_file_ref idref="fl-9"/>
      </object_component>
      <object_component id="oc-9c">
         <name>.debug_info</name>
         <load_address>0x96b</load_address>
         <run_address>0x96b</run_address>
         <size>0xbb</size>
         <input_file_ref idref="fl-9"/>
      </object_component>
      <object_component id="oc-7f">
         <name>.debug_info</name>
         <load_address>0xa26</load_address>
         <run_address>0xa26</run_address>
         <size>0x119</size>
         <input_file_ref idref="fl-c"/>
      </object_component>
      <object_component id="oc-42">
         <name>.debug_info</name>
         <load_address>0xb3f</load_address>
         <run_address>0xb3f</run_address>
         <size>0x119</size>
         <input_file_ref idref="fl-c8"/>
      </object_component>
      <object_component id="oc-dd">
         <name>.debug_info</name>
         <load_address>0xc58</load_address>
         <run_address>0xc58</run_address>
         <size>0x147</size>
         <input_file_ref idref="fl-c9"/>
      </object_component>
      <object_component id="oc-25">
         <name>.debug_info</name>
         <load_address>0xd9f</load_address>
         <run_address>0xd9f</run_address>
         <size>0x10b</size>
         <input_file_ref idref="fl-cf"/>
      </object_component>
      <object_component id="oc-5c">
         <name>.debug_info</name>
         <load_address>0xeaa</load_address>
         <run_address>0xeaa</run_address>
         <size>0x1a9</size>
         <input_file_ref idref="fl-cf"/>
      </object_component>
      <object_component id="oc-211">
         <name>.debug_info</name>
         <load_address>0x1053</load_address>
         <run_address>0x1053</run_address>
         <size>0x14c</size>
         <input_file_ref idref="fl-d2"/>
      </object_component>
      <object_component id="oc-17b">
         <name>.debug_info</name>
         <load_address>0x119f</load_address>
         <run_address>0x119f</run_address>
         <size>0x128</size>
         <input_file_ref idref="fl-d3"/>
      </object_component>
      <object_component id="oc-1fa">
         <name>.debug_info</name>
         <load_address>0x12c7</load_address>
         <run_address>0x12c7</run_address>
         <size>0x12a</size>
         <input_file_ref idref="fl-d3"/>
      </object_component>
      <object_component id="oc-1f5">
         <name>.debug_info</name>
         <load_address>0x13f1</load_address>
         <run_address>0x13f1</run_address>
         <size>0x13a</size>
         <input_file_ref idref="fl-d4"/>
      </object_component>
      <object_component id="oc-1f0">
         <name>.debug_info</name>
         <load_address>0x152b</load_address>
         <run_address>0x152b</run_address>
         <size>0x13a</size>
         <input_file_ref idref="fl-d5"/>
      </object_component>
      <object_component id="oc-1ff">
         <name>.debug_info</name>
         <load_address>0x1665</load_address>
         <run_address>0x1665</run_address>
         <size>0x12e</size>
         <input_file_ref idref="fl-d6"/>
      </object_component>
      <object_component id="oc-26c">
         <name>.debug_info</name>
         <load_address>0x1793</load_address>
         <run_address>0x1793</run_address>
         <size>0x13e</size>
         <input_file_ref idref="fl-d7"/>
      </object_component>
      <object_component id="oc-20a">
         <name>.debug_info</name>
         <load_address>0x18d1</load_address>
         <run_address>0x18d1</run_address>
         <size>0x12c</size>
         <input_file_ref idref="fl-d8"/>
      </object_component>
      <object_component id="oc-1e9">
         <name>.debug_info</name>
         <load_address>0x19fd</load_address>
         <run_address>0x19fd</run_address>
         <size>0x134</size>
         <input_file_ref idref="fl-d9"/>
      </object_component>
      <object_component id="oc-1cd">
         <name>.debug_info</name>
         <load_address>0x1b31</load_address>
         <run_address>0x1b31</run_address>
         <size>0x4b3</size>
         <input_file_ref idref="fl-da"/>
      </object_component>
      <object_component id="oc-131">
         <name>.debug_info</name>
         <load_address>0x1fe4</load_address>
         <run_address>0x1fe4</run_address>
         <size>0x1a6</size>
         <input_file_ref idref="fl-da"/>
      </object_component>
      <object_component id="oc-2a1">
         <name>.debug_info</name>
         <load_address>0x218a</load_address>
         <run_address>0x218a</run_address>
         <size>0x39</size>
         <input_file_ref idref="fl-da"/>
      </object_component>
      <object_component id="oc-2e0">
         <name>.debug_info</name>
         <load_address>0x21c3</load_address>
         <run_address>0x21c3</run_address>
         <size>0x39</size>
         <input_file_ref idref="fl-da"/>
      </object_component>
      <object_component id="oc-2a6">
         <name>.debug_info</name>
         <load_address>0x21fc</load_address>
         <run_address>0x21fc</run_address>
         <size>0x39</size>
         <input_file_ref idref="fl-da"/>
      </object_component>
      <object_component id="oc-125">
         <name>.debug_info</name>
         <load_address>0x2235</load_address>
         <run_address>0x2235</run_address>
         <size>0x122</size>
         <input_file_ref idref="fl-dd"/>
      </object_component>
      <object_component id="oc-246">
         <name>.debug_info</name>
         <load_address>0x2357</load_address>
         <run_address>0x2357</run_address>
         <size>0x289</size>
         <input_file_ref idref="fl-ee"/>
      </object_component>
      <object_component id="oc-243">
         <name>.debug_info</name>
         <load_address>0x25e0</load_address>
         <run_address>0x25e0</run_address>
         <size>0x10e</size>
         <input_file_ref idref="fl-ee"/>
      </object_component>
      <object_component id="oc-19e">
         <name>.debug_info</name>
         <load_address>0x26ee</load_address>
         <run_address>0x26ee</run_address>
         <size>0x14e</size>
         <input_file_ref idref="fl-ee"/>
      </object_component>
      <object_component id="oc-2af">
         <name>.debug_info</name>
         <load_address>0x283c</load_address>
         <run_address>0x283c</run_address>
         <size>0x115</size>
         <input_file_ref idref="fl-f2"/>
      </object_component>
      <object_component id="oc-2d1">
         <name>.debug_info</name>
         <load_address>0x2951</load_address>
         <run_address>0x2951</run_address>
         <size>0x122</size>
         <input_file_ref idref="fl-f3"/>
      </object_component>
      <object_component id="oc-47">
         <name>.debug_info</name>
         <load_address>0x2a73</load_address>
         <run_address>0x2a73</run_address>
         <size>0xb51</size>
         <input_file_ref idref="fl-f5"/>
      </object_component>
      <object_component id="oc-1e5">
         <name>.debug_info</name>
         <load_address>0x35c4</load_address>
         <run_address>0x35c4</run_address>
         <size>0xca</size>
         <input_file_ref idref="fl-f5"/>
      </object_component>
      <object_component id="oc-1bf">
         <name>.debug_info</name>
         <load_address>0x368e</load_address>
         <run_address>0x368e</run_address>
         <size>0xcc</size>
         <input_file_ref idref="fl-f5"/>
      </object_component>
      <object_component id="oc-76">
         <name>.debug_info</name>
         <load_address>0x375a</load_address>
         <run_address>0x375a</run_address>
         <size>0x3e5</size>
         <input_file_ref idref="fl-f5"/>
      </object_component>
      <object_component id="oc-10a">
         <name>.debug_info</name>
         <load_address>0x3b3f</load_address>
         <run_address>0x3b3f</run_address>
         <size>0x12d</size>
         <input_file_ref idref="fl-f5"/>
      </object_component>
      <object_component id="oc-2d7">
         <name>.debug_info</name>
         <load_address>0x3c6c</load_address>
         <run_address>0x3c6c</run_address>
         <size>0xed</size>
         <input_file_ref idref="fl-f5"/>
      </object_component>
      <object_component id="oc-266">
         <name>.debug_info</name>
         <load_address>0x3d59</load_address>
         <run_address>0x3d59</run_address>
         <size>0x499</size>
         <input_file_ref idref="fl-f5"/>
      </object_component>
      <object_component id="oc-2c1">
         <name>.debug_info</name>
         <load_address>0x41f2</load_address>
         <run_address>0x41f2</run_address>
         <size>0x116</size>
         <input_file_ref idref="fl-f5"/>
      </object_component>
      <object_component id="oc-235">
         <name>.debug_info</name>
         <load_address>0x4308</load_address>
         <run_address>0x4308</run_address>
         <size>0x1dc</size>
         <input_file_ref idref="fl-f5"/>
      </object_component>
      <object_component id="oc-1b3">
         <name>.debug_info</name>
         <load_address>0x44e4</load_address>
         <run_address>0x44e4</run_address>
         <size>0x17c</size>
         <input_file_ref idref="fl-f5"/>
      </object_component>
      <object_component id="oc-1b9">
         <name>.debug_info</name>
         <load_address>0x4660</load_address>
         <run_address>0x4660</run_address>
         <size>0x150</size>
         <input_file_ref idref="fl-f5"/>
      </object_component>
      <object_component id="oc-10d">
         <name>.debug_info</name>
         <load_address>0x47b0</load_address>
         <run_address>0x47b0</run_address>
         <size>0x153</size>
         <input_file_ref idref="fl-f5"/>
      </object_component>
      <object_component id="oc-163">
         <name>.debug_info</name>
         <load_address>0x4903</load_address>
         <run_address>0x4903</run_address>
         <size>0x1fe</size>
         <input_file_ref idref="fl-f5"/>
      </object_component>
      <object_component id="oc-16f">
         <name>.debug_info</name>
         <load_address>0x4b01</load_address>
         <run_address>0x4b01</run_address>
         <size>0x137</size>
         <input_file_ref idref="fl-f5"/>
      </object_component>
      <object_component id="oc-175">
         <name>.debug_info</name>
         <load_address>0x4c38</load_address>
         <run_address>0x4c38</run_address>
         <size>0x1d8</size>
         <input_file_ref idref="fl-f5"/>
      </object_component>
      <object_component id="oc-204">
         <name>.debug_info</name>
         <load_address>0x4e10</load_address>
         <run_address>0x4e10</run_address>
         <size>0x194</size>
         <input_file_ref idref="fl-f5"/>
      </object_component>
      <object_component id="oc-214">
         <name>.debug_info</name>
         <load_address>0x4fa4</load_address>
         <run_address>0x4fa4</run_address>
         <size>0x170</size>
         <input_file_ref idref="fl-f5"/>
      </object_component>
      <object_component id="oc-21a">
         <name>.debug_info</name>
         <load_address>0x5114</load_address>
         <run_address>0x5114</run_address>
         <size>0x1d5</size>
         <input_file_ref idref="fl-f5"/>
      </object_component>
      <object_component id="oc-180">
         <name>.debug_info</name>
         <load_address>0x52e9</load_address>
         <run_address>0x52e9</run_address>
         <size>0x380</size>
         <input_file_ref idref="fl-f5"/>
      </object_component>
      <object_component id="oc-221">
         <name>.debug_info</name>
         <load_address>0x5669</load_address>
         <run_address>0x5669</run_address>
         <size>0x2c4</size>
         <input_file_ref idref="fl-f5"/>
      </object_component>
      <object_component id="oc-227">
         <name>.debug_info</name>
         <load_address>0x592d</load_address>
         <run_address>0x592d</run_address>
         <size>0x1cf</size>
         <input_file_ref idref="fl-f5"/>
      </object_component>
      <object_component id="oc-186">
         <name>.debug_info</name>
         <load_address>0x5afc</load_address>
         <run_address>0x5afc</run_address>
         <size>0x1d8</size>
         <input_file_ref idref="fl-f5"/>
      </object_component>
      <object_component id="oc-18c">
         <name>.debug_info</name>
         <load_address>0x5cd4</load_address>
         <run_address>0x5cd4</run_address>
         <size>0x2ca</size>
         <input_file_ref idref="fl-f5"/>
      </object_component>
      <object_component id="oc-23b">
         <name>.debug_info</name>
         <load_address>0x5f9e</load_address>
         <run_address>0x5f9e</run_address>
         <size>0x21b</size>
         <input_file_ref idref="fl-f5"/>
      </object_component>
      <object_component id="oc-192">
         <name>.debug_info</name>
         <load_address>0x61b9</load_address>
         <run_address>0x61b9</run_address>
         <size>0x478</size>
         <input_file_ref idref="fl-f5"/>
      </object_component>
      <object_component id="oc-27d">
         <name>.debug_info</name>
         <load_address>0x6631</load_address>
         <run_address>0x6631</run_address>
         <size>0x19a</size>
         <input_file_ref idref="fl-f5"/>
      </object_component>
      <object_component id="oc-248">
         <name>.debug_info</name>
         <load_address>0x67cb</load_address>
         <run_address>0x67cb</run_address>
         <size>0x13a</size>
         <input_file_ref idref="fl-f5"/>
      </object_component>
      <object_component id="oc-24e">
         <name>.debug_info</name>
         <load_address>0x6905</load_address>
         <run_address>0x6905</run_address>
         <size>0x12d</size>
         <input_file_ref idref="fl-f5"/>
      </object_component>
      <object_component id="oc-169">
         <name>.debug_info</name>
         <load_address>0x6a32</load_address>
         <run_address>0x6a32</run_address>
         <size>0x130</size>
         <input_file_ref idref="fl-f5"/>
      </object_component>
      <object_component id="oc-198">
         <name>.debug_info</name>
         <load_address>0x6b62</load_address>
         <run_address>0x6b62</run_address>
         <size>0x17d</size>
         <input_file_ref idref="fl-f5"/>
      </object_component>
      <object_component id="oc-f7">
         <name>.debug_info</name>
         <load_address>0x6cdf</load_address>
         <run_address>0x6cdf</run_address>
         <size>0x5e5</size>
         <input_file_ref idref="fl-f5"/>
      </object_component>
      <object_component id="oc-7a">
         <name>.debug_info</name>
         <load_address>0x72c4</load_address>
         <run_address>0x72c4</run_address>
         <size>0x1a5</size>
         <input_file_ref idref="fl-f5"/>
      </object_component>
      <object_component id="oc-86">
         <name>.debug_info</name>
         <load_address>0x7469</load_address>
         <run_address>0x7469</run_address>
         <size>0x9ed</size>
         <input_file_ref idref="fl-f5"/>
      </object_component>
      <object_component id="oc-284">
         <name>.debug_info</name>
         <load_address>0x7e56</load_address>
         <run_address>0x7e56</run_address>
         <size>0x21d</size>
         <input_file_ref idref="fl-f5"/>
      </object_component>
      <object_component id="oc-255">
         <name>.debug_info</name>
         <load_address>0x8073</load_address>
         <run_address>0x8073</run_address>
         <size>0x1f5</size>
         <input_file_ref idref="fl-f5"/>
      </object_component>
      <object_component id="oc-261">
         <name>.debug_info</name>
         <load_address>0x8268</load_address>
         <run_address>0x8268</run_address>
         <size>0x1e9</size>
         <input_file_ref idref="fl-f5"/>
      </object_component>
      <object_component id="oc-25b">
         <name>.debug_info</name>
         <load_address>0x8451</load_address>
         <run_address>0x8451</run_address>
         <size>0x1f6</size>
         <input_file_ref idref="fl-f5"/>
      </object_component>
      <object_component id="oc-272">
         <name>.debug_info</name>
         <load_address>0x8647</load_address>
         <run_address>0x8647</run_address>
         <size>0x244</size>
         <input_file_ref idref="fl-f5"/>
      </object_component>
      <object_component id="oc-278">
         <name>.debug_info</name>
         <load_address>0x888b</load_address>
         <run_address>0x888b</run_address>
         <size>0x271</size>
         <input_file_ref idref="fl-f5"/>
      </object_component>
      <object_component id="oc-1ab">
         <name>.debug_info</name>
         <load_address>0x8afc</load_address>
         <run_address>0x8afc</run_address>
         <size>0xb09</size>
         <input_file_ref idref="fl-f5"/>
      </object_component>
      <object_component id="oc-105">
         <name>.debug_info</name>
         <load_address>0x9605</load_address>
         <run_address>0x9605</run_address>
         <size>0x137</size>
         <input_file_ref idref="fl-f5"/>
      </object_component>
      <object_component id="oc-2f">
         <name>.debug_info</name>
         <load_address>0x973c</load_address>
         <run_address>0x973c</run_address>
         <size>0x34a</size>
         <input_file_ref idref="fl-f5"/>
      </object_component>
      <object_component id="oc-230">
         <name>.debug_info</name>
         <load_address>0x9a86</load_address>
         <run_address>0x9a86</run_address>
         <size>0x14d</size>
         <input_file_ref idref="fl-f5"/>
      </object_component>
      <object_component id="oc-e4">
         <name>.debug_info</name>
         <load_address>0x9bd3</load_address>
         <run_address>0x9bd3</run_address>
         <size>0x10a</size>
         <input_file_ref idref="fl-f5"/>
      </object_component>
      <object_component id="oc-1d">
         <name>.debug_info</name>
         <load_address>0x9cdd</load_address>
         <run_address>0x9cdd</run_address>
         <size>0x195</size>
         <input_file_ref idref="fl-f5"/>
      </object_component>
      <object_component id="oc-17">
         <name>.debug_info</name>
         <load_address>0x9e72</load_address>
         <run_address>0x9e72</run_address>
         <size>0x1fb</size>
         <input_file_ref idref="fl-f5"/>
      </object_component>
      <object_component id="oc-97">
         <name>.debug_info</name>
         <load_address>0xa06d</load_address>
         <run_address>0xa06d</run_address>
         <size>0x26b</size>
         <input_file_ref idref="fl-f5"/>
      </object_component>
      <object_component id="oc-a9">
         <name>.debug_info</name>
         <load_address>0xa2d8</load_address>
         <run_address>0xa2d8</run_address>
         <size>0x5e</size>
         <input_file_ref idref="fl-f5"/>
      </object_component>
      <object_component id="oc-ae">
         <name>.debug_info</name>
         <load_address>0xa336</load_address>
         <run_address>0xa336</run_address>
         <size>0x86</size>
         <input_file_ref idref="fl-f5"/>
      </object_component>
      <object_component id="oc-28a">
         <name>.debug_info</name>
         <load_address>0xa3bc</load_address>
         <run_address>0xa3bc</run_address>
         <size>0x9a</size>
         <input_file_ref idref="fl-f5"/>
      </object_component>
      <object_component id="oc-3c">
         <name>.debug_info</name>
         <load_address>0xa456</load_address>
         <run_address>0xa456</run_address>
         <size>0x8b</size>
         <input_file_ref idref="fl-f5"/>
      </object_component>
      <object_component id="oc-b3">
         <name>.debug_info</name>
         <load_address>0xa4e1</load_address>
         <run_address>0xa4e1</run_address>
         <size>0x2c</size>
         <input_file_ref idref="fl-f5"/>
      </object_component>
      <object_component id="oc-118">
         <name>.debug_info</name>
         <load_address>0xa50d</load_address>
         <run_address>0xa50d</run_address>
         <size>0x1fb</size>
         <input_file_ref idref="fl-f5"/>
      </object_component>
      <object_component id="oc-90">
         <name>.debug_info</name>
         <load_address>0xa708</load_address>
         <run_address>0xa708</run_address>
         <size>0x6d</size>
         <input_file_ref idref="fl-f5"/>
      </object_component>
      <object_component id="oc-37">
         <name>.debug_info</name>
         <load_address>0xa775</load_address>
         <run_address>0xa775</run_address>
         <size>0x60</size>
         <input_file_ref idref="fl-f5"/>
      </object_component>
      <object_component id="oc-113">
         <name>.debug_info</name>
         <load_address>0xa7d5</load_address>
         <run_address>0xa7d5</run_address>
         <size>0xc8</size>
         <input_file_ref idref="fl-f5"/>
      </object_component>
      <object_component id="oc-b8">
         <name>.debug_info</name>
         <load_address>0xa89d</load_address>
         <run_address>0xa89d</run_address>
         <size>0x39</size>
         <input_file_ref idref="fl-f5"/>
      </object_component>
      <object_component id="oc-8b">
         <name>.debug_info</name>
         <load_address>0xa8d6</load_address>
         <run_address>0xa8d6</run_address>
         <size>0x6d</size>
         <input_file_ref idref="fl-f5"/>
      </object_component>
      <object_component id="oc-bd">
         <name>.debug_info</name>
         <load_address>0xa943</load_address>
         <run_address>0xa943</run_address>
         <size>0x39</size>
         <input_file_ref idref="fl-f5"/>
      </object_component>
      <object_component id="oc-a1">
         <name>.debug_info</name>
         <load_address>0xa97c</load_address>
         <run_address>0xa97c</run_address>
         <size>0x39</size>
         <input_file_ref idref="fl-f5"/>
      </object_component>
      <object_component id="oc-c2">
         <name>.debug_info</name>
         <load_address>0xa9b5</load_address>
         <run_address>0xa9b5</run_address>
         <size>0x2c</size>
         <input_file_ref idref="fl-f5"/>
      </object_component>
      <object_component id="oc-1a4">
         <name>.debug_info</name>
         <load_address>0xa9e1</load_address>
         <run_address>0xa9e1</run_address>
         <size>0x39</size>
         <input_file_ref idref="fl-f5"/>
      </object_component>
      <object_component id="oc-fd">
         <name>.debug_info</name>
         <load_address>0xaa1a</load_address>
         <run_address>0xaa1a</run_address>
         <size>0x39</size>
         <input_file_ref idref="fl-f5"/>
      </object_component>
      <object_component id="oc-c7">
         <name>.debug_info</name>
         <load_address>0xaa53</load_address>
         <run_address>0xaa53</run_address>
         <size>0x35</size>
         <input_file_ref idref="fl-f5"/>
      </object_component>
      <object_component id="oc-cc">
         <name>.debug_info</name>
         <load_address>0xaa88</load_address>
         <run_address>0xaa88</run_address>
         <size>0xcd</size>
         <input_file_ref idref="fl-f5"/>
      </object_component>
      <object_component id="oc-d1">
         <name>.debug_info</name>
         <load_address>0xab55</load_address>
         <run_address>0xab55</run_address>
         <size>0x69</size>
         <input_file_ref idref="fl-f5"/>
      </object_component>
      <object_component id="oc-318">
         <name>.debug_info</name>
         <load_address>0xabbe</load_address>
         <run_address>0xabbe</run_address>
         <size>0xa3</size>
      </object_component>
      <object_component id="oc-96">
         <name>.debug_line</name>
         <load_address>0x0</load_address>
         <run_address>0x0</run_address>
         <size>0x41</size>
         <input_file_ref idref="fl-9"/>
      </object_component>
      <object_component id="oc-34">
         <name>.debug_line</name>
         <load_address>0x41</load_address>
         <run_address>0x41</run_address>
         <size>0x41</size>
         <input_file_ref idref="fl-9"/>
      </object_component>
      <object_component id="oc-2b">
         <name>.debug_line</name>
         <load_address>0x82</load_address>
         <run_address>0x82</run_address>
         <size>0x9b</size>
         <input_file_ref idref="fl-9"/>
      </object_component>
      <object_component id="oc-72">
         <name>.debug_line</name>
         <load_address>0x11d</load_address>
         <run_address>0x11d</run_address>
         <size>0x20</size>
         <input_file_ref idref="fl-9"/>
      </object_component>
      <object_component id="oc-120">
         <name>.debug_line</name>
         <load_address>0x13d</load_address>
         <run_address>0x13d</run_address>
         <size>0x7d</size>
         <input_file_ref idref="fl-9"/>
      </object_component>
      <object_component id="oc-9f">
         <name>.debug_line</name>
         <load_address>0x1ba</load_address>
         <run_address>0x1ba</run_address>
         <size>0x7a</size>
         <input_file_ref idref="fl-9"/>
      </object_component>
      <object_component id="oc-82">
         <name>.debug_line</name>
         <load_address>0x234</load_address>
         <run_address>0x234</run_address>
         <size>0x3c</size>
         <input_file_ref idref="fl-c"/>
      </object_component>
      <object_component id="oc-45">
         <name>.debug_line</name>
         <load_address>0x270</load_address>
         <run_address>0x270</run_address>
         <size>0x88</size>
         <input_file_ref idref="fl-c8"/>
      </object_component>
      <object_component id="oc-e0">
         <name>.debug_line</name>
         <load_address>0x2f8</load_address>
         <run_address>0x2f8</run_address>
         <size>0x79</size>
         <input_file_ref idref="fl-c9"/>
      </object_component>
      <object_component id="oc-6e">
         <name>.debug_line</name>
         <load_address>0x371</load_address>
         <run_address>0x371</run_address>
         <size>0x33</size>
         <input_file_ref idref="fl-cf"/>
      </object_component>
      <object_component id="oc-5f">
         <name>.debug_line</name>
         <load_address>0x3a4</load_address>
         <run_address>0x3a4</run_address>
         <size>0x45</size>
         <input_file_ref idref="fl-cf"/>
      </object_component>
      <object_component id="oc-20f">
         <name>.debug_line</name>
         <load_address>0x3e9</load_address>
         <run_address>0x3e9</run_address>
         <size>0xd2</size>
         <input_file_ref idref="fl-d2"/>
      </object_component>
      <object_component id="oc-17e">
         <name>.debug_line</name>
         <load_address>0x4bb</load_address>
         <run_address>0x4bb</run_address>
         <size>0x77</size>
         <input_file_ref idref="fl-d3"/>
      </object_component>
      <object_component id="oc-1fd">
         <name>.debug_line</name>
         <load_address>0x532</load_address>
         <run_address>0x532</run_address>
         <size>0x77</size>
         <input_file_ref idref="fl-d3"/>
      </object_component>
      <object_component id="oc-1f8">
         <name>.debug_line</name>
         <load_address>0x5a9</load_address>
         <run_address>0x5a9</run_address>
         <size>0xa8</size>
         <input_file_ref idref="fl-d4"/>
      </object_component>
      <object_component id="oc-1f3">
         <name>.debug_line</name>
         <load_address>0x651</load_address>
         <run_address>0x651</run_address>
         <size>0x8e</size>
         <input_file_ref idref="fl-d5"/>
      </object_component>
      <object_component id="oc-202">
         <name>.debug_line</name>
         <load_address>0x6df</load_address>
         <run_address>0x6df</run_address>
         <size>0x5a</size>
         <input_file_ref idref="fl-d6"/>
      </object_component>
      <object_component id="oc-26f">
         <name>.debug_line</name>
         <load_address>0x739</load_address>
         <run_address>0x739</run_address>
         <size>0x67</size>
         <input_file_ref idref="fl-d7"/>
      </object_component>
      <object_component id="oc-20d">
         <name>.debug_line</name>
         <load_address>0x7a0</load_address>
         <run_address>0x7a0</run_address>
         <size>0x50</size>
         <input_file_ref idref="fl-d8"/>
      </object_component>
      <object_component id="oc-1ec">
         <name>.debug_line</name>
         <load_address>0x7f0</load_address>
         <run_address>0x7f0</run_address>
         <size>0x81</size>
         <input_file_ref idref="fl-d9"/>
      </object_component>
      <object_component id="oc-2a0">
         <name>.debug_line</name>
         <load_address>0x871</load_address>
         <run_address>0x871</run_address>
         <size>0xbf</size>
         <input_file_ref idref="fl-da"/>
      </object_component>
      <object_component id="oc-134">
         <name>.debug_line</name>
         <load_address>0x930</load_address>
         <run_address>0x930</run_address>
         <size>0x6f</size>
         <input_file_ref idref="fl-da"/>
      </object_component>
      <object_component id="oc-2a4">
         <name>.debug_line</name>
         <load_address>0x99f</load_address>
         <run_address>0x99f</run_address>
         <size>0x2e</size>
         <input_file_ref idref="fl-da"/>
      </object_component>
      <object_component id="oc-2e3">
         <name>.debug_line</name>
         <load_address>0x9cd</load_address>
         <run_address>0x9cd</run_address>
         <size>0x9a</size>
         <input_file_ref idref="fl-da"/>
      </object_component>
      <object_component id="oc-2a9">
         <name>.debug_line</name>
         <load_address>0xa67</load_address>
         <run_address>0xa67</run_address>
         <size>0x97</size>
         <input_file_ref idref="fl-da"/>
      </object_component>
      <object_component id="oc-128">
         <name>.debug_line</name>
         <load_address>0xafe</load_address>
         <run_address>0xafe</run_address>
         <size>0x3c</size>
         <input_file_ref idref="fl-dd"/>
      </object_component>
      <object_component id="oc-2cb">
         <name>.debug_line</name>
         <load_address>0xb3a</load_address>
         <run_address>0xb3a</run_address>
         <size>0x20</size>
         <input_file_ref idref="fl-ee"/>
      </object_component>
      <object_component id="oc-2c9">
         <name>.debug_line</name>
         <load_address>0xb5a</load_address>
         <run_address>0xb5a</run_address>
         <size>0x2b</size>
         <input_file_ref idref="fl-ee"/>
      </object_component>
      <object_component id="oc-1a1">
         <name>.debug_line</name>
         <load_address>0xb85</load_address>
         <run_address>0xb85</run_address>
         <size>0x40</size>
         <input_file_ref idref="fl-ee"/>
      </object_component>
      <object_component id="oc-2b2">
         <name>.debug_line</name>
         <load_address>0xbc5</load_address>
         <run_address>0xbc5</run_address>
         <size>0x37</size>
         <input_file_ref idref="fl-f2"/>
      </object_component>
      <object_component id="oc-2d3">
         <name>.debug_line</name>
         <load_address>0xbfc</load_address>
         <run_address>0xbfc</run_address>
         <size>0x43</size>
         <input_file_ref idref="fl-f3"/>
      </object_component>
      <object_component id="oc-a8">
         <name>.debug_line</name>
         <load_address>0xc3f</load_address>
         <run_address>0xc3f</run_address>
         <size>0xac</size>
         <input_file_ref idref="fl-f5"/>
      </object_component>
      <object_component id="oc-2ad">
         <name>.debug_line</name>
         <load_address>0xceb</load_address>
         <run_address>0xceb</run_address>
         <size>0x2d</size>
         <input_file_ref idref="fl-f5"/>
      </object_component>
      <object_component id="oc-292">
         <name>.debug_line</name>
         <load_address>0xd18</load_address>
         <run_address>0xd18</run_address>
         <size>0x2c</size>
         <input_file_ref idref="fl-f5"/>
      </object_component>
      <object_component id="oc-f5">
         <name>.debug_line</name>
         <load_address>0xd44</load_address>
         <run_address>0xd44</run_address>
         <size>0x2d</size>
         <input_file_ref idref="fl-f5"/>
      </object_component>
      <object_component id="oc-1b1">
         <name>.debug_line</name>
         <load_address>0xd71</load_address>
         <run_address>0xd71</run_address>
         <size>0x36</size>
         <input_file_ref idref="fl-f5"/>
      </object_component>
      <object_component id="oc-2e9">
         <name>.debug_line</name>
         <load_address>0xda7</load_address>
         <run_address>0xda7</run_address>
         <size>0x2c</size>
         <input_file_ref idref="fl-f5"/>
      </object_component>
      <object_component id="oc-269">
         <name>.debug_line</name>
         <load_address>0xdd3</load_address>
         <run_address>0xdd3</run_address>
         <size>0x384</size>
         <input_file_ref idref="fl-f5"/>
      </object_component>
      <object_component id="oc-2c4">
         <name>.debug_line</name>
         <load_address>0x1157</load_address>
         <run_address>0x1157</run_address>
         <size>0x45</size>
         <input_file_ref idref="fl-f5"/>
      </object_component>
      <object_component id="oc-238">
         <name>.debug_line</name>
         <load_address>0x119c</load_address>
         <run_address>0x119c</run_address>
         <size>0xa4</size>
         <input_file_ref idref="fl-f5"/>
      </object_component>
      <object_component id="oc-1b6">
         <name>.debug_line</name>
         <load_address>0x1240</load_address>
         <run_address>0x1240</run_address>
         <size>0x58</size>
         <input_file_ref idref="fl-f5"/>
      </object_component>
      <object_component id="oc-1bc">
         <name>.debug_line</name>
         <load_address>0x1298</load_address>
         <run_address>0x1298</run_address>
         <size>0x51</size>
         <input_file_ref idref="fl-f5"/>
      </object_component>
      <object_component id="oc-110">
         <name>.debug_line</name>
         <load_address>0x12e9</load_address>
         <run_address>0x12e9</run_address>
         <size>0x5a</size>
         <input_file_ref idref="fl-f5"/>
      </object_component>
      <object_component id="oc-166">
         <name>.debug_line</name>
         <load_address>0x1343</load_address>
         <run_address>0x1343</run_address>
         <size>0xae</size>
         <input_file_ref idref="fl-f5"/>
      </object_component>
      <object_component id="oc-172">
         <name>.debug_line</name>
         <load_address>0x13f1</load_address>
         <run_address>0x13f1</run_address>
         <size>0x62</size>
         <input_file_ref idref="fl-f5"/>
      </object_component>
      <object_component id="oc-178">
         <name>.debug_line</name>
         <load_address>0x1453</load_address>
         <run_address>0x1453</run_address>
         <size>0x7a</size>
         <input_file_ref idref="fl-f5"/>
      </object_component>
      <object_component id="oc-207">
         <name>.debug_line</name>
         <load_address>0x14cd</load_address>
         <run_address>0x14cd</run_address>
         <size>0x67</size>
         <input_file_ref idref="fl-f5"/>
      </object_component>
      <object_component id="oc-217">
         <name>.debug_line</name>
         <load_address>0x1534</load_address>
         <run_address>0x1534</run_address>
         <size>0x51</size>
         <input_file_ref idref="fl-f5"/>
      </object_component>
      <object_component id="oc-21d">
         <name>.debug_line</name>
         <load_address>0x1585</load_address>
         <run_address>0x1585</run_address>
         <size>0x7f</size>
         <input_file_ref idref="fl-f5"/>
      </object_component>
      <object_component id="oc-183">
         <name>.debug_line</name>
         <load_address>0x1604</load_address>
         <run_address>0x1604</run_address>
         <size>0x14b</size>
         <input_file_ref idref="fl-f5"/>
      </object_component>
      <object_component id="oc-224">
         <name>.debug_line</name>
         <load_address>0x174f</load_address>
         <run_address>0x174f</run_address>
         <size>0xec</size>
         <input_file_ref idref="fl-f5"/>
      </object_component>
      <object_component id="oc-22a">
         <name>.debug_line</name>
         <load_address>0x183b</load_address>
         <run_address>0x183b</run_address>
         <size>0x5d</size>
         <input_file_ref idref="fl-f5"/>
      </object_component>
      <object_component id="oc-189">
         <name>.debug_line</name>
         <load_address>0x1898</load_address>
         <run_address>0x1898</run_address>
         <size>0x5c</size>
         <input_file_ref idref="fl-f5"/>
      </object_component>
      <object_component id="oc-18f">
         <name>.debug_line</name>
         <load_address>0x18f4</load_address>
         <run_address>0x18f4</run_address>
         <size>0xae</size>
         <input_file_ref idref="fl-f5"/>
      </object_component>
      <object_component id="oc-23e">
         <name>.debug_line</name>
         <load_address>0x19a2</load_address>
         <run_address>0x19a2</run_address>
         <size>0xb0</size>
         <input_file_ref idref="fl-f5"/>
      </object_component>
      <object_component id="oc-195">
         <name>.debug_line</name>
         <load_address>0x1a52</load_address>
         <run_address>0x1a52</run_address>
         <size>0x1aa</size>
         <input_file_ref idref="fl-f5"/>
      </object_component>
      <object_component id="oc-280">
         <name>.debug_line</name>
         <load_address>0x1bfc</load_address>
         <run_address>0x1bfc</run_address>
         <size>0x71</size>
         <input_file_ref idref="fl-f5"/>
      </object_component>
      <object_component id="oc-24b">
         <name>.debug_line</name>
         <load_address>0x1c6d</load_address>
         <run_address>0x1c6d</run_address>
         <size>0x46</size>
         <input_file_ref idref="fl-f5"/>
      </object_component>
      <object_component id="oc-251">
         <name>.debug_line</name>
         <load_address>0x1cb3</load_address>
         <run_address>0x1cb3</run_address>
         <size>0x3e</size>
         <input_file_ref idref="fl-f5"/>
      </object_component>
      <object_component id="oc-16c">
         <name>.debug_line</name>
         <load_address>0x1cf1</load_address>
         <run_address>0x1cf1</run_address>
         <size>0x46</size>
         <input_file_ref idref="fl-f5"/>
      </object_component>
      <object_component id="oc-19b">
         <name>.debug_line</name>
         <load_address>0x1d37</load_address>
         <run_address>0x1d37</run_address>
         <size>0x58</size>
         <input_file_ref idref="fl-f5"/>
      </object_component>
      <object_component id="oc-fa">
         <name>.debug_line</name>
         <load_address>0x1d8f</load_address>
         <run_address>0x1d8f</run_address>
         <size>0x7df</size>
         <input_file_ref idref="fl-f5"/>
      </object_component>
      <object_component id="oc-79">
         <name>.debug_line</name>
         <load_address>0x256e</load_address>
         <run_address>0x256e</run_address>
         <size>0x59</size>
         <input_file_ref idref="fl-f5"/>
      </object_component>
      <object_component id="oc-85">
         <name>.debug_line</name>
         <load_address>0x25c7</load_address>
         <run_address>0x25c7</run_address>
         <size>0x804</size>
         <input_file_ref idref="fl-f5"/>
      </object_component>
      <object_component id="oc-283">
         <name>.debug_line</name>
         <load_address>0x2dcb</load_address>
         <run_address>0x2dcb</run_address>
         <size>0xb4</size>
         <input_file_ref idref="fl-f5"/>
      </object_component>
      <object_component id="oc-254">
         <name>.debug_line</name>
         <load_address>0x2e7f</load_address>
         <run_address>0x2e7f</run_address>
         <size>0xa7</size>
         <input_file_ref idref="fl-f5"/>
      </object_component>
      <object_component id="oc-260">
         <name>.debug_line</name>
         <load_address>0x2f26</load_address>
         <run_address>0x2f26</run_address>
         <size>0xbc</size>
         <input_file_ref idref="fl-f5"/>
      </object_component>
      <object_component id="oc-25a">
         <name>.debug_line</name>
         <load_address>0x2fe2</load_address>
         <run_address>0x2fe2</run_address>
         <size>0xd5</size>
         <input_file_ref idref="fl-f5"/>
      </object_component>
      <object_component id="oc-271">
         <name>.debug_line</name>
         <load_address>0x30b7</load_address>
         <run_address>0x30b7</run_address>
         <size>0xc1</size>
         <input_file_ref idref="fl-f5"/>
      </object_component>
      <object_component id="oc-277">
         <name>.debug_line</name>
         <load_address>0x3178</load_address>
         <run_address>0x3178</run_address>
         <size>0x11b</size>
         <input_file_ref idref="fl-f5"/>
      </object_component>
      <object_component id="oc-1aa">
         <name>.debug_line</name>
         <load_address>0x3293</load_address>
         <run_address>0x3293</run_address>
         <size>0x60c</size>
         <input_file_ref idref="fl-f5"/>
      </object_component>
      <object_component id="oc-104">
         <name>.debug_line</name>
         <load_address>0x389f</load_address>
         <run_address>0x389f</run_address>
         <size>0x42</size>
         <input_file_ref idref="fl-f5"/>
      </object_component>
      <object_component id="oc-2e">
         <name>.debug_line</name>
         <load_address>0x38e1</load_address>
         <run_address>0x38e1</run_address>
         <size>0x584</size>
         <input_file_ref idref="fl-f5"/>
      </object_component>
      <object_component id="oc-22f">
         <name>.debug_line</name>
         <load_address>0x3e65</load_address>
         <run_address>0x3e65</run_address>
         <size>0x5e</size>
         <input_file_ref idref="fl-f5"/>
      </object_component>
      <object_component id="oc-e3">
         <name>.debug_line</name>
         <load_address>0x3ec3</load_address>
         <run_address>0x3ec3</run_address>
         <size>0x40</size>
         <input_file_ref idref="fl-f5"/>
      </object_component>
      <object_component id="oc-1c">
         <name>.debug_line</name>
         <load_address>0x3f03</load_address>
         <run_address>0x3f03</run_address>
         <size>0x55</size>
         <input_file_ref idref="fl-f5"/>
      </object_component>
      <object_component id="oc-16">
         <name>.debug_line</name>
         <load_address>0x3f58</load_address>
         <run_address>0x3f58</run_address>
         <size>0xa9</size>
         <input_file_ref idref="fl-f5"/>
      </object_component>
      <object_component id="oc-9a">
         <name>.debug_line</name>
         <load_address>0x4001</load_address>
         <run_address>0x4001</run_address>
         <size>0x79</size>
         <input_file_ref idref="fl-f5"/>
      </object_component>
      <object_component id="oc-ac">
         <name>.debug_line</name>
         <load_address>0x407a</load_address>
         <run_address>0x407a</run_address>
         <size>0x2d</size>
         <input_file_ref idref="fl-f5"/>
      </object_component>
      <object_component id="oc-b1">
         <name>.debug_line</name>
         <load_address>0x40a7</load_address>
         <run_address>0x40a7</run_address>
         <size>0x92</size>
         <input_file_ref idref="fl-f5"/>
      </object_component>
      <object_component id="oc-28d">
         <name>.debug_line</name>
         <load_address>0x4139</load_address>
         <run_address>0x4139</run_address>
         <size>0x2c</size>
         <input_file_ref idref="fl-f5"/>
      </object_component>
      <object_component id="oc-3f">
         <name>.debug_line</name>
         <load_address>0x4165</load_address>
         <run_address>0x4165</run_address>
         <size>0x20</size>
         <input_file_ref idref="fl-f5"/>
      </object_component>
      <object_component id="oc-b6">
         <name>.debug_line</name>
         <load_address>0x4185</load_address>
         <run_address>0x4185</run_address>
         <size>0x2e</size>
         <input_file_ref idref="fl-f5"/>
      </object_component>
      <object_component id="oc-11b">
         <name>.debug_line</name>
         <load_address>0x41b3</load_address>
         <run_address>0x41b3</run_address>
         <size>0x7d</size>
         <input_file_ref idref="fl-f5"/>
      </object_component>
      <object_component id="oc-93">
         <name>.debug_line</name>
         <load_address>0x4230</load_address>
         <run_address>0x4230</run_address>
         <size>0x7a</size>
         <input_file_ref idref="fl-f5"/>
      </object_component>
      <object_component id="oc-3a">
         <name>.debug_line</name>
         <load_address>0x42aa</load_address>
         <run_address>0x42aa</run_address>
         <size>0x3a</size>
         <input_file_ref idref="fl-f5"/>
      </object_component>
      <object_component id="oc-116">
         <name>.debug_line</name>
         <load_address>0x42e4</load_address>
         <run_address>0x42e4</run_address>
[...]
               <size>0x4</size>
            </available_space>
            <allocated_space>
               <start_address>0x270</start_address>
               <size>0x4918</size>
               <logical_group_ref idref="lg-4"/>
            </allocated_space>
            <allocated_space>
               <start_address>0x4b88</start_address>
               <size>0x1e0</size>
               <logical_group_ref idref="lg-5"/>
            </allocated_space>
            <allocated_space>
               <start_address>0x4d68</start_address>
               <size>0x28</size>
               <logical_group_ref idref="lg-6"/>
            </allocated_space>
            <available_space>
               <start_address>0x4d90</start_address>
               <size>0x3b270</size>
            </available_space>
         </usage_details>
      </memory_area>
      <memory_area display="yes" color="green">
         <name>SRAM</name>
         <page_id>0x0</page_id>
         <origin>0x20000000</origin>
         <length>0x8000</length>
         <used_space>0x30c</used_space>
         <unused_space>0x7cf4</unused_space>
         <attributes>RWX</attributes>
         <usage_details>
            <allocated_space>
               <start_address>0x20000000</start_address>
               <size>0x0</size>
               <logical_group_ref idref="lg-2ec"/>
            </allocated_space>
            <allocated_space>
               <start_address>0x20000000</start_address>
               <size>0x200</size>
               <logical_group_ref idref="lg-d"/>
            </allocated_space>
            <allocated_space>
               <start_address>0x20000200</start_address>
               <size>0x10c</size>
               <logical_group_ref idref="lg-a"/>
            </allocated_space>
            <available_space>
               <start_address>0x2000030c</start_address>
               <size>0x7cf4</size>
            </available_space>
         </usage_details>
      </memory_area>
   </placement_map>
   <cptbl_list>
      <cptbl>
         <name>__TI_cinit_table</name>
         <cprec>
            <name>.data</name>
            <load_address>0x4d68</load_address>
            <load_size>0x17</load_size>
            <run_address>0x20000200</run_address>
            <run_size>0x10c</run_size>
            <compression>lzss</compression>
         </cprec>
      </cptbl>
   </cptbl_list>
   <handler_table>
      <handler_table_name>__TI_handler_table</handler_table_name>
      <handler>
         <index>0x0</index>
         <name>__TI_decompress_lzss</name>
      </handler>
      <handler>
         <index>0x1</index>
         <name>__TI_decompress_none</name>
      </handler>
   </handler_table>
   <symbol_table>
      <symbol id="sm-1">
         <name>__STACK_TOP</name>
         <value>0x20000200</value>
      </symbol>
      <symbol id="sm-2">
         <name>__start___llvm_prf_cnts</name>
         <value>0x20000000</value>
      </symbol>
      <symbol id="sm-3">
         <name>__stop___llvm_prf_cnts</name>
         <value>0x20000000</value>
      </symbol>
      <symbol id="sm-4">
         <name>__TI_CINIT_Base</name>
         <value>0x4d88</value>
      </symbol>
      <symbol id="sm-5">
         <name>__TI_CINIT_Limit</name>
         <value>0x4d90</value>
      </symbol>
      <symbol id="sm-6">
         <name>__TI_Handler_Table_Base</name>
         <value>0x4d80</value>
      </symbol>
      <symbol id="sm-7">
         <name>__TI_Handler_Table_Limit</name>
         <value>0x4d88</value>
      </symbol>
      <symbol id="sm-8">
         <name>binit</name>
         <value>0xffffffff</value>
      </symbol>
      <symbol id="sm-9">
         <name>__binit__</name>
         <value>0xffffffff</value>
      </symbol>
      <symbol id="sm-a">
         <name>__STACK_SIZE</name>
         <value>0x200</value>
      </symbol>
      <symbol id="sm-b">
         <name>__STACK_END</name>
         <value>0x20000200</value>
      </symbol>
      <symbol id="sm-c">
         <name>__c_args__</name>
         <value>0xffffffff</value>
      </symbol>
      <symbol id="sm-d">
         <name>__TI_pprof_out_hndl</name>
         <value>0xffffffff</value>
      </symbol>
      <symbol id="sm-e">
         <name>__TI_prof_data_start</name>
         <value>0xffffffff</value>
      </symbol>
      <symbol id="sm-f">
         <name>__TI_prof_data_size</name>
         <value>0xffffffff</value>
      </symbol>
      <symbol id="sm-58a">
         <name>copysign</name>
         <value>0x4a9d</value>
         <object_component_ref idref="oc-2c0"/>
      </symbol>
      <symbol id="sm-58b">
         <name>snprintf</name>
         <value>0x48c9</value>
         <object_component_ref idref="oc-78"/>
      </symbol>
      <symbol id="sm-58c">
         <name>partialSets</name>
         <value>0x20000201</value>
         <object_component_ref idref="oc-75"/>
      </symbol>
      <symbol id="sm-58d">
         <name>scalbn</name>
         <value>0x3e61</value>
         <object_component_ref idref="oc-234"/>
      </symbol>
      <symbol id="sm-58e">
         <name>timeConstant</name>
         <value>0x2000020a</value>
         <object_component_ref idref="oc-75"/>
      </symbol>
      <symbol id="sm-58f">
         <name>displayAvgs</name>
         <value>0x271</value>
         <object_component_ref idref="oc-84"/>
      </symbol>
      <symbol id="sm-590">
         <name>strtoull</name>
         <value>0x3839</value>
         <object_component_ref idref="oc-259"/>
      </symbol>
      <symbol id="sm-591">
         <name>strcpy</name>
         <value>0x4b57</value>
         <object_component_ref idref="oc-253"/>
      </symbol>
      <symbol id="sm-592">
         <name>strcspn</name>
         <value>0x4a3d</value>
         <object_component_ref idref="oc-1b8"/>
      </symbol>
      <symbol id="sm-593">
         <name>_ctypes_</name>
         <value>0x4b88</value>
         <object_component_ref idref="oc-1e4"/>
      </symbol>
      <symbol id="sm-594">
         <name>strlen</name>
         <value>0x4b31</value>
         <object_component_ref idref="oc-162"/>
      </symbol>
      <symbol id="sm-595">
         <name>__TI_printfi</name>
         <value>0x18e5</value>
         <object_component_ref idref="oc-f6"/>
      </symbol>
      <symbol id="sm-596">
         <name>atoi</name>
         <value>0x47f1</value>
         <object_component_ref idref="oc-16e"/>
      </symbol>
      <symbol id="sm-597">
         <name>strtoll</name>
         <value>0x32dd</value>
         <object_component_ref idref="oc-276"/>
      </symbol>
      <symbol id="sm-598">
         <name>asciiToUint16</name>
         <value>0x3a1</value>
         <object_component_ref idref="oc-84"/>
      </symbol>
      <symbol id="sm-599">
         <name>strtold</name>
         <value>0x2c15</value>
         <object_component_ref idref="oc-265"/>
      </symbol>
      <symbol id="sm-59a">
         <name>copysignl</name>
         <value>0x4a9d</value>
         <object_component_ref idref="oc-2c0"/>
      </symbol>
      <symbol id="sm-59b">
         <name>mic2Samples</name>
         <value>0x20000268</value>
         <object_component_ref idref="oc-75"/>
      </symbol>
      <symbol id="sm-59c">
         <name>tdoaEnable</name>
         <value>0x20000200</value>
         <object_component_ref idref="oc-75"/>
      </symbol>
      <symbol id="sm-59d">
         <name>strchr</name>
         <value>0x4b1b</value>
         <object_component_ref idref="oc-23a"/>
      </symbol>
      <symbol id="sm-59e">
         <name>aoaValue</name>
         <value>0x20000212</value>
         <object_component_ref idref="oc-75"/>
      </symbol>
      <symbol id="sm-59f">
         <name>processShell</name>
         <value>0x409</value>
         <object_component_ref idref="oc-84"/>
      </symbol>
      <symbol id="sm-5a0">
         <name>wherePeek</name>
         <value>0x20000202</value>
         <object_component_ref idref="oc-75"/>
      </symbol>
      <symbol id="sm-5a1">
         <name>__TI_scanfi</name>
         <value>0xdd1</value>
         <object_component_ref idref="oc-1a9"/>
      </symbol>
      <symbol id="sm-5a2">
         <name>frexpl</name>
         <value>0x4691</value>
         <object_component_ref idref="oc-22e"/>
      </symbol>
      <symbol id="sm-5a3">
         <name>main</name>
         <value>0x2569</value>
         <object_component_ref idref="oc-2d"/>
      </symbol>
      <symbol id="sm-5a4">
         <name>scalbnl</name>
         <value>0x3e61</value>
         <object_component_ref idref="oc-234"/>
      </symbol>
      <symbol id="sm-5a5">
         <name>mic3Samples</name>
         <value>0x20000288</value>
         <object_component_ref idref="oc-75"/>
      </symbol>
      <symbol id="sm-5a6">
         <name>strtoul</name>
         <value>0x3f71</value>
         <object_component_ref idref="oc-25f"/>
      </symbol>
      <symbol id="sm-5a7">
         <name>holdOffFlag</name>
         <value>0x20000204</value>
         <object_component_ref idref="oc-75"/>
      </symbol>
      <symbol id="sm-5a8">
         <name>aoaAdc0InterruptHandler</name>
         <value>0x2789</value>
         <object_component_ref idref="oc-2d"/>
      </symbol>
      <symbol id="sm-5a9">
         <name>backOff</name>
         <value>0x2000020c</value>
         <object_component_ref idref="oc-75"/>
      </symbol>
      <symbol id="sm-5aa">
         <name>sscanf</name>
         <value>0x4a61</value>
         <object_component_ref idref="oc-103"/>
      </symbol>
      <symbol id="sm-5ab">
         <name>strrchr</name>
         <value>0x4b03</value>
         <object_component_ref idref="oc-282"/>
      </symbol>
      <symbol id="sm-5ac">
         <name>hysteresis</name>
         <value>0x20000210</value>
         <object_component_ref idref="oc-75"/>
      </symbol>
      <symbol id="sm-5ad">
         <name>alwaysEventAoa</name>
         <value>0x200002a9</value>
         <object_component_ref idref="oc-109"/>
      </symbol>
      <symbol id="sm-5ae">
         <name>threshold</name>
         <value>0x20000220</value>
         <object_component_ref idref="oc-75"/>
      </symbol>
      <symbol id="sm-5af">
         <name>ldexpl</name>
         <value>0x3e61</value>
         <object_component_ref idref="oc-234"/>
      </symbol>
      <symbol id="sm-5b0">
         <name>strspn</name>
         <value>0x4a13</value>
         <object_component_ref idref="oc-1b2"/>
      </symbol>
      <symbol id="sm-5b1">
         <name>frexp</name>
         <value>0x4691</value>
         <object_component_ref idref="oc-22e"/>
      </symbol>
      <symbol id="sm-5b2">
         <name>peekDetectionOrder</name>
         <value>0x20000230</value>
         <object_component_ref idref="oc-75"/>
      </symbol>
      <symbol id="sm-5b3">
         <name>alwaysEvents</name>
         <value>0xcc9</value>
         <object_component_ref idref="oc-84"/>
      </symbol>
      <symbol id="sm-5b4">
         <name>hysteresisFlag</name>
         <value>0x20000205</value>
         <object_component_ref idref="oc-75"/>
      </symbol>
      <symbol id="sm-5b5">
         <name>holdOff</name>
         <value>0x2000020e</value>
         <object_component_ref idref="oc-75"/>
      </symbol>
      <symbol id="sm-5b6">
         <name>__TI_decompress_lzss</name>
         <value>0x4629</value>
         <object_component_ref idref="oc-15"/>
      </symbol>
      <symbol id="sm-5b7">
         <name>strtod</name>
         <value>0x2c15</value>
         <object_component_ref idref="oc-265"/>
      </symbol>
      <symbol id="sm-5b8">
         <name>strtok</name>
         <value>0x4909</value>
         <object_component_ref idref="oc-10c"/>
      </symbol>
      <symbol id="sm-5b9">
         <name>strtol</name>
         <value>0x3c0d</value>
         <object_component_ref idref="oc-270"/>
      </symbol>
      <symbol id="sm-5ba">
         <name>count</name>
         <value>0x200002a8</value>
         <object_component_ref idref="oc-109"/>
      </symbol>
      <symbol id="sm-5bb">
         <name>ldexp</name>
         <value>0x3e61</value>
         <object_component_ref idref="oc-234"/>
      </symbol>
      <symbol id="sm-5bc">
         <name>strInput</name>
         <value>0x200002b0</value>
         <object_component_ref idref="oc-109"/>
      </symbol>
      <symbol id="sm-5bd">
         <name>audioProcess</name>
         <value>0x2341</value>
         <object_component_ref idref="oc-2d"/>
      </symbol>
      <symbol id="sm-5be">
         <name>mic1Samples</name>
         <value>0x20000248</value>
         <object_component_ref idref="oc-75"/>
      </symbol>
      <symbol id="sm-5bf">
         <name>mic3SamplesAvg</name>
         <value>0x2000021c</value>
         <object_component_ref idref="oc-75"/>
      </symbol>
      <symbol id="sm-5c0">
         <name>token</name>
         <value>0x200002ac</value>
         <object_component_ref idref="oc-109"/>
      </symbol>
      <symbol id="sm-5c1">
         <name>mic2SamplesAvg</name>
         <value>0x20000218</value>
         <object_component_ref idref="oc-75"/>
      </symbol>
      <symbol id="sm-5c2">
         <name>mic1SamplesAvg</name>
         <value>0x20000214</value>
         <object_component_ref idref="oc-75"/>
      </symbol>
      <symbol id="sm-5c3">
         <name>idx</name>
         <value>0x20000208</value>
         <object_component_ref idref="oc-75"/>
      </symbol>
      <symbol id="sm-5c4">
         <name>__TI_ltoa</name>
         <value>0x474b</value>
         <object_component_ref idref="oc-203"/>
      </symbol>
      <symbol id="sm-5c5">
         <name>__TI_decompress_none</name>
         <value>0x4b67</value>
         <object_component_ref idref="oc-1b"/>
      </symbol>
      <symbol id="sm-5c6">
         <name>_system_pre_init</name>
         <value>0x4a7d</value>
         <object_component_ref idref="oc-e2"/>
      </symbol>
      <symbol id="sm-5c7">
         <name>adcTicks</name>
         <value>0x20000224</value>
         <object_component_ref idref="oc-75"/>
      </symbol>
      <symbol id="sm-5f2">
         <name>ResetISR</name>
         <value>0x4ab9</value>
         <object_component_ref idref="oc-27"/>
      </symbol>
      <symbol id="sm-5f3">
         <name>g_pfnVectors</name>
         <value>0x0</value>
         <object_component_ref idref="oc-12"/>
      </symbol>
      <symbol id="sm-601">
         <name>waitMicrosecond</name>
         <value>0x4a81</value>
         <object_component_ref idref="oc-7e"/>
      </symbol>
      <symbol id="sm-61c">
         <name>memcpy</name>
         <value>0x422f</value>
         <object_component_ref idref="oc-41"/>
      </symbol>
      <symbol id="sm-61d">
         <name>__aeabi_memcpy</name>
         <value>0x422f</value>
         <object_component_ref idref="oc-41"/>
      </symbol>
      <symbol id="sm-61e">
         <name>__aeabi_memcpy8</name>
         <value>0x422f</value>
         <object_component_ref idref="oc-41"/>
      </symbol>
      <symbol id="sm-61f">
         <name>__aeabi_memcpy4</name>
         <value>0x422f</value>
         <object_component_ref idref="oc-41"/>
      </symbol>
      <symbol id="sm-62e">
         <name>__aeabi_memset</name>
         <value>0x446f</value>
         <object_component_ref idref="oc-dc"/>
      </symbol>
      <symbol id="sm-62f">
         <name>memset</name>
         <value>0x4475</value>
         <object_component_ref idref="oc-dc"/>
      </symbol>
      <symbol id="sm-630">
         <name>__aeabi_memset8</name>
         <value>0x446f</value>
         <object_component_ref idref="oc-dc"/>
      </symbol>
      <symbol id="sm-631">
         <name>__aeabi_memset4</name>
         <value>0x446f</value>
         <object_component_ref idref="oc-dc"/>
      </symbol>
      <symbol id="sm-632">
         <name>__aeabi_memclr8</name>
         <value>0x446d</value>
         <object_component_ref idref="oc-dc"/>
      </symbol>
      <symbol id="sm-633">
         <name>__aeabi_memclr4</name>
         <value>0x446d</value>
         <object_component_ref idref="oc-dc"/>
      </symbol>
      <symbol id="sm-634">
         <name>__aeabi_memclr</name>
         <value>0x446d</value>
         <object_component_ref idref="oc-dc"/>
      </symbol>
      <symbol id="sm-647">
         <name>__stack</name>
         <value>0x20000000</value>
         <object_component_ref idref="oc-24"/>
      </symbol>
      <symbol id="sm-648">
         <name>_c_int00_noargs</name>
         <value>0x4981</value>
         <object_component_ref idref="oc-5b"/>
      </symbol>
      <symbol id="sm-65f">
         <name>__aeabi_dsub</name>
         <value>0x3681</value>
         <object_component_ref idref="oc-20e"/>
      </symbol>
      <symbol id="sm-660">
         <name>__aeabi_dadd</name>
         <value>0x368b</value>
         <object_component_ref idref="oc-20e"/>
      </symbol>
      <symbol id="sm-682">
         <name>__aeabi_cdcmpeq</name>
         <value>0x4361</value>
         <object_component_ref idref="oc-17a"/>
      </symbol>
      <symbol id="sm-683">
         <name>__aeabi_cdcmple</name>
         <value>0x4361</value>
         <object_component_ref idref="oc-17a"/>
      </symbol>
      <symbol id="sm-684">
         <name>__aeabi_cdrcmple</name>
         <value>0x43e7</value>
         <object_component_ref idref="oc-1f9"/>
      </symbol>
      <symbol id="sm-698">
         <name>__aeabi_ddiv</name>
         <value>0x3ad5</value>
         <object_component_ref idref="oc-1f4"/>
      </symbol>
      <symbol id="sm-6a3">
         <name>__aeabi_dmul</name>
         <value>0x4081</value>
         <object_component_ref idref="oc-1ef"/>
      </symbol>
      <symbol id="sm-6ad">
         <name>__aeabi_d2iz</name>
         <value>0x483d</value>
         <object_component_ref idref="oc-1fe"/>
      </symbol>
      <symbol id="sm-6b9">
         <name>__aeabi_d2f</name>
         <value>0x44e7</value>
         <object_component_ref idref="oc-26b"/>
      </symbol>
      <symbol id="sm-6c3">
         <name>__aeabi_i2d</name>
         <value>0x49e5</value>
         <object_component_ref idref="oc-209"/>
      </symbol>
      <symbol id="sm-6d0">
         <name>__aeabi_uldivmod</name>
         <value>0x42cb</value>
         <object_component_ref idref="oc-1e8"/>
      </symbol>
      <symbol id="sm-6f3">
         <name>__TI_auto_init_nobinit_nopinit</name>
         <value>0x4885</value>
         <object_component_ref idref="oc-130"/>
      </symbol>
      <symbol id="sm-6fe">
         <name>C$$EXIT</name>
         <value>0x4b85</value>
         <object_component_ref idref="oc-124"/>
      </symbol>
      <symbol id="sm-6ff">
         <name>abort</name>
         <value>0x4b85</value>
         <object_component_ref idref="oc-124"/>
      </symbol>
      <symbol id="sm-716">
         <name>__aeabi_errno_addr</name>
         <value>0x4b75</value>
         <object_component_ref idref="oc-19d"/>
      </symbol>
      <symbol id="sm-717">
         <name>errno</name>
         <value>0x20000304</value>
         <object_component_ref idref="oc-242"/>
      </symbol>
      <symbol id="sm-721">
         <name>__aeabi_idiv0</name>
         <value>0x233f</value>
         <object_component_ref idref="oc-2ae"/>
      </symbol>
      <symbol id="sm-722">
         <name>__aeabi_ldiv0</name>
         <value>0x233f</value>
         <object_component_ref idref="oc-2ae"/>
      </symbol>
      <symbol id="sm-72b">
         <name>__aeabi_lmul</name>
         <value>0x4aeb</value>
         <object_component_ref idref="oc-2cf"/>
      </symbol>
      <symbol id="sm-72c">
         <name>__TI_static_base__</name>
         <value>0x0</value>
      </symbol>
      <symbol id="sm-72f">
         <name>__mpu_init</name>
         <value>0x0</value>
      </symbol>
      <symbol id="sm-730">
         <name>_system_post_cinit</name>
         <value>0x0</value>
      </symbol>
   </symbol_table>
   <title>Link successful</title>
</link_info>
